<!doctype html public "-//w3c//dtd html 4.0 transitional//en">
<html><head>
<title>Static Call Graph - [..\OBJ\test.axf]</title></head>
<body><HR>
<H1>Static Call Graph for image ..\OBJ\test.axf</H1><HR>
<BR><P>#&#060CALLGRAPH&#062# ARM Linker, 5060750: Last Updated: Tue Apr 12 15:03:52 2022
<BR><P>
<H3>Maximum Stack Usage =        324 bytes + Unknown(Functions without stacksize, Cycles, Untraceable Function Pointers)</H3><H3>
Call chain for Maximum Stack Depth:</H3>
_printf_f &rArr; _printf_fp_dec &rArr; _printf_fp_dec_real &rArr; _fp_digits &rArr; _btod_etento &rArr; _btod_emul &rArr; _e2e
<P>
<H3>
Functions with no stack information
</H3><UL>
 <LI><a href="#[9b]">__user_initial_stackheap</a>
</UL>
</UL>
<P>
<H3>
Mutually Recursive functions
</H3> <LI><a href="#[20]">ADC1_IRQHandler</a>&nbsp;&nbsp;&nbsp;&rArr;&nbsp;&nbsp;&nbsp;<a href="#[20]">ADC1_IRQHandler</a><BR>
</UL>
<P>
<H3>
Function Pointers
</H3><UL>
 <LI><a href="#[20]">ADC1_IRQHandler</a> from startup_stm32l1xx_md.o(.text) referenced from startup_stm32l1xx_md.o(RESET)
 <LI><a href="#[8]">BusFault_Handler</a> from stm32l1xx_it.o(i.BusFault_Handler) referenced from startup_stm32l1xx_md.o(RESET)
 <LI><a href="#[24]">COMP_IRQHandler</a> from startup_stm32l1xx_md.o(.text) referenced from startup_stm32l1xx_md.o(RESET)
 <LI><a href="#[23]">DAC_IRQHandler</a> from startup_stm32l1xx_md.o(.text) referenced from startup_stm32l1xx_md.o(RESET)
 <LI><a href="#[19]">DMA1_Channel1_IRQHandler</a> from startup_stm32l1xx_md.o(.text) referenced from startup_stm32l1xx_md.o(RESET)
 <LI><a href="#[1a]">DMA1_Channel2_IRQHandler</a> from startup_stm32l1xx_md.o(.text) referenced from startup_stm32l1xx_md.o(RESET)
 <LI><a href="#[1b]">DMA1_Channel3_IRQHandler</a> from startup_stm32l1xx_md.o(.text) referenced from startup_stm32l1xx_md.o(RESET)
 <LI><a href="#[1c]">DMA1_Channel4_IRQHandler</a> from startup_stm32l1xx_md.o(.text) referenced from startup_stm32l1xx_md.o(RESET)
 <LI><a href="#[1d]">DMA1_Channel5_IRQHandler</a> from startup_stm32l1xx_md.o(.text) referenced from startup_stm32l1xx_md.o(RESET)
 <LI><a href="#[1e]">DMA1_Channel6_IRQHandler</a> from startup_stm32l1xx_md.o(.text) referenced from startup_stm32l1xx_md.o(RESET)
 <LI><a href="#[1f]">DMA1_Channel7_IRQHandler</a> from startup_stm32l1xx_md.o(.text) referenced from startup_stm32l1xx_md.o(RESET)
 <LI><a href="#[b]">DebugMon_Handler</a> from stm32l1xx_it.o(i.DebugMon_Handler) referenced from startup_stm32l1xx_md.o(RESET)
 <LI><a href="#[14]">EXTI0_IRQHandler</a> from exti.o(i.EXTI0_IRQHandler) referenced from startup_stm32l1xx_md.o(RESET)
 <LI><a href="#[36]">EXTI15_10_IRQHandler</a> from startup_stm32l1xx_md.o(.text) referenced from startup_stm32l1xx_md.o(RESET)
 <LI><a href="#[15]">EXTI1_IRQHandler</a> from exti.o(i.EXTI1_IRQHandler) referenced from startup_stm32l1xx_md.o(RESET)
 <LI><a href="#[16]">EXTI2_IRQHandler</a> from startup_stm32l1xx_md.o(.text) referenced from startup_stm32l1xx_md.o(RESET)
 <LI><a href="#[17]">EXTI3_IRQHandler</a> from startup_stm32l1xx_md.o(.text) referenced from startup_stm32l1xx_md.o(RESET)
 <LI><a href="#[18]">EXTI4_IRQHandler</a> from startup_stm32l1xx_md.o(.text) referenced from startup_stm32l1xx_md.o(RESET)
 <LI><a href="#[25]">EXTI9_5_IRQHandler</a> from startup_stm32l1xx_md.o(.text) referenced from startup_stm32l1xx_md.o(RESET)
 <LI><a href="#[12]">FLASH_IRQHandler</a> from startup_stm32l1xx_md.o(.text) referenced from startup_stm32l1xx_md.o(RESET)
 <LI><a href="#[6]">HardFault_Handler</a> from stm32l1xx_it.o(i.HardFault_Handler) referenced from startup_stm32l1xx_md.o(RESET)
 <LI><a href="#[2e]">I2C1_ER_IRQHandler</a> from startup_stm32l1xx_md.o(.text) referenced from startup_stm32l1xx_md.o(RESET)
 <LI><a href="#[2d]">I2C1_EV_IRQHandler</a> from startup_stm32l1xx_md.o(.text) referenced from startup_stm32l1xx_md.o(RESET)
 <LI><a href="#[30]">I2C2_ER_IRQHandler</a> from startup_stm32l1xx_md.o(.text) referenced from startup_stm32l1xx_md.o(RESET)
 <LI><a href="#[2f]">I2C2_EV_IRQHandler</a> from startup_stm32l1xx_md.o(.text) referenced from startup_stm32l1xx_md.o(RESET)
 <LI><a href="#[26]">LCD_IRQHandler</a> from startup_stm32l1xx_md.o(.text) referenced from startup_stm32l1xx_md.o(RESET)
 <LI><a href="#[7]">MemManage_Handler</a> from stm32l1xx_it.o(i.MemManage_Handler) referenced from startup_stm32l1xx_md.o(RESET)
 <LI><a href="#[5]">NMI_Handler</a> from stm32l1xx_it.o(i.NMI_Handler) referenced from startup_stm32l1xx_md.o(RESET)
 <LI><a href="#[f]">PVD_IRQHandler</a> from startup_stm32l1xx_md.o(.text) referenced from startup_stm32l1xx_md.o(RESET)
 <LI><a href="#[c]">PendSV_Handler</a> from stm32l1xx_it.o(i.PendSV_Handler) referenced from startup_stm32l1xx_md.o(RESET)
 <LI><a href="#[13]">RCC_IRQHandler</a> from startup_stm32l1xx_md.o(.text) referenced from startup_stm32l1xx_md.o(RESET)
 <LI><a href="#[37]">RTC_Alarm_IRQHandler</a> from startup_stm32l1xx_md.o(.text) referenced from startup_stm32l1xx_md.o(RESET)
 <LI><a href="#[11]">RTC_WKUP_IRQHandler</a> from startup_stm32l1xx_md.o(.text) referenced from startup_stm32l1xx_md.o(RESET)
 <LI><a href="#[4]">Reset_Handler</a> from startup_stm32l1xx_md.o(.text) referenced from startup_stm32l1xx_md.o(RESET)
 <LI><a href="#[31]">SPI1_IRQHandler</a> from startup_stm32l1xx_md.o(.text) referenced from startup_stm32l1xx_md.o(RESET)
 <LI><a href="#[32]">SPI2_IRQHandler</a> from startup_stm32l1xx_md.o(.text) referenced from startup_stm32l1xx_md.o(RESET)
 <LI><a href="#[a]">SVC_Handler</a> from stm32l1xx_it.o(i.SVC_Handler) referenced from startup_stm32l1xx_md.o(RESET)
 <LI><a href="#[d]">SysTick_Handler</a> from stm32l1xx_it.o(i.SysTick_Handler) referenced from startup_stm32l1xx_md.o(RESET)
 <LI><a href="#[3b]">SystemInit</a> from system_stm32l1xx.o(i.SystemInit) referenced from startup_stm32l1xx_md.o(.text)
 <LI><a href="#[10]">TAMPER_STAMP_IRQHandler</a> from startup_stm32l1xx_md.o(.text) referenced from startup_stm32l1xx_md.o(RESET)
 <LI><a href="#[28]">TIM10_IRQHandler</a> from startup_stm32l1xx_md.o(.text) referenced from startup_stm32l1xx_md.o(RESET)
 <LI><a href="#[29]">TIM11_IRQHandler</a> from startup_stm32l1xx_md.o(.text) referenced from startup_stm32l1xx_md.o(RESET)
 <LI><a href="#[2a]">TIM2_IRQHandler</a> from startup_stm32l1xx_md.o(.text) referenced from startup_stm32l1xx_md.o(RESET)
 <LI><a href="#[2b]">TIM3_IRQHandler</a> from startup_stm32l1xx_md.o(.text) referenced from startup_stm32l1xx_md.o(RESET)
 <LI><a href="#[2c]">TIM4_IRQHandler</a> from startup_stm32l1xx_md.o(.text) referenced from startup_stm32l1xx_md.o(RESET)
 <LI><a href="#[39]">TIM6_IRQHandler</a> from startup_stm32l1xx_md.o(.text) referenced from startup_stm32l1xx_md.o(RESET)
 <LI><a href="#[3a]">TIM7_IRQHandler</a> from startup_stm32l1xx_md.o(.text) referenced from startup_stm32l1xx_md.o(RESET)
 <LI><a href="#[27]">TIM9_IRQHandler</a> from startup_stm32l1xx_md.o(.text) referenced from startup_stm32l1xx_md.o(RESET)
 <LI><a href="#[33]">USART1_IRQHandler</a> from usart.o(i.USART1_IRQHandler) referenced from startup_stm32l1xx_md.o(RESET)
 <LI><a href="#[34]">USART2_IRQHandler</a> from usart.o(i.USART2_IRQHandler) referenced from startup_stm32l1xx_md.o(RESET)
 <LI><a href="#[35]">USART3_IRQHandler</a> from startup_stm32l1xx_md.o(.text) referenced from startup_stm32l1xx_md.o(RESET)
 <LI><a href="#[38]">USB_FS_WKUP_IRQHandler</a> from startup_stm32l1xx_md.o(.text) referenced from startup_stm32l1xx_md.o(RESET)
 <LI><a href="#[21]">USB_HP_IRQHandler</a> from startup_stm32l1xx_md.o(.text) referenced from startup_stm32l1xx_md.o(RESET)
 <LI><a href="#[22]">USB_LP_IRQHandler</a> from startup_stm32l1xx_md.o(.text) referenced from startup_stm32l1xx_md.o(RESET)
 <LI><a href="#[9]">UsageFault_Handler</a> from stm32l1xx_it.o(i.UsageFault_Handler) referenced from startup_stm32l1xx_md.o(RESET)
 <LI><a href="#[e]">WWDG_IRQHandler</a> from startup_stm32l1xx_md.o(.text) referenced from startup_stm32l1xx_md.o(RESET)
 <LI><a href="#[41]">__main</a> from __main.o(!!!main) referenced from startup_stm32l1xx_md.o(.text)
 <LI><a href="#[40]">_get_lc_ctype</a> from lc_ctype_c.o(locale$$code) referenced from rt_ctype_table.o(.text)
 <LI><a href="#[3e]">_printf_input_char</a> from _printf_char_common.o(.text) referenced from _printf_char_common.o(.text)
 <LI><a href="#[3d]">_sputc</a> from _sputc.o(.text) referenced from __2sprintf.o(.text)
 <LI><a href="#[3f]">fputc</a> from usart.o(i.fputc) referenced from _printf_char_file.o(.text)
</UL>
<P>
<H3>
Global Symbols
</H3>
<P><STRONG><a name="[41]"></a>__main</STRONG> (Thumb, 8 bytes, Stack size 0 bytes, __main.o(!!!main))
<BR><BR>[Calls]<UL><LI><a href="#[42]">&gt;&gt;</a>&nbsp;&nbsp;&nbsp;__scatterload
<LI><a href="#[43]">&gt;&gt;</a>&nbsp;&nbsp;&nbsp;__rt_entry
</UL>

<P><STRONG><a name="[42]"></a>__scatterload</STRONG> (Thumb, 0 bytes, Stack size unknown bytes, __scatter.o(!!!scatter))
<BR><BR>[Called By]<UL><LI><a href="#[41]">&gt;&gt;</a>&nbsp;&nbsp;&nbsp;__main
</UL>

<P><STRONG><a name="[44]"></a>__scatterload_rt2</STRONG> (Thumb, 44 bytes, Stack size unknown bytes, __scatter.o(!!!scatter), UNUSED)
<BR><BR>[Calls]<UL><LI><a href="#[43]">&gt;&gt;</a>&nbsp;&nbsp;&nbsp;__rt_entry
</UL>

<P><STRONG><a name="[f4]"></a>__scatterload_rt2_thumb_only</STRONG> (Thumb, 0 bytes, Stack size unknown bytes, __scatter.o(!!!scatter), UNUSED)

<P><STRONG><a name="[f5]"></a>__scatterload_null</STRONG> (Thumb, 0 bytes, Stack size unknown bytes, __scatter.o(!!!scatter), UNUSED)

<P><STRONG><a name="[45]"></a>__scatterload_copy</STRONG> (Thumb, 26 bytes, Stack size unknown bytes, __scatter_copy.o(!!handler_copy), UNUSED)
<BR><BR>[Calls]<UL><LI><a href="#[45]">&gt;&gt;</a>&nbsp;&nbsp;&nbsp;__scatterload_copy
</UL>
<BR>[Called By]<UL><LI><a href="#[45]">&gt;&gt;</a>&nbsp;&nbsp;&nbsp;__scatterload_copy
</UL>

<P><STRONG><a name="[f6]"></a>__scatterload_zeroinit</STRONG> (Thumb, 28 bytes, Stack size unknown bytes, __scatter_zi.o(!!handler_zi), UNUSED)

<P><STRONG><a name="[46]"></a>_printf_n</STRONG> (Thumb, 0 bytes, Stack size unknown bytes, _printf_n.o(.ARM.Collect$$_printf_percent$$00000001))
<BR><BR>[Calls]<UL><LI><a href="#[47]">&gt;&gt;</a>&nbsp;&nbsp;&nbsp;_printf_charcount
</UL>

<P><STRONG><a name="[86]"></a>_printf_percent</STRONG> (Thumb, 0 bytes, Stack size unknown bytes, _printf_percent.o(.ARM.Collect$$_printf_percent$$00000000))
<BR><BR>[Called By]<UL><LI><a href="#[84]">&gt;&gt;</a>&nbsp;&nbsp;&nbsp;__printf
</UL>

<P><STRONG><a name="[48]"></a>_printf_p</STRONG> (Thumb, 0 bytes, Stack size unknown bytes, _printf_p.o(.ARM.Collect$$_printf_percent$$00000002))
<BR><BR>[Stack]<UL><LI>Max Depth = 64 + Unknown Stack Size
<LI>Call Chain = _printf_p &rArr; _printf_hex_ptr &rArr; _printf_longlong_hex &rArr; _printf_int_common &rArr; _printf_post_padding
</UL>
<BR>[Calls]<UL><LI><a href="#[49]">&gt;&gt;</a>&nbsp;&nbsp;&nbsp;_printf_hex_ptr
</UL>

<P><STRONG><a name="[4a]"></a>_printf_f</STRONG> (Thumb, 0 bytes, Stack size unknown bytes, _printf_f.o(.ARM.Collect$$_printf_percent$$00000003))
<BR><BR>[Stack]<UL><LI>Max Depth = 324 + Unknown Stack Size
<LI>Call Chain = _printf_f &rArr; _printf_fp_dec &rArr; _printf_fp_dec_real &rArr; _fp_digits &rArr; _btod_etento &rArr; _btod_emul &rArr; _e2e
</UL>
<BR>[Calls]<UL><LI><a href="#[4b]">&gt;&gt;</a>&nbsp;&nbsp;&nbsp;_printf_fp_dec
</UL>

<P><STRONG><a name="[4c]"></a>_printf_e</STRONG> (Thumb, 0 bytes, Stack size unknown bytes, _printf_e.o(.ARM.Collect$$_printf_percent$$00000004))
<BR><BR>[Stack]<UL><LI>Max Depth = 324 + Unknown Stack Size
<LI>Call Chain = _printf_e &rArr; _printf_fp_dec &rArr; _printf_fp_dec_real &rArr; _fp_digits &rArr; _btod_etento &rArr; _btod_emul &rArr; _e2e
</UL>
<BR>[Calls]<UL><LI><a href="#[4b]">&gt;&gt;</a>&nbsp;&nbsp;&nbsp;_printf_fp_dec
</UL>

<P><STRONG><a name="[4d]"></a>_printf_g</STRONG> (Thumb, 0 bytes, Stack size unknown bytes, _printf_g.o(.ARM.Collect$$_printf_percent$$00000005))
<BR><BR>[Stack]<UL><LI>Max Depth = 324 + Unknown Stack Size
<LI>Call Chain = _printf_g &rArr; _printf_fp_dec &rArr; _printf_fp_dec_real &rArr; _fp_digits &rArr; _btod_etento &rArr; _btod_emul &rArr; _e2e
</UL>
<BR>[Calls]<UL><LI><a href="#[4b]">&gt;&gt;</a>&nbsp;&nbsp;&nbsp;_printf_fp_dec
</UL>

<P><STRONG><a name="[4e]"></a>_printf_a</STRONG> (Thumb, 0 bytes, Stack size unknown bytes, _printf_a.o(.ARM.Collect$$_printf_percent$$00000006))
<BR><BR>[Stack]<UL><LI>Max Depth = 112 + Unknown Stack Size
<LI>Call Chain = _printf_a &rArr; _printf_fp_hex &rArr; _printf_fp_hex_real &rArr; _printf_fp_infnan &rArr; _printf_post_padding
</UL>
<BR>[Calls]<UL><LI><a href="#[4f]">&gt;&gt;</a>&nbsp;&nbsp;&nbsp;_printf_fp_hex
</UL>

<P><STRONG><a name="[f7]"></a>_printf_ll</STRONG> (Thumb, 0 bytes, Stack size unknown bytes, _printf_ll.o(.ARM.Collect$$_printf_percent$$00000007))

<P><STRONG><a name="[50]"></a>_printf_i</STRONG> (Thumb, 0 bytes, Stack size unknown bytes, _printf_i.o(.ARM.Collect$$_printf_percent$$00000008))
<BR><BR>[Stack]<UL><LI>Max Depth = 72 + Unknown Stack Size
<LI>Call Chain = _printf_i &rArr; _printf_int_dec &rArr; _printf_int_common &rArr; _printf_post_padding
</UL>
<BR>[Calls]<UL><LI><a href="#[51]">&gt;&gt;</a>&nbsp;&nbsp;&nbsp;_printf_int_dec
</UL>

<P><STRONG><a name="[52]"></a>_printf_d</STRONG> (Thumb, 0 bytes, Stack size unknown bytes, _printf_d.o(.ARM.Collect$$_printf_percent$$00000009))
<BR><BR>[Stack]<UL><LI>Max Depth = 72 + Unknown Stack Size
<LI>Call Chain = _printf_d &rArr; _printf_int_dec &rArr; _printf_int_common &rArr; _printf_post_padding
</UL>
<BR>[Calls]<UL><LI><a href="#[51]">&gt;&gt;</a>&nbsp;&nbsp;&nbsp;_printf_int_dec
</UL>

<P><STRONG><a name="[53]"></a>_printf_u</STRONG> (Thumb, 0 bytes, Stack size unknown bytes, _printf_u.o(.ARM.Collect$$_printf_percent$$0000000A))
<BR><BR>[Stack]<UL><LI>Max Depth = 72 + Unknown Stack Size
<LI>Call Chain = _printf_u &rArr; _printf_int_dec &rArr; _printf_int_common &rArr; _printf_post_padding
</UL>
<BR>[Calls]<UL><LI><a href="#[51]">&gt;&gt;</a>&nbsp;&nbsp;&nbsp;_printf_int_dec
</UL>

<P><STRONG><a name="[54]"></a>_printf_o</STRONG> (Thumb, 0 bytes, Stack size unknown bytes, _printf_o.o(.ARM.Collect$$_printf_percent$$0000000B))
<BR><BR>[Stack]<UL><LI>Max Depth = 64 + Unknown Stack Size
<LI>Call Chain = _printf_o &rArr; _printf_int_oct &rArr; _printf_longlong_oct &rArr; _printf_int_common &rArr; _printf_post_padding
</UL>
<BR>[Calls]<UL><LI><a href="#[55]">&gt;&gt;</a>&nbsp;&nbsp;&nbsp;_printf_int_oct
</UL>

<P><STRONG><a name="[56]"></a>_printf_x</STRONG> (Thumb, 0 bytes, Stack size unknown bytes, _printf_x.o(.ARM.Collect$$_printf_percent$$0000000C))
<BR><BR>[Stack]<UL><LI>Max Depth = 80 + Unknown Stack Size
<LI>Call Chain = _printf_x &rArr; _printf_int_hex &rArr; _printf_longlong_hex &rArr; _printf_int_common &rArr; _printf_post_padding
</UL>
<BR>[Calls]<UL><LI><a href="#[57]">&gt;&gt;</a>&nbsp;&nbsp;&nbsp;_printf_int_hex
</UL>

<P><STRONG><a name="[58]"></a>_printf_lli</STRONG> (Thumb, 0 bytes, Stack size unknown bytes, _printf_lli.o(.ARM.Collect$$_printf_percent$$0000000D))
<BR><BR>[Stack]<UL><LI>Max Depth = 72 + Unknown Stack Size
<LI>Call Chain = _printf_lli &rArr; _printf_longlong_dec &rArr; _printf_int_common &rArr; _printf_post_padding
</UL>
<BR>[Calls]<UL><LI><a href="#[59]">&gt;&gt;</a>&nbsp;&nbsp;&nbsp;_printf_longlong_dec
</UL>

<P><STRONG><a name="[5a]"></a>_printf_lld</STRONG> (Thumb, 0 bytes, Stack size unknown bytes, _printf_lld.o(.ARM.Collect$$_printf_percent$$0000000E))
<BR><BR>[Stack]<UL><LI>Max Depth = 72 + Unknown Stack Size
<LI>Call Chain = _printf_lld &rArr; _printf_longlong_dec &rArr; _printf_int_common &rArr; _printf_post_padding
</UL>
<BR>[Calls]<UL><LI><a href="#[59]">&gt;&gt;</a>&nbsp;&nbsp;&nbsp;_printf_longlong_dec
</UL>

<P><STRONG><a name="[5b]"></a>_printf_llu</STRONG> (Thumb, 0 bytes, Stack size unknown bytes, _printf_llu.o(.ARM.Collect$$_printf_percent$$0000000F))
<BR><BR>[Stack]<UL><LI>Max Depth = 72 + Unknown Stack Size
<LI>Call Chain = _printf_llu &rArr; _printf_longlong_dec &rArr; _printf_int_common &rArr; _printf_post_padding
</UL>
<BR>[Calls]<UL><LI><a href="#[59]">&gt;&gt;</a>&nbsp;&nbsp;&nbsp;_printf_longlong_dec
</UL>

<P><STRONG><a name="[5c]"></a>_printf_llo</STRONG> (Thumb, 0 bytes, Stack size unknown bytes, _printf_llo.o(.ARM.Collect$$_printf_percent$$00000010))
<BR><BR>[Stack]<UL><LI>Max Depth = 56 + Unknown Stack Size
<LI>Call Chain = _printf_llo &rArr; _printf_ll_oct &rArr; _printf_longlong_oct &rArr; _printf_int_common &rArr; _printf_post_padding
</UL>
<BR>[Calls]<UL><LI><a href="#[5d]">&gt;&gt;</a>&nbsp;&nbsp;&nbsp;_printf_ll_oct
</UL>

<P><STRONG><a name="[5e]"></a>_printf_llx</STRONG> (Thumb, 0 bytes, Stack size unknown bytes, _printf_llx.o(.ARM.Collect$$_printf_percent$$00000011))
<BR><BR>[Stack]<UL><LI>Max Depth = 64 + Unknown Stack Size
<LI>Call Chain = _printf_llx &rArr; _printf_ll_hex &rArr; _printf_longlong_hex &rArr; _printf_int_common &rArr; _printf_post_padding
</UL>
<BR>[Calls]<UL><LI><a href="#[5f]">&gt;&gt;</a>&nbsp;&nbsp;&nbsp;_printf_ll_hex
</UL>

<P><STRONG><a name="[f8]"></a>_printf_l</STRONG> (Thumb, 0 bytes, Stack size unknown bytes, _printf_l.o(.ARM.Collect$$_printf_percent$$00000012))

<P><STRONG><a name="[60]"></a>_printf_c</STRONG> (Thumb, 0 bytes, Stack size unknown bytes, _printf_c.o(.ARM.Collect$$_printf_percent$$00000013))
<BR><BR>[Stack]<UL><LI>Max Depth = 40 + Unknown Stack Size
<LI>Call Chain = _printf_c &rArr; _printf_char &rArr; _printf_cs_common &rArr; _printf_str &rArr; _printf_post_padding
</UL>
<BR>[Calls]<UL><LI><a href="#[61]">&gt;&gt;</a>&nbsp;&nbsp;&nbsp;_printf_char
</UL>

<P><STRONG><a name="[62]"></a>_printf_s</STRONG> (Thumb, 0 bytes, Stack size unknown bytes, _printf_s.o(.ARM.Collect$$_printf_percent$$00000014))
<BR><BR>[Stack]<UL><LI>Max Depth = 40 + Unknown Stack Size
<LI>Call Chain = _printf_s &rArr; _printf_string &rArr; _printf_cs_common &rArr; _printf_str &rArr; _printf_post_padding
</UL>
<BR>[Calls]<UL><LI><a href="#[63]">&gt;&gt;</a>&nbsp;&nbsp;&nbsp;_printf_string
</UL>

<P><STRONG><a name="[64]"></a>_printf_lc</STRONG> (Thumb, 0 bytes, Stack size unknown bytes, _printf_lc.o(.ARM.Collect$$_printf_percent$$00000015))
<BR><BR>[Stack]<UL><LI>Max Depth = 88 + Unknown Stack Size
<LI>Call Chain = _printf_lc &rArr; _printf_wchar &rArr; _printf_lcs_common &rArr; _printf_wctomb &rArr; _wcrtomb &rArr; __rt_ctype_table
</UL>
<BR>[Calls]<UL><LI><a href="#[65]">&gt;&gt;</a>&nbsp;&nbsp;&nbsp;_printf_wchar
</UL>

<P><STRONG><a name="[66]"></a>_printf_ls</STRONG> (Thumb, 0 bytes, Stack size unknown bytes, _printf_ls.o(.ARM.Collect$$_printf_percent$$00000016))
<BR><BR>[Stack]<UL><LI>Max Depth = 88 + Unknown Stack Size
<LI>Call Chain = _printf_ls &rArr; _printf_wstring &rArr; _printf_lcs_common &rArr; _printf_wctomb &rArr; _wcrtomb &rArr; __rt_ctype_table
</UL>
<BR>[Calls]<UL><LI><a href="#[67]">&gt;&gt;</a>&nbsp;&nbsp;&nbsp;_printf_wstring
</UL>

<P><STRONG><a name="[f9]"></a>_printf_percent_end</STRONG> (Thumb, 0 bytes, Stack size unknown bytes, _printf_percent_end.o(.ARM.Collect$$_printf_percent$$00000017))

<P><STRONG><a name="[70]"></a>__rt_lib_init</STRONG> (Thumb, 0 bytes, Stack size unknown bytes, libinit.o(.ARM.Collect$$libinit$$00000000))
<BR><BR>[Called By]<UL><LI><a href="#[6f]">&gt;&gt;</a>&nbsp;&nbsp;&nbsp;__rt_entry_li
</UL>

<P><STRONG><a name="[fa]"></a>__rt_lib_init_fp_1</STRONG> (Thumb, 0 bytes, Stack size unknown bytes, libinit2.o(.ARM.Collect$$libinit$$00000002))

<P><STRONG><a name="[fb]"></a>__rt_lib_init_heap_1</STRONG> (Thumb, 0 bytes, Stack size unknown bytes, libinit2.o(.ARM.Collect$$libinit$$0000000A))

<P><STRONG><a name="[68]"></a>__rt_lib_init_lc_common</STRONG> (Thumb, 0 bytes, Stack size unknown bytes, libinit2.o(.ARM.Collect$$libinit$$0000000F))
<BR><BR>[Calls]<UL><LI><a href="#[69]">&gt;&gt;</a>&nbsp;&nbsp;&nbsp;__rt_locale
</UL>

<P><STRONG><a name="[fc]"></a>__rt_lib_init_preinit_1</STRONG> (Thumb, 0 bytes, Stack size unknown bytes, libinit2.o(.ARM.Collect$$libinit$$00000004))

<P><STRONG><a name="[fd]"></a>__rt_lib_init_rand_1</STRONG> (Thumb, 0 bytes, Stack size unknown bytes, libinit2.o(.ARM.Collect$$libinit$$0000000E))

<P><STRONG><a name="[fe]"></a>__rt_lib_init_user_alloc_1</STRONG> (Thumb, 0 bytes, Stack size unknown bytes, libinit2.o(.ARM.Collect$$libinit$$0000000C))

<P><STRONG><a name="[ff]"></a>__rt_lib_init_lc_collate_1</STRONG> (Thumb, 0 bytes, Stack size unknown bytes, libinit2.o(.ARM.Collect$$libinit$$00000011))

<P><STRONG><a name="[6a]"></a>__rt_lib_init_lc_ctype_2</STRONG> (Thumb, 0 bytes, Stack size unknown bytes, libinit2.o(.ARM.Collect$$libinit$$00000012))
<BR><BR>[Stack]<UL><LI>Max Depth = 8 + Unknown Stack Size
<LI>Call Chain = __rt_lib_init_lc_ctype_2 &rArr; _get_lc_ctype
</UL>
<BR>[Calls]<UL><LI><a href="#[40]">&gt;&gt;</a>&nbsp;&nbsp;&nbsp;_get_lc_ctype
</UL>

<P><STRONG><a name="[100]"></a>__rt_lib_init_lc_ctype_1</STRONG> (Thumb, 0 bytes, Stack size unknown bytes, libinit2.o(.ARM.Collect$$libinit$$00000013))

<P><STRONG><a name="[101]"></a>__rt_lib_init_lc_monetary_1</STRONG> (Thumb, 0 bytes, Stack size unknown bytes, libinit2.o(.ARM.Collect$$libinit$$00000015))

<P><STRONG><a name="[6b]"></a>__rt_lib_init_lc_numeric_2</STRONG> (Thumb, 0 bytes, Stack size unknown bytes, libinit2.o(.ARM.Collect$$libinit$$00000016))
<BR><BR>[Stack]<UL><LI>Max Depth = 8 + Unknown Stack Size
<LI>Call Chain = __rt_lib_init_lc_numeric_2 &rArr; _get_lc_numeric
</UL>
<BR>[Calls]<UL><LI><a href="#[6c]">&gt;&gt;</a>&nbsp;&nbsp;&nbsp;_get_lc_numeric
</UL>

<P><STRONG><a name="[102]"></a>__rt_lib_init_alloca_1</STRONG> (Thumb, 0 bytes, Stack size unknown bytes, libinit2.o(.ARM.Collect$$libinit$$0000002E))

<P><STRONG><a name="[103]"></a>__rt_lib_init_argv_1</STRONG> (Thumb, 0 bytes, Stack size unknown bytes, libinit2.o(.ARM.Collect$$libinit$$0000002C))

<P><STRONG><a name="[104]"></a>__rt_lib_init_atexit_1</STRONG> (Thumb, 0 bytes, Stack size unknown bytes, libinit2.o(.ARM.Collect$$libinit$$0000001B))

<P><STRONG><a name="[105]"></a>__rt_lib_init_clock_1</STRONG> (Thumb, 0 bytes, Stack size unknown bytes, libinit2.o(.ARM.Collect$$libinit$$00000021))

<P><STRONG><a name="[106]"></a>__rt_lib_init_cpp_1</STRONG> (Thumb, 0 bytes, Stack size unknown bytes, libinit2.o(.ARM.Collect$$libinit$$00000032))

<P><STRONG><a name="[107]"></a>__rt_lib_init_exceptions_1</STRONG> (Thumb, 0 bytes, Stack size unknown bytes, libinit2.o(.ARM.Collect$$libinit$$00000030))

<P><STRONG><a name="[108]"></a>__rt_lib_init_fp_trap_1</STRONG> (Thumb, 0 bytes, Stack size unknown bytes, libinit2.o(.ARM.Collect$$libinit$$0000001F))

<P><STRONG><a name="[109]"></a>__rt_lib_init_getenv_1</STRONG> (Thumb, 0 bytes, Stack size unknown bytes, libinit2.o(.ARM.Collect$$libinit$$00000023))

<P><STRONG><a name="[10a]"></a>__rt_lib_init_lc_numeric_1</STRONG> (Thumb, 0 bytes, Stack size unknown bytes, libinit2.o(.ARM.Collect$$libinit$$00000017))

<P><STRONG><a name="[10b]"></a>__rt_lib_init_lc_time_1</STRONG> (Thumb, 0 bytes, Stack size unknown bytes, libinit2.o(.ARM.Collect$$libinit$$00000019))

<P><STRONG><a name="[10c]"></a>__rt_lib_init_return</STRONG> (Thumb, 0 bytes, Stack size unknown bytes, libinit2.o(.ARM.Collect$$libinit$$00000033))

<P><STRONG><a name="[10d]"></a>__rt_lib_init_signal_1</STRONG> (Thumb, 0 bytes, Stack size unknown bytes, libinit2.o(.ARM.Collect$$libinit$$0000001D))

<P><STRONG><a name="[10e]"></a>__rt_lib_init_stdio_1</STRONG> (Thumb, 0 bytes, Stack size unknown bytes, libinit2.o(.ARM.Collect$$libinit$$00000025))

<P><STRONG><a name="[75]"></a>__rt_lib_shutdown</STRONG> (Thumb, 0 bytes, Stack size unknown bytes, libshutdown.o(.ARM.Collect$$libshutdown$$00000000))
<BR><BR>[Called By]<UL><LI><a href="#[74]">&gt;&gt;</a>&nbsp;&nbsp;&nbsp;__rt_exit_ls
</UL>

<P><STRONG><a name="[10f]"></a>__rt_lib_shutdown_cpp_1</STRONG> (Thumb, 0 bytes, Stack size unknown bytes, libshutdown2.o(.ARM.Collect$$libshutdown$$00000002))

<P><STRONG><a name="[110]"></a>__rt_lib_shutdown_fp_trap_1</STRONG> (Thumb, 0 bytes, Stack size unknown bytes, libshutdown2.o(.ARM.Collect$$libshutdown$$00000007))

<P><STRONG><a name="[111]"></a>__rt_lib_shutdown_heap_1</STRONG> (Thumb, 0 bytes, Stack size unknown bytes, libshutdown2.o(.ARM.Collect$$libshutdown$$0000000F))

<P><STRONG><a name="[112]"></a>__rt_lib_shutdown_return</STRONG> (Thumb, 0 bytes, Stack size unknown bytes, libshutdown2.o(.ARM.Collect$$libshutdown$$00000010))

<P><STRONG><a name="[113]"></a>__rt_lib_shutdown_signal_1</STRONG> (Thumb, 0 bytes, Stack size unknown bytes, libshutdown2.o(.ARM.Collect$$libshutdown$$0000000A))

<P><STRONG><a name="[114]"></a>__rt_lib_shutdown_stdio_1</STRONG> (Thumb, 0 bytes, Stack size unknown bytes, libshutdown2.o(.ARM.Collect$$libshutdown$$00000004))

<P><STRONG><a name="[115]"></a>__rt_lib_shutdown_user_alloc_1</STRONG> (Thumb, 0 bytes, Stack size unknown bytes, libshutdown2.o(.ARM.Collect$$libshutdown$$0000000C))

<P><STRONG><a name="[43]"></a>__rt_entry</STRONG> (Thumb, 0 bytes, Stack size unknown bytes, __rtentry.o(.ARM.Collect$$rtentry$$00000000))
<BR><BR>[Called By]<UL><LI><a href="#[41]">&gt;&gt;</a>&nbsp;&nbsp;&nbsp;__main
<LI><a href="#[44]">&gt;&gt;</a>&nbsp;&nbsp;&nbsp;__scatterload_rt2
</UL>

<P><STRONG><a name="[116]"></a>__rt_entry_presh_1</STRONG> (Thumb, 0 bytes, Stack size unknown bytes, __rtentry2.o(.ARM.Collect$$rtentry$$00000002))

<P><STRONG><a name="[6d]"></a>__rt_entry_sh</STRONG> (Thumb, 0 bytes, Stack size unknown bytes, __rtentry4.o(.ARM.Collect$$rtentry$$00000004))
<BR><BR>[Stack]<UL><LI>Max Depth = 8 + Unknown Stack Size
<LI>Call Chain = __rt_entry_sh &rArr; __user_setup_stackheap
</UL>
<BR>[Calls]<UL><LI><a href="#[6e]">&gt;&gt;</a>&nbsp;&nbsp;&nbsp;__user_setup_stackheap
</UL>

<P><STRONG><a name="[6f]"></a>__rt_entry_li</STRONG> (Thumb, 0 bytes, Stack size unknown bytes, __rtentry2.o(.ARM.Collect$$rtentry$$0000000A))
<BR><BR>[Calls]<UL><LI><a href="#[70]">&gt;&gt;</a>&nbsp;&nbsp;&nbsp;__rt_lib_init
</UL>

<P><STRONG><a name="[117]"></a>__rt_entry_postsh_1</STRONG> (Thumb, 0 bytes, Stack size unknown bytes, __rtentry2.o(.ARM.Collect$$rtentry$$00000009))

<P><STRONG><a name="[71]"></a>__rt_entry_main</STRONG> (Thumb, 0 bytes, Stack size unknown bytes, __rtentry2.o(.ARM.Collect$$rtentry$$0000000D))
<BR><BR>[Stack]<UL><LI>Max Depth = 232 + Unknown Stack Size
<LI>Call Chain = __rt_entry_main &rArr; main &rArr; type_A_request &rArr; pcd_command &rArr; __2printf &rArr; _printf_char_file &rArr; _printf_char_common &rArr; __printf
</UL>
<BR>[Calls]<UL><LI><a href="#[72]">&gt;&gt;</a>&nbsp;&nbsp;&nbsp;main
<LI><a href="#[73]">&gt;&gt;</a>&nbsp;&nbsp;&nbsp;exit
</UL>

<P><STRONG><a name="[118]"></a>__rt_entry_postli_1</STRONG> (Thumb, 0 bytes, Stack size unknown bytes, __rtentry2.o(.ARM.Collect$$rtentry$$0000000C))

<P><STRONG><a name="[9c]"></a>__rt_exit</STRONG> (Thumb, 0 bytes, Stack size unknown bytes, rtexit.o(.ARM.Collect$$rtexit$$00000000))
<BR><BR>[Called By]<UL><LI><a href="#[73]">&gt;&gt;</a>&nbsp;&nbsp;&nbsp;exit
</UL>

<P><STRONG><a name="[74]"></a>__rt_exit_ls</STRONG> (Thumb, 0 bytes, Stack size unknown bytes, rtexit2.o(.ARM.Collect$$rtexit$$00000003))
<BR><BR>[Calls]<UL><LI><a href="#[75]">&gt;&gt;</a>&nbsp;&nbsp;&nbsp;__rt_lib_shutdown
</UL>

<P><STRONG><a name="[119]"></a>__rt_exit_prels_1</STRONG> (Thumb, 0 bytes, Stack size unknown bytes, rtexit2.o(.ARM.Collect$$rtexit$$00000002))

<P><STRONG><a name="[76]"></a>__rt_exit_exit</STRONG> (Thumb, 0 bytes, Stack size unknown bytes, rtexit2.o(.ARM.Collect$$rtexit$$00000004))
<BR><BR>[Calls]<UL><LI><a href="#[77]">&gt;&gt;</a>&nbsp;&nbsp;&nbsp;_sys_exit
</UL>

<P><STRONG><a name="[4]"></a>Reset_Handler</STRONG> (Thumb, 8 bytes, Stack size 0 bytes, startup_stm32l1xx_md.o(.text))
<BR>[Address Reference Count : 1]<UL><LI> startup_stm32l1xx_md.o(RESET)
</UL>
<P><STRONG><a name="[20]"></a>ADC1_IRQHandler</STRONG> (Thumb, 0 bytes, Stack size 0 bytes, startup_stm32l1xx_md.o(.text))
<BR><BR>[Calls]<UL><LI><a href="#[20]">&gt;&gt;</a>&nbsp;&nbsp;&nbsp;ADC1_IRQHandler
</UL>
<BR>[Called By]<UL><LI><a href="#[20]">&gt;&gt;</a>&nbsp;&nbsp;&nbsp;ADC1_IRQHandler
</UL>
<BR>[Address Reference Count : 1]<UL><LI> startup_stm32l1xx_md.o(RESET)
</UL>
<P><STRONG><a name="[24]"></a>COMP_IRQHandler</STRONG> (Thumb, 0 bytes, Stack size 0 bytes, startup_stm32l1xx_md.o(.text))
<BR>[Address Reference Count : 1]<UL><LI> startup_stm32l1xx_md.o(RESET)
</UL>
<P><STRONG><a name="[23]"></a>DAC_IRQHandler</STRONG> (Thumb, 0 bytes, Stack size 0 bytes, startup_stm32l1xx_md.o(.text))
<BR>[Address Reference Count : 1]<UL><LI> startup_stm32l1xx_md.o(RESET)
</UL>
<P><STRONG><a name="[19]"></a>DMA1_Channel1_IRQHandler</STRONG> (Thumb, 0 bytes, Stack size 0 bytes, startup_stm32l1xx_md.o(.text))
<BR>[Address Reference Count : 1]<UL><LI> startup_stm32l1xx_md.o(RESET)
</UL>
<P><STRONG><a name="[1a]"></a>DMA1_Channel2_IRQHandler</STRONG> (Thumb, 0 bytes, Stack size 0 bytes, startup_stm32l1xx_md.o(.text))
<BR>[Address Reference Count : 1]<UL><LI> startup_stm32l1xx_md.o(RESET)
</UL>
<P><STRONG><a name="[1b]"></a>DMA1_Channel3_IRQHandler</STRONG> (Thumb, 0 bytes, Stack size 0 bytes, startup_stm32l1xx_md.o(.text))
<BR>[Address Reference Count : 1]<UL><LI> startup_stm32l1xx_md.o(RESET)
</UL>
<P><STRONG><a name="[1c]"></a>DMA1_Channel4_IRQHandler</STRONG> (Thumb, 0 bytes, Stack size 0 bytes, startup_stm32l1xx_md.o(.text))
<BR>[Address Reference Count : 1]<UL><LI> startup_stm32l1xx_md.o(RESET)
</UL>
<P><STRONG><a name="[1d]"></a>DMA1_Channel5_IRQHandler</STRONG> (Thumb, 0 bytes, Stack size 0 bytes, startup_stm32l1xx_md.o(.text))
<BR>[Address Reference Count : 1]<UL><LI> startup_stm32l1xx_md.o(RESET)
</UL>
<P><STRONG><a name="[1e]"></a>DMA1_Channel6_IRQHandler</STRONG> (Thumb, 0 bytes, Stack size 0 bytes, startup_stm32l1xx_md.o(.text))
<BR>[Address Reference Count : 1]<UL><LI> startup_stm32l1xx_md.o(RESET)
</UL>
<P><STRONG><a name="[1f]"></a>DMA1_Channel7_IRQHandler</STRONG> (Thumb, 0 bytes, Stack size 0 bytes, startup_stm32l1xx_md.o(.text))
<BR>[Address Reference Count : 1]<UL><LI> startup_stm32l1xx_md.o(RESET)
</UL>
<P><STRONG><a name="[36]"></a>EXTI15_10_IRQHandler</STRONG> (Thumb, 0 bytes, Stack size 0 bytes, startup_stm32l1xx_md.o(.text))
<BR>[Address Reference Count : 1]<UL><LI> startup_stm32l1xx_md.o(RESET)
</UL>
<P><STRONG><a name="[16]"></a>EXTI2_IRQHandler</STRONG> (Thumb, 0 bytes, Stack size 0 bytes, startup_stm32l1xx_md.o(.text))
<BR>[Address Reference Count : 1]<UL><LI> startup_stm32l1xx_md.o(RESET)
</UL>
<P><STRONG><a name="[17]"></a>EXTI3_IRQHandler</STRONG> (Thumb, 0 bytes, Stack size 0 bytes, startup_stm32l1xx_md.o(.text))
<BR>[Address Reference Count : 1]<UL><LI> startup_stm32l1xx_md.o(RESET)
</UL>
<P><STRONG><a name="[18]"></a>EXTI4_IRQHandler</STRONG> (Thumb, 0 bytes, Stack size 0 bytes, startup_stm32l1xx_md.o(.text))
<BR>[Address Reference Count : 1]<UL><LI> startup_stm32l1xx_md.o(RESET)
</UL>
<P><STRONG><a name="[25]"></a>EXTI9_5_IRQHandler</STRONG> (Thumb, 0 bytes, Stack size 0 bytes, startup_stm32l1xx_md.o(.text))
<BR>[Address Reference Count : 1]<UL><LI> startup_stm32l1xx_md.o(RESET)
</UL>
<P><STRONG><a name="[12]"></a>FLASH_IRQHandler</STRONG> (Thumb, 0 bytes, Stack size 0 bytes, startup_stm32l1xx_md.o(.text))
<BR>[Address Reference Count : 1]<UL><LI> startup_stm32l1xx_md.o(RESET)
</UL>
<P><STRONG><a name="[2e]"></a>I2C1_ER_IRQHandler</STRONG> (Thumb, 0 bytes, Stack size 0 bytes, startup_stm32l1xx_md.o(.text))
<BR>[Address Reference Count : 1]<UL><LI> startup_stm32l1xx_md.o(RESET)
</UL>
<P><STRONG><a name="[2d]"></a>I2C1_EV_IRQHandler</STRONG> (Thumb, 0 bytes, Stack size 0 bytes, startup_stm32l1xx_md.o(.text))
<BR>[Address Reference Count : 1]<UL><LI> startup_stm32l1xx_md.o(RESET)
</UL>
<P><STRONG><a name="[30]"></a>I2C2_ER_IRQHandler</STRONG> (Thumb, 0 bytes, Stack size 0 bytes, startup_stm32l1xx_md.o(.text))
<BR>[Address Reference Count : 1]<UL><LI> startup_stm32l1xx_md.o(RESET)
</UL>
<P><STRONG><a name="[2f]"></a>I2C2_EV_IRQHandler</STRONG> (Thumb, 0 bytes, Stack size 0 bytes, startup_stm32l1xx_md.o(.text))
<BR>[Address Reference Count : 1]<UL><LI> startup_stm32l1xx_md.o(RESET)
</UL>
<P><STRONG><a name="[26]"></a>LCD_IRQHandler</STRONG> (Thumb, 0 bytes, Stack size 0 bytes, startup_stm32l1xx_md.o(.text))
<BR>[Address Reference Count : 1]<UL><LI> startup_stm32l1xx_md.o(RESET)
</UL>
<P><STRONG><a name="[f]"></a>PVD_IRQHandler</STRONG> (Thumb, 0 bytes, Stack size 0 bytes, startup_stm32l1xx_md.o(.text))
<BR>[Address Reference Count : 1]<UL><LI> startup_stm32l1xx_md.o(RESET)
</UL>
<P><STRONG><a name="[13]"></a>RCC_IRQHandler</STRONG> (Thumb, 0 bytes, Stack size 0 bytes, startup_stm32l1xx_md.o(.text))
<BR>[Address Reference Count : 1]<UL><LI> startup_stm32l1xx_md.o(RESET)
</UL>
<P><STRONG><a name="[37]"></a>RTC_Alarm_IRQHandler</STRONG> (Thumb, 0 bytes, Stack size 0 bytes, startup_stm32l1xx_md.o(.text))
<BR>[Address Reference Count : 1]<UL><LI> startup_stm32l1xx_md.o(RESET)
</UL>
<P><STRONG><a name="[11]"></a>RTC_WKUP_IRQHandler</STRONG> (Thumb, 0 bytes, Stack size 0 bytes, startup_stm32l1xx_md.o(.text))
<BR>[Address Reference Count : 1]<UL><LI> startup_stm32l1xx_md.o(RESET)
</UL>
<P><STRONG><a name="[31]"></a>SPI1_IRQHandler</STRONG> (Thumb, 0 bytes, Stack size 0 bytes, startup_stm32l1xx_md.o(.text))
<BR>[Address Reference Count : 1]<UL><LI> startup_stm32l1xx_md.o(RESET)
</UL>
<P><STRONG><a name="[32]"></a>SPI2_IRQHandler</STRONG> (Thumb, 0 bytes, Stack size 0 bytes, startup_stm32l1xx_md.o(.text))
<BR>[Address Reference Count : 1]<UL><LI> startup_stm32l1xx_md.o(RESET)
</UL>
<P><STRONG><a name="[10]"></a>TAMPER_STAMP_IRQHandler</STRONG> (Thumb, 0 bytes, Stack size 0 bytes, startup_stm32l1xx_md.o(.text))
<BR>[Address Reference Count : 1]<UL><LI> startup_stm32l1xx_md.o(RESET)
</UL>
<P><STRONG><a name="[28]"></a>TIM10_IRQHandler</STRONG> (Thumb, 0 bytes, Stack size 0 bytes, startup_stm32l1xx_md.o(.text))
<BR>[Address Reference Count : 1]<UL><LI> startup_stm32l1xx_md.o(RESET)
</UL>
<P><STRONG><a name="[29]"></a>TIM11_IRQHandler</STRONG> (Thumb, 0 bytes, Stack size 0 bytes, startup_stm32l1xx_md.o(.text))
<BR>[Address Reference Count : 1]<UL><LI> startup_stm32l1xx_md.o(RESET)
</UL>
<P><STRONG><a name="[2a]"></a>TIM2_IRQHandler</STRONG> (Thumb, 0 bytes, Stack size 0 bytes, startup_stm32l1xx_md.o(.text))
<BR>[Address Reference Count : 1]<UL><LI> startup_stm32l1xx_md.o(RESET)
</UL>
<P><STRONG><a name="[2b]"></a>TIM3_IRQHandler</STRONG> (Thumb, 0 bytes, Stack size 0 bytes, startup_stm32l1xx_md.o(.text))
<BR>[Address Reference Count : 1]<UL><LI> startup_stm32l1xx_md.o(RESET)
</UL>
<P><STRONG><a name="[2c]"></a>TIM4_IRQHandler</STRONG> (Thumb, 0 bytes, Stack size 0 bytes, startup_stm32l1xx_md.o(.text))
<BR>[Address Reference Count : 1]<UL><LI> startup_stm32l1xx_md.o(RESET)
</UL>
<P><STRONG><a name="[39]"></a>TIM6_IRQHandler</STRONG> (Thumb, 0 bytes, Stack size 0 bytes, startup_stm32l1xx_md.o(.text))
<BR>[Address Reference Count : 1]<UL><LI> startup_stm32l1xx_md.o(RESET)
</UL>
<P><STRONG><a name="[3a]"></a>TIM7_IRQHandler</STRONG> (Thumb, 0 bytes, Stack size 0 bytes, startup_stm32l1xx_md.o(.text))
<BR>[Address Reference Count : 1]<UL><LI> startup_stm32l1xx_md.o(RESET)
</UL>
<P><STRONG><a name="[27]"></a>TIM9_IRQHandler</STRONG> (Thumb, 0 bytes, Stack size 0 bytes, startup_stm32l1xx_md.o(.text))
<BR>[Address Reference Count : 1]<UL><LI> startup_stm32l1xx_md.o(RESET)
</UL>
<P><STRONG><a name="[35]"></a>USART3_IRQHandler</STRONG> (Thumb, 0 bytes, Stack size 0 bytes, startup_stm32l1xx_md.o(.text))
<BR>[Address Reference Count : 1]<UL><LI> startup_stm32l1xx_md.o(RESET)
</UL>
<P><STRONG><a name="[38]"></a>USB_FS_WKUP_IRQHandler</STRONG> (Thumb, 0 bytes, Stack size 0 bytes, startup_stm32l1xx_md.o(.text))
<BR>[Address Reference Count : 1]<UL><LI> startup_stm32l1xx_md.o(RESET)
</UL>
<P><STRONG><a name="[21]"></a>USB_HP_IRQHandler</STRONG> (Thumb, 0 bytes, Stack size 0 bytes, startup_stm32l1xx_md.o(.text))
<BR>[Address Reference Count : 1]<UL><LI> startup_stm32l1xx_md.o(RESET)
</UL>
<P><STRONG><a name="[22]"></a>USB_LP_IRQHandler</STRONG> (Thumb, 0 bytes, Stack size 0 bytes, startup_stm32l1xx_md.o(.text))
<BR>[Address Reference Count : 1]<UL><LI> startup_stm32l1xx_md.o(RESET)
</UL>
<P><STRONG><a name="[e]"></a>WWDG_IRQHandler</STRONG> (Thumb, 0 bytes, Stack size 0 bytes, startup_stm32l1xx_md.o(.text))
<BR>[Address Reference Count : 1]<UL><LI> startup_stm32l1xx_md.o(RESET)
</UL>
<P><STRONG><a name="[9b]"></a>__user_initial_stackheap</STRONG> (Thumb, 0 bytes, Stack size unknown bytes, startup_stm32l1xx_md.o(.text))
<BR><BR>[Called By]<UL><LI><a href="#[6e]">&gt;&gt;</a>&nbsp;&nbsp;&nbsp;__user_setup_stackheap
</UL>

<P><STRONG><a name="[11a]"></a>__use_no_semihosting</STRONG> (Thumb, 2 bytes, Stack size 0 bytes, use_no_semi_2.o(.text), UNUSED)

<P><STRONG><a name="[78]"></a>printf</STRONG> (Thumb, 20 bytes, Stack size 24 bytes, printf.o(.text))
<BR><BR>[Stack]<UL><LI>Max Depth = 144 + Unknown Stack Size
<LI>Call Chain = printf &rArr; _printf_char_file &rArr; _printf_char_common &rArr; __printf
</UL>
<BR>[Calls]<UL><LI><a href="#[79]">&gt;&gt;</a>&nbsp;&nbsp;&nbsp;_printf_char_file
</UL>
<BR>[Called By]<UL><LI><a href="#[a5]">&gt;&gt;</a>&nbsp;&nbsp;&nbsp;Clear_Buffer
<LI><a href="#[a8]">&gt;&gt;</a>&nbsp;&nbsp;&nbsp;BC28_Init
</UL>

<P><STRONG><a name="[7a]"></a>__2printf</STRONG> (Thumb, 20 bytes, Stack size 24 bytes, __2printf.o(.text))
<BR><BR>[Stack]<UL><LI>Max Depth = 144 + Unknown Stack Size
<LI>Call Chain = __2printf &rArr; _printf_char_file &rArr; _printf_char_common &rArr; __printf
</UL>
<BR>[Calls]<UL><LI><a href="#[79]">&gt;&gt;</a>&nbsp;&nbsp;&nbsp;_printf_char_file
</UL>
<BR>[Called By]<UL><LI><a href="#[e4]">&gt;&gt;</a>&nbsp;&nbsp;&nbsp;lpcd_init_calibra
<LI><a href="#[e5]">&gt;&gt;</a>&nbsp;&nbsp;&nbsp;lpcd_func
<LI><a href="#[e1]">&gt;&gt;</a>&nbsp;&nbsp;&nbsp;lpcd_auto_wakeup_irq_handler
<LI><a href="#[c3]">&gt;&gt;</a>&nbsp;&nbsp;&nbsp;bsp_init
<LI><a href="#[aa]">&gt;&gt;</a>&nbsp;&nbsp;&nbsp;BC28_Senddata
<LI><a href="#[a8]">&gt;&gt;</a>&nbsp;&nbsp;&nbsp;BC28_Init
<LI><a href="#[72]">&gt;&gt;</a>&nbsp;&nbsp;&nbsp;main
<LI><a href="#[cb]">&gt;&gt;</a>&nbsp;&nbsp;&nbsp;wait_for_lpcdirq
<LI><a href="#[e8]">&gt;&gt;</a>&nbsp;&nbsp;&nbsp;pcd_command
<LI><a href="#[d9]">&gt;&gt;</a>&nbsp;&nbsp;&nbsp;get_uid
</UL>

<P><STRONG><a name="[7b]"></a>__2sprintf</STRONG> (Thumb, 38 bytes, Stack size 32 bytes, __2sprintf.o(.text))
<BR><BR>[Stack]<UL><LI>Max Depth = 136 + Unknown Stack Size
<LI>Call Chain = __2sprintf &rArr; _printf_char_common &rArr; __printf
</UL>
<BR>[Calls]<UL><LI><a href="#[3d]">&gt;&gt;</a>&nbsp;&nbsp;&nbsp;_sputc
<LI><a href="#[7c]">&gt;&gt;</a>&nbsp;&nbsp;&nbsp;_printf_char_common
</UL>
<BR>[Called By]<UL><LI><a href="#[aa]">&gt;&gt;</a>&nbsp;&nbsp;&nbsp;BC28_Senddata
<LI><a href="#[a9]">&gt;&gt;</a>&nbsp;&nbsp;&nbsp;BC28_RECData
<LI><a href="#[a2]">&gt;&gt;</a>&nbsp;&nbsp;&nbsp;BC28_ConTCP
</UL>

<P><STRONG><a name="[7e]"></a>_printf_pre_padding</STRONG> (Thumb, 44 bytes, Stack size 16 bytes, _printf_pad.o(.text))
<BR><BR>[Stack]<UL><LI>Max Depth = 16<LI>Call Chain = _printf_pre_padding
</UL>
<BR>[Called By]<UL><LI><a href="#[7d]">&gt;&gt;</a>&nbsp;&nbsp;&nbsp;_printf_str
<LI><a href="#[96]">&gt;&gt;</a>&nbsp;&nbsp;&nbsp;_printf_fp_infnan
<LI><a href="#[97]">&gt;&gt;</a>&nbsp;&nbsp;&nbsp;_printf_fp_hex_real
<LI><a href="#[94]">&gt;&gt;</a>&nbsp;&nbsp;&nbsp;_printf_fp_dec_real
<LI><a href="#[8b]">&gt;&gt;</a>&nbsp;&nbsp;&nbsp;_printf_wctomb
<LI><a href="#[82]">&gt;&gt;</a>&nbsp;&nbsp;&nbsp;_printf_int_common
</UL>

<P><STRONG><a name="[7f]"></a>_printf_post_padding</STRONG> (Thumb, 34 bytes, Stack size 16 bytes, _printf_pad.o(.text))
<BR><BR>[Stack]<UL><LI>Max Depth = 16<LI>Call Chain = _printf_post_padding
</UL>
<BR>[Called By]<UL><LI><a href="#[7d]">&gt;&gt;</a>&nbsp;&nbsp;&nbsp;_printf_str
<LI><a href="#[96]">&gt;&gt;</a>&nbsp;&nbsp;&nbsp;_printf_fp_infnan
<LI><a href="#[97]">&gt;&gt;</a>&nbsp;&nbsp;&nbsp;_printf_fp_hex_real
<LI><a href="#[94]">&gt;&gt;</a>&nbsp;&nbsp;&nbsp;_printf_fp_dec_real
<LI><a href="#[8b]">&gt;&gt;</a>&nbsp;&nbsp;&nbsp;_printf_wctomb
<LI><a href="#[82]">&gt;&gt;</a>&nbsp;&nbsp;&nbsp;_printf_int_common
</UL>

<P><STRONG><a name="[7d]"></a>_printf_str</STRONG> (Thumb, 82 bytes, Stack size 16 bytes, _printf_str.o(.text))
<BR><BR>[Stack]<UL><LI>Max Depth = 32<LI>Call Chain = _printf_str &rArr; _printf_post_padding
</UL>
<BR>[Calls]<UL><LI><a href="#[7f]">&gt;&gt;</a>&nbsp;&nbsp;&nbsp;_printf_post_padding
<LI><a href="#[7e]">&gt;&gt;</a>&nbsp;&nbsp;&nbsp;_printf_pre_padding
</UL>
<BR>[Called By]<UL><LI><a href="#[89]">&gt;&gt;</a>&nbsp;&nbsp;&nbsp;_printf_cs_common
</UL>

<P><STRONG><a name="[51]"></a>_printf_int_dec</STRONG> (Thumb, 104 bytes, Stack size 24 bytes, _printf_dec.o(.text))
<BR><BR>[Stack]<UL><LI>Max Depth = 72<LI>Call Chain = _printf_int_dec &rArr; _printf_int_common &rArr; _printf_post_padding
</UL>
<BR>[Calls]<UL><LI><a href="#[82]">&gt;&gt;</a>&nbsp;&nbsp;&nbsp;_printf_int_common
<LI><a href="#[81]">&gt;&gt;</a>&nbsp;&nbsp;&nbsp;_printf_truncate_unsigned
<LI><a href="#[80]">&gt;&gt;</a>&nbsp;&nbsp;&nbsp;_printf_truncate_signed
</UL>
<BR>[Called By]<UL><LI><a href="#[52]">&gt;&gt;</a>&nbsp;&nbsp;&nbsp;_printf_d
<LI><a href="#[53]">&gt;&gt;</a>&nbsp;&nbsp;&nbsp;_printf_u
<LI><a href="#[50]">&gt;&gt;</a>&nbsp;&nbsp;&nbsp;_printf_i
</UL>

<P><STRONG><a name="[83]"></a>_printf_longlong_hex</STRONG> (Thumb, 86 bytes, Stack size 16 bytes, _printf_hex_int_ll_ptr.o(.text))
<BR><BR>[Stack]<UL><LI>Max Depth = 64<LI>Call Chain = _printf_longlong_hex &rArr; _printf_int_common &rArr; _printf_post_padding
</UL>
<BR>[Calls]<UL><LI><a href="#[82]">&gt;&gt;</a>&nbsp;&nbsp;&nbsp;_printf_int_common
</UL>
<BR>[Called By]<UL><LI><a href="#[49]">&gt;&gt;</a>&nbsp;&nbsp;&nbsp;_printf_hex_ptr
<LI><a href="#[5f]">&gt;&gt;</a>&nbsp;&nbsp;&nbsp;_printf_ll_hex
<LI><a href="#[57]">&gt;&gt;</a>&nbsp;&nbsp;&nbsp;_printf_int_hex
</UL>

<P><STRONG><a name="[57]"></a>_printf_int_hex</STRONG> (Thumb, 28 bytes, Stack size 16 bytes, _printf_hex_int_ll_ptr.o(.text))
<BR><BR>[Stack]<UL><LI>Max Depth = 80<LI>Call Chain = _printf_int_hex &rArr; _printf_longlong_hex &rArr; _printf_int_common &rArr; _printf_post_padding
</UL>
<BR>[Calls]<UL><LI><a href="#[83]">&gt;&gt;</a>&nbsp;&nbsp;&nbsp;_printf_longlong_hex
<LI><a href="#[81]">&gt;&gt;</a>&nbsp;&nbsp;&nbsp;_printf_truncate_unsigned
</UL>
<BR>[Called By]<UL><LI><a href="#[56]">&gt;&gt;</a>&nbsp;&nbsp;&nbsp;_printf_x
</UL>

<P><STRONG><a name="[5f]"></a>_printf_ll_hex</STRONG> (Thumb, 12 bytes, Stack size 0 bytes, _printf_hex_int_ll_ptr.o(.text))
<BR><BR>[Stack]<UL><LI>Max Depth = 64<LI>Call Chain = _printf_ll_hex &rArr; _printf_longlong_hex &rArr; _printf_int_common &rArr; _printf_post_padding
</UL>
<BR>[Calls]<UL><LI><a href="#[83]">&gt;&gt;</a>&nbsp;&nbsp;&nbsp;_printf_longlong_hex
</UL>
<BR>[Called By]<UL><LI><a href="#[5e]">&gt;&gt;</a>&nbsp;&nbsp;&nbsp;_printf_llx
</UL>

<P><STRONG><a name="[49]"></a>_printf_hex_ptr</STRONG> (Thumb, 18 bytes, Stack size 0 bytes, _printf_hex_int_ll_ptr.o(.text))
<BR><BR>[Stack]<UL><LI>Max Depth = 64<LI>Call Chain = _printf_hex_ptr &rArr; _printf_longlong_hex &rArr; _printf_int_common &rArr; _printf_post_padding
</UL>
<BR>[Calls]<UL><LI><a href="#[83]">&gt;&gt;</a>&nbsp;&nbsp;&nbsp;_printf_longlong_hex
</UL>
<BR>[Called By]<UL><LI><a href="#[48]">&gt;&gt;</a>&nbsp;&nbsp;&nbsp;_printf_p
</UL>

<P><STRONG><a name="[84]"></a>__printf</STRONG> (Thumb, 388 bytes, Stack size 40 bytes, __printf_flags_ss_wp.o(.text))
<BR><BR>[Stack]<UL><LI>Max Depth = 40 + Unknown Stack Size
<LI>Call Chain = __printf
</UL>
<BR>[Calls]<UL><LI><a href="#[86]">&gt;&gt;</a>&nbsp;&nbsp;&nbsp;_printf_percent
<LI><a href="#[85]">&gt;&gt;</a>&nbsp;&nbsp;&nbsp;_is_digit
</UL>
<BR>[Called By]<UL><LI><a href="#[7c]">&gt;&gt;</a>&nbsp;&nbsp;&nbsp;_printf_char_common
</UL>

<P><STRONG><a name="[a6]"></a>strstr</STRONG> (Thumb, 36 bytes, Stack size 12 bytes, strstr.o(.text))
<BR><BR>[Stack]<UL><LI>Max Depth = 12<LI>Call Chain = strstr
</UL>
<BR>[Called By]<UL><LI><a href="#[aa]">&gt;&gt;</a>&nbsp;&nbsp;&nbsp;BC28_Senddata
<LI><a href="#[a9]">&gt;&gt;</a>&nbsp;&nbsp;&nbsp;BC28_RECData
<LI><a href="#[a8]">&gt;&gt;</a>&nbsp;&nbsp;&nbsp;BC28_Init
<LI><a href="#[a2]">&gt;&gt;</a>&nbsp;&nbsp;&nbsp;BC28_ConTCP
<LI><a href="#[72]">&gt;&gt;</a>&nbsp;&nbsp;&nbsp;main
</UL>

<P><STRONG><a name="[a7]"></a>__aeabi_memclr</STRONG> (Thumb, 0 bytes, Stack size 0 bytes, rt_memclr.o(.text))
<BR><BR>[Called By]<UL><LI><a href="#[aa]">&gt;&gt;</a>&nbsp;&nbsp;&nbsp;BC28_Senddata
<LI><a href="#[a9]">&gt;&gt;</a>&nbsp;&nbsp;&nbsp;BC28_RECData
<LI><a href="#[a2]">&gt;&gt;</a>&nbsp;&nbsp;&nbsp;BC28_ConTCP
</UL>

<P><STRONG><a name="[87]"></a>__rt_memclr</STRONG> (Thumb, 68 bytes, Stack size 0 bytes, rt_memclr.o(.text), UNUSED)
<BR><BR>[Calls]<UL><LI><a href="#[88]">&gt;&gt;</a>&nbsp;&nbsp;&nbsp;_memset_w
</UL>

<P><STRONG><a name="[11b]"></a>_memset</STRONG> (Thumb, 0 bytes, Stack size unknown bytes, rt_memclr.o(.text), UNUSED)

<P><STRONG><a name="[ab]"></a>__aeabi_memclr4</STRONG> (Thumb, 0 bytes, Stack size 4 bytes, rt_memclr_w.o(.text))
<BR><BR>[Stack]<UL><LI>Max Depth = 4<LI>Call Chain = __aeabi_memclr4
</UL>
<BR>[Called By]<UL><LI><a href="#[a5]">&gt;&gt;</a>&nbsp;&nbsp;&nbsp;Clear_Buffer
</UL>

<P><STRONG><a name="[11c]"></a>__aeabi_memclr8</STRONG> (Thumb, 0 bytes, Stack size 4 bytes, rt_memclr_w.o(.text), UNUSED)

<P><STRONG><a name="[11d]"></a>__rt_memclr_w</STRONG> (Thumb, 78 bytes, Stack size 4 bytes, rt_memclr_w.o(.text), UNUSED)

<P><STRONG><a name="[88]"></a>_memset_w</STRONG> (Thumb, 0 bytes, Stack size unknown bytes, rt_memclr_w.o(.text), UNUSED)
<BR><BR>[Called By]<UL><LI><a href="#[87]">&gt;&gt;</a>&nbsp;&nbsp;&nbsp;__rt_memclr
</UL>

<P><STRONG><a name="[11e]"></a>__use_two_region_memory</STRONG> (Thumb, 2 bytes, Stack size 0 bytes, heapauxi.o(.text), UNUSED)

<P><STRONG><a name="[11f]"></a>__rt_heap_escrow$2region</STRONG> (Thumb, 2 bytes, Stack size 0 bytes, heapauxi.o(.text), UNUSED)

<P><STRONG><a name="[120]"></a>__rt_heap_expand$2region</STRONG> (Thumb, 2 bytes, Stack size 0 bytes, heapauxi.o(.text), UNUSED)

<P><STRONG><a name="[121]"></a>__I$use$semihosting</STRONG> (Thumb, 0 bytes, Stack size 0 bytes, use_no_semi.o(.text), UNUSED)

<P><STRONG><a name="[122]"></a>__use_no_semihosting_swi</STRONG> (Thumb, 2 bytes, Stack size 0 bytes, use_no_semi.o(.text), UNUSED)

<P><STRONG><a name="[80]"></a>_printf_truncate_signed</STRONG> (Thumb, 18 bytes, Stack size 0 bytes, _printf_truncate.o(.text))
<BR><BR>[Called By]<UL><LI><a href="#[51]">&gt;&gt;</a>&nbsp;&nbsp;&nbsp;_printf_int_dec
</UL>

<P><STRONG><a name="[81]"></a>_printf_truncate_unsigned</STRONG> (Thumb, 18 bytes, Stack size 0 bytes, _printf_truncate.o(.text))
<BR><BR>[Called By]<UL><LI><a href="#[57]">&gt;&gt;</a>&nbsp;&nbsp;&nbsp;_printf_int_hex
<LI><a href="#[51]">&gt;&gt;</a>&nbsp;&nbsp;&nbsp;_printf_int_dec
<LI><a href="#[55]">&gt;&gt;</a>&nbsp;&nbsp;&nbsp;_printf_int_oct
</UL>

<P><STRONG><a name="[82]"></a>_printf_int_common</STRONG> (Thumb, 178 bytes, Stack size 32 bytes, _printf_intcommon.o(.text))
<BR><BR>[Stack]<UL><LI>Max Depth = 48<LI>Call Chain = _printf_int_common &rArr; _printf_post_padding
</UL>
<BR>[Calls]<UL><LI><a href="#[7f]">&gt;&gt;</a>&nbsp;&nbsp;&nbsp;_printf_post_padding
<LI><a href="#[7e]">&gt;&gt;</a>&nbsp;&nbsp;&nbsp;_printf_pre_padding
</UL>
<BR>[Called By]<UL><LI><a href="#[83]">&gt;&gt;</a>&nbsp;&nbsp;&nbsp;_printf_longlong_hex
<LI><a href="#[51]">&gt;&gt;</a>&nbsp;&nbsp;&nbsp;_printf_int_dec
<LI><a href="#[8e]">&gt;&gt;</a>&nbsp;&nbsp;&nbsp;_printf_longlong_oct
<LI><a href="#[59]">&gt;&gt;</a>&nbsp;&nbsp;&nbsp;_printf_longlong_dec
</UL>

<P><STRONG><a name="[47]"></a>_printf_charcount</STRONG> (Thumb, 40 bytes, Stack size 0 bytes, _printf_charcount.o(.text))
<BR><BR>[Called By]<UL><LI><a href="#[46]">&gt;&gt;</a>&nbsp;&nbsp;&nbsp;_printf_n
</UL>

<P><STRONG><a name="[7c]"></a>_printf_char_common</STRONG> (Thumb, 32 bytes, Stack size 64 bytes, _printf_char_common.o(.text))
<BR><BR>[Stack]<UL><LI>Max Depth = 104 + Unknown Stack Size
<LI>Call Chain = _printf_char_common &rArr; __printf
</UL>
<BR>[Calls]<UL><LI><a href="#[84]">&gt;&gt;</a>&nbsp;&nbsp;&nbsp;__printf
</UL>
<BR>[Called By]<UL><LI><a href="#[7b]">&gt;&gt;</a>&nbsp;&nbsp;&nbsp;__2sprintf
<LI><a href="#[79]">&gt;&gt;</a>&nbsp;&nbsp;&nbsp;_printf_char_file
</UL>

<P><STRONG><a name="[3d]"></a>_sputc</STRONG> (Thumb, 10 bytes, Stack size 0 bytes, _sputc.o(.text))
<BR><BR>[Called By]<UL><LI><a href="#[7b]">&gt;&gt;</a>&nbsp;&nbsp;&nbsp;__2sprintf
</UL>
<BR>[Address Reference Count : 1]<UL><LI> __2sprintf.o(.text)
</UL>
<P><STRONG><a name="[89]"></a>_printf_cs_common</STRONG> (Thumb, 20 bytes, Stack size 8 bytes, _printf_char.o(.text))
<BR><BR>[Stack]<UL><LI>Max Depth = 40<LI>Call Chain = _printf_cs_common &rArr; _printf_str &rArr; _printf_post_padding
</UL>
<BR>[Calls]<UL><LI><a href="#[7d]">&gt;&gt;</a>&nbsp;&nbsp;&nbsp;_printf_str
</UL>
<BR>[Called By]<UL><LI><a href="#[63]">&gt;&gt;</a>&nbsp;&nbsp;&nbsp;_printf_string
<LI><a href="#[61]">&gt;&gt;</a>&nbsp;&nbsp;&nbsp;_printf_char
</UL>

<P><STRONG><a name="[61]"></a>_printf_char</STRONG> (Thumb, 16 bytes, Stack size 0 bytes, _printf_char.o(.text))
<BR><BR>[Stack]<UL><LI>Max Depth = 40<LI>Call Chain = _printf_char &rArr; _printf_cs_common &rArr; _printf_str &rArr; _printf_post_padding
</UL>
<BR>[Calls]<UL><LI><a href="#[89]">&gt;&gt;</a>&nbsp;&nbsp;&nbsp;_printf_cs_common
</UL>
<BR>[Called By]<UL><LI><a href="#[60]">&gt;&gt;</a>&nbsp;&nbsp;&nbsp;_printf_c
</UL>

<P><STRONG><a name="[63]"></a>_printf_string</STRONG> (Thumb, 8 bytes, Stack size 0 bytes, _printf_char.o(.text))
<BR><BR>[Stack]<UL><LI>Max Depth = 40<LI>Call Chain = _printf_string &rArr; _printf_cs_common &rArr; _printf_str &rArr; _printf_post_padding
</UL>
<BR>[Calls]<UL><LI><a href="#[89]">&gt;&gt;</a>&nbsp;&nbsp;&nbsp;_printf_cs_common
</UL>
<BR>[Called By]<UL><LI><a href="#[62]">&gt;&gt;</a>&nbsp;&nbsp;&nbsp;_printf_s
</UL>

<P><STRONG><a name="[79]"></a>_printf_char_file</STRONG> (Thumb, 32 bytes, Stack size 16 bytes, _printf_char_file.o(.text))
<BR><BR>[Stack]<UL><LI>Max Depth = 120 + Unknown Stack Size
<LI>Call Chain = _printf_char_file &rArr; _printf_char_common &rArr; __printf
</UL>
<BR>[Calls]<UL><LI><a href="#[8a]">&gt;&gt;</a>&nbsp;&nbsp;&nbsp;ferror
<LI><a href="#[7c]">&gt;&gt;</a>&nbsp;&nbsp;&nbsp;_printf_char_common
</UL>
<BR>[Called By]<UL><LI><a href="#[7a]">&gt;&gt;</a>&nbsp;&nbsp;&nbsp;__2printf
<LI><a href="#[78]">&gt;&gt;</a>&nbsp;&nbsp;&nbsp;printf
</UL>

<P><STRONG><a name="[8b]"></a>_printf_wctomb</STRONG> (Thumb, 182 bytes, Stack size 56 bytes, _printf_wctomb.o(.text))
<BR><BR>[Stack]<UL><LI>Max Depth = 80<LI>Call Chain = _printf_wctomb &rArr; _wcrtomb &rArr; __rt_ctype_table
</UL>
<BR>[Calls]<UL><LI><a href="#[7f]">&gt;&gt;</a>&nbsp;&nbsp;&nbsp;_printf_post_padding
<LI><a href="#[7e]">&gt;&gt;</a>&nbsp;&nbsp;&nbsp;_printf_pre_padding
<LI><a href="#[8c]">&gt;&gt;</a>&nbsp;&nbsp;&nbsp;_wcrtomb
</UL>
<BR>[Called By]<UL><LI><a href="#[98]">&gt;&gt;</a>&nbsp;&nbsp;&nbsp;_printf_lcs_common
</UL>

<P><STRONG><a name="[59]"></a>_printf_longlong_dec</STRONG> (Thumb, 108 bytes, Stack size 24 bytes, _printf_longlong_dec.o(.text))
<BR><BR>[Stack]<UL><LI>Max Depth = 72<LI>Call Chain = _printf_longlong_dec &rArr; _printf_int_common &rArr; _printf_post_padding
</UL>
<BR>[Calls]<UL><LI><a href="#[8d]">&gt;&gt;</a>&nbsp;&nbsp;&nbsp;_ll_udiv10
<LI><a href="#[82]">&gt;&gt;</a>&nbsp;&nbsp;&nbsp;_printf_int_common
</UL>
<BR>[Called By]<UL><LI><a href="#[5b]">&gt;&gt;</a>&nbsp;&nbsp;&nbsp;_printf_llu
<LI><a href="#[5a]">&gt;&gt;</a>&nbsp;&nbsp;&nbsp;_printf_lld
<LI><a href="#[58]">&gt;&gt;</a>&nbsp;&nbsp;&nbsp;_printf_lli
</UL>

<P><STRONG><a name="[8e]"></a>_printf_longlong_oct</STRONG> (Thumb, 66 bytes, Stack size 8 bytes, _printf_oct_int_ll.o(.text))
<BR><BR>[Stack]<UL><LI>Max Depth = 56<LI>Call Chain = _printf_longlong_oct &rArr; _printf_int_common &rArr; _printf_post_padding
</UL>
<BR>[Calls]<UL><LI><a href="#[82]">&gt;&gt;</a>&nbsp;&nbsp;&nbsp;_printf_int_common
</UL>
<BR>[Called By]<UL><LI><a href="#[5d]">&gt;&gt;</a>&nbsp;&nbsp;&nbsp;_printf_ll_oct
<LI><a href="#[55]">&gt;&gt;</a>&nbsp;&nbsp;&nbsp;_printf_int_oct
</UL>

<P><STRONG><a name="[55]"></a>_printf_int_oct</STRONG> (Thumb, 24 bytes, Stack size 8 bytes, _printf_oct_int_ll.o(.text))
<BR><BR>[Stack]<UL><LI>Max Depth = 64<LI>Call Chain = _printf_int_oct &rArr; _printf_longlong_oct &rArr; _printf_int_common &rArr; _printf_post_padding
</UL>
<BR>[Calls]<UL><LI><a href="#[8e]">&gt;&gt;</a>&nbsp;&nbsp;&nbsp;_printf_longlong_oct
<LI><a href="#[81]">&gt;&gt;</a>&nbsp;&nbsp;&nbsp;_printf_truncate_unsigned
</UL>
<BR>[Called By]<UL><LI><a href="#[54]">&gt;&gt;</a>&nbsp;&nbsp;&nbsp;_printf_o
</UL>

<P><STRONG><a name="[5d]"></a>_printf_ll_oct</STRONG> (Thumb, 12 bytes, Stack size 0 bytes, _printf_oct_int_ll.o(.text))
<BR><BR>[Stack]<UL><LI>Max Depth = 56<LI>Call Chain = _printf_ll_oct &rArr; _printf_longlong_oct &rArr; _printf_int_common &rArr; _printf_post_padding
</UL>
<BR>[Calls]<UL><LI><a href="#[8e]">&gt;&gt;</a>&nbsp;&nbsp;&nbsp;_printf_longlong_oct
</UL>
<BR>[Called By]<UL><LI><a href="#[5c]">&gt;&gt;</a>&nbsp;&nbsp;&nbsp;_printf_llo
</UL>

<P><STRONG><a name="[8d]"></a>_ll_udiv10</STRONG> (Thumb, 138 bytes, Stack size 12 bytes, lludiv10.o(.text))
<BR><BR>[Stack]<UL><LI>Max Depth = 12<LI>Call Chain = _ll_udiv10
</UL>
<BR>[Called By]<UL><LI><a href="#[8f]">&gt;&gt;</a>&nbsp;&nbsp;&nbsp;_fp_digits
<LI><a href="#[59]">&gt;&gt;</a>&nbsp;&nbsp;&nbsp;_printf_longlong_dec
</UL>

<P><STRONG><a name="[123]"></a>__lib_sel_fp_printf</STRONG> (Thumb, 2 bytes, Stack size 0 bytes, _printf_fp_dec.o(.text), UNUSED)

<P><STRONG><a name="[94]"></a>_printf_fp_dec_real</STRONG> (Thumb, 620 bytes, Stack size 104 bytes, _printf_fp_dec.o(.text))
<BR><BR>[Stack]<UL><LI>Max Depth = 324<LI>Call Chain = _printf_fp_dec_real &rArr; _fp_digits &rArr; _btod_etento &rArr; _btod_emul &rArr; _e2e
</UL>
<BR>[Calls]<UL><LI><a href="#[7f]">&gt;&gt;</a>&nbsp;&nbsp;&nbsp;_printf_post_padding
<LI><a href="#[7e]">&gt;&gt;</a>&nbsp;&nbsp;&nbsp;_printf_pre_padding
<LI><a href="#[95]">&gt;&gt;</a>&nbsp;&nbsp;&nbsp;__ARM_fpclassify
<LI><a href="#[96]">&gt;&gt;</a>&nbsp;&nbsp;&nbsp;_printf_fp_infnan
<LI><a href="#[69]">&gt;&gt;</a>&nbsp;&nbsp;&nbsp;__rt_locale
<LI><a href="#[8f]">&gt;&gt;</a>&nbsp;&nbsp;&nbsp;_fp_digits
</UL>
<BR>[Called By]<UL><LI><a href="#[4b]">&gt;&gt;</a>&nbsp;&nbsp;&nbsp;_printf_fp_dec
</UL>

<P><STRONG><a name="[97]"></a>_printf_fp_hex_real</STRONG> (Thumb, 756 bytes, Stack size 72 bytes, _printf_fp_hex.o(.text))
<BR><BR>[Stack]<UL><LI>Max Depth = 112<LI>Call Chain = _printf_fp_hex_real &rArr; _printf_fp_infnan &rArr; _printf_post_padding
</UL>
<BR>[Calls]<UL><LI><a href="#[7f]">&gt;&gt;</a>&nbsp;&nbsp;&nbsp;_printf_post_padding
<LI><a href="#[7e]">&gt;&gt;</a>&nbsp;&nbsp;&nbsp;_printf_pre_padding
<LI><a href="#[95]">&gt;&gt;</a>&nbsp;&nbsp;&nbsp;__ARM_fpclassify
<LI><a href="#[96]">&gt;&gt;</a>&nbsp;&nbsp;&nbsp;_printf_fp_infnan
</UL>
<BR>[Called By]<UL><LI><a href="#[4f]">&gt;&gt;</a>&nbsp;&nbsp;&nbsp;_printf_fp_hex
</UL>

<P><STRONG><a name="[98]"></a>_printf_lcs_common</STRONG> (Thumb, 20 bytes, Stack size 8 bytes, _printf_wchar.o(.text))
<BR><BR>[Stack]<UL><LI>Max Depth = 88<LI>Call Chain = _printf_lcs_common &rArr; _printf_wctomb &rArr; _wcrtomb &rArr; __rt_ctype_table
</UL>
<BR>[Calls]<UL><LI><a href="#[8b]">&gt;&gt;</a>&nbsp;&nbsp;&nbsp;_printf_wctomb
</UL>
<BR>[Called By]<UL><LI><a href="#[67]">&gt;&gt;</a>&nbsp;&nbsp;&nbsp;_printf_wstring
<LI><a href="#[65]">&gt;&gt;</a>&nbsp;&nbsp;&nbsp;_printf_wchar
</UL>

<P><STRONG><a name="[65]"></a>_printf_wchar</STRONG> (Thumb, 16 bytes, Stack size 0 bytes, _printf_wchar.o(.text))
<BR><BR>[Stack]<UL><LI>Max Depth = 88<LI>Call Chain = _printf_wchar &rArr; _printf_lcs_common &rArr; _printf_wctomb &rArr; _wcrtomb &rArr; __rt_ctype_table
</UL>
<BR>[Calls]<UL><LI><a href="#[98]">&gt;&gt;</a>&nbsp;&nbsp;&nbsp;_printf_lcs_common
</UL>
<BR>[Called By]<UL><LI><a href="#[64]">&gt;&gt;</a>&nbsp;&nbsp;&nbsp;_printf_lc
</UL>

<P><STRONG><a name="[67]"></a>_printf_wstring</STRONG> (Thumb, 8 bytes, Stack size 0 bytes, _printf_wchar.o(.text))
<BR><BR>[Stack]<UL><LI>Max Depth = 88<LI>Call Chain = _printf_wstring &rArr; _printf_lcs_common &rArr; _printf_wctomb &rArr; _wcrtomb &rArr; __rt_ctype_table
</UL>
<BR>[Calls]<UL><LI><a href="#[98]">&gt;&gt;</a>&nbsp;&nbsp;&nbsp;_printf_lcs_common
</UL>
<BR>[Called By]<UL><LI><a href="#[66]">&gt;&gt;</a>&nbsp;&nbsp;&nbsp;_printf_ls
</UL>

<P><STRONG><a name="[8a]"></a>ferror</STRONG> (Thumb, 8 bytes, Stack size 0 bytes, ferror.o(.text))
<BR><BR>[Called By]<UL><LI><a href="#[79]">&gt;&gt;</a>&nbsp;&nbsp;&nbsp;_printf_char_file
</UL>

<P><STRONG><a name="[8c]"></a>_wcrtomb</STRONG> (Thumb, 64 bytes, Stack size 16 bytes, _wcrtomb.o(.text))
<BR><BR>[Stack]<UL><LI>Max Depth = 24<LI>Call Chain = _wcrtomb &rArr; __rt_ctype_table
</UL>
<BR>[Calls]<UL><LI><a href="#[99]">&gt;&gt;</a>&nbsp;&nbsp;&nbsp;__rt_ctype_table
</UL>
<BR>[Called By]<UL><LI><a href="#[8b]">&gt;&gt;</a>&nbsp;&nbsp;&nbsp;_printf_wctomb
</UL>

<P><STRONG><a name="[6e]"></a>__user_setup_stackheap</STRONG> (Thumb, 74 bytes, Stack size 8 bytes, sys_stackheap_outer.o(.text))
<BR><BR>[Stack]<UL><LI>Max Depth = 8 + Unknown Stack Size
<LI>Call Chain = __user_setup_stackheap
</UL>
<BR>[Calls]<UL><LI><a href="#[9b]">&gt;&gt;</a>&nbsp;&nbsp;&nbsp;__user_initial_stackheap
<LI><a href="#[9a]">&gt;&gt;</a>&nbsp;&nbsp;&nbsp;__user_perproc_libspace
</UL>
<BR>[Called By]<UL><LI><a href="#[6d]">&gt;&gt;</a>&nbsp;&nbsp;&nbsp;__rt_entry_sh
</UL>

<P><STRONG><a name="[99]"></a>__rt_ctype_table</STRONG> (Thumb, 16 bytes, Stack size 8 bytes, rt_ctype_table.o(.text))
<BR><BR>[Stack]<UL><LI>Max Depth = 8<LI>Call Chain = __rt_ctype_table
</UL>
<BR>[Calls]<UL><LI><a href="#[69]">&gt;&gt;</a>&nbsp;&nbsp;&nbsp;__rt_locale
</UL>
<BR>[Called By]<UL><LI><a href="#[8c]">&gt;&gt;</a>&nbsp;&nbsp;&nbsp;_wcrtomb
</UL>

<P><STRONG><a name="[69]"></a>__rt_locale</STRONG> (Thumb, 8 bytes, Stack size 0 bytes, rt_locale_intlibspace.o(.text))
<BR><BR>[Called By]<UL><LI><a href="#[68]">&gt;&gt;</a>&nbsp;&nbsp;&nbsp;__rt_lib_init_lc_common
<LI><a href="#[99]">&gt;&gt;</a>&nbsp;&nbsp;&nbsp;__rt_ctype_table
<LI><a href="#[94]">&gt;&gt;</a>&nbsp;&nbsp;&nbsp;_printf_fp_dec_real
</UL>

<P><STRONG><a name="[96]"></a>_printf_fp_infnan</STRONG> (Thumb, 112 bytes, Stack size 24 bytes, _printf_fp_infnan.o(.text))
<BR><BR>[Stack]<UL><LI>Max Depth = 40<LI>Call Chain = _printf_fp_infnan &rArr; _printf_post_padding
</UL>
<BR>[Calls]<UL><LI><a href="#[7f]">&gt;&gt;</a>&nbsp;&nbsp;&nbsp;_printf_post_padding
<LI><a href="#[7e]">&gt;&gt;</a>&nbsp;&nbsp;&nbsp;_printf_pre_padding
</UL>
<BR>[Called By]<UL><LI><a href="#[97]">&gt;&gt;</a>&nbsp;&nbsp;&nbsp;_printf_fp_hex_real
<LI><a href="#[94]">&gt;&gt;</a>&nbsp;&nbsp;&nbsp;_printf_fp_dec_real
</UL>

<P><STRONG><a name="[90]"></a>_btod_etento</STRONG> (Thumb, 224 bytes, Stack size 72 bytes, bigflt0.o(.text))
<BR><BR>[Stack]<UL><LI>Max Depth = 124<LI>Call Chain = _btod_etento &rArr; _btod_emul &rArr; _e2e
</UL>
<BR>[Calls]<UL><LI><a href="#[93]">&gt;&gt;</a>&nbsp;&nbsp;&nbsp;_btod_emul
<LI><a href="#[92]">&gt;&gt;</a>&nbsp;&nbsp;&nbsp;_btod_ediv
</UL>
<BR>[Called By]<UL><LI><a href="#[8f]">&gt;&gt;</a>&nbsp;&nbsp;&nbsp;_fp_digits
</UL>

<P><STRONG><a name="[73]"></a>exit</STRONG> (Thumb, 18 bytes, Stack size 8 bytes, exit.o(.text))
<BR><BR>[Stack]<UL><LI>Max Depth = 8 + Unknown Stack Size
<LI>Call Chain = exit
</UL>
<BR>[Calls]<UL><LI><a href="#[9c]">&gt;&gt;</a>&nbsp;&nbsp;&nbsp;__rt_exit
</UL>
<BR>[Called By]<UL><LI><a href="#[71]">&gt;&gt;</a>&nbsp;&nbsp;&nbsp;__rt_entry_main
</UL>

<P><STRONG><a name="[124]"></a>__user_libspace</STRONG> (Thumb, 8 bytes, Stack size 0 bytes, libspace.o(.text), UNUSED)

<P><STRONG><a name="[9a]"></a>__user_perproc_libspace</STRONG> (Thumb, 0 bytes, Stack size 0 bytes, libspace.o(.text))
<BR><BR>[Called By]<UL><LI><a href="#[6e]">&gt;&gt;</a>&nbsp;&nbsp;&nbsp;__user_setup_stackheap
</UL>

<P><STRONG><a name="[125]"></a>__user_perthread_libspace</STRONG> (Thumb, 0 bytes, Stack size 0 bytes, libspace.o(.text), UNUSED)

<P><STRONG><a name="[f3]"></a>strcmp</STRONG> (Thumb, 128 bytes, Stack size 0 bytes, strcmpv7m.o(.text))
<BR><BR>[Called By]<UL><LI><a href="#[40]">&gt;&gt;</a>&nbsp;&nbsp;&nbsp;_get_lc_ctype
<LI><a href="#[6c]">&gt;&gt;</a>&nbsp;&nbsp;&nbsp;_get_lc_numeric
</UL>

<P><STRONG><a name="[91]"></a>_btod_d2e</STRONG> (Thumb, 62 bytes, Stack size 0 bytes, btod.o(CL$$btod_d2e))
<BR><BR>[Calls]<UL><LI><a href="#[9d]">&gt;&gt;</a>&nbsp;&nbsp;&nbsp;_d2e_norm_op1
</UL>
<BR>[Called By]<UL><LI><a href="#[8f]">&gt;&gt;</a>&nbsp;&nbsp;&nbsp;_fp_digits
</UL>

<P><STRONG><a name="[9e]"></a>_d2e_denorm_low</STRONG> (Thumb, 70 bytes, Stack size 0 bytes, btod.o(CL$$btod_d2e_denorm_low))
<BR><BR>[Called By]<UL><LI><a href="#[9d]">&gt;&gt;</a>&nbsp;&nbsp;&nbsp;_d2e_norm_op1
</UL>

<P><STRONG><a name="[9d]"></a>_d2e_norm_op1</STRONG> (Thumb, 96 bytes, Stack size 0 bytes, btod.o(CL$$btod_d2e_norm_op1))
<BR><BR>[Calls]<UL><LI><a href="#[9e]">&gt;&gt;</a>&nbsp;&nbsp;&nbsp;_d2e_denorm_low
</UL>
<BR>[Called By]<UL><LI><a href="#[91]">&gt;&gt;</a>&nbsp;&nbsp;&nbsp;_btod_d2e
</UL>

<P><STRONG><a name="[9f]"></a>__btod_div_common</STRONG> (Thumb, 696 bytes, Stack size 24 bytes, btod.o(CL$$btod_div_common))
<BR><BR>[Stack]<UL><LI>Max Depth = 24<LI>Call Chain = __btod_div_common
</UL>
<BR>[Called By]<UL><LI><a href="#[92]">&gt;&gt;</a>&nbsp;&nbsp;&nbsp;_btod_ediv
</UL>

<P><STRONG><a name="[a0]"></a>_e2e</STRONG> (Thumb, 220 bytes, Stack size 24 bytes, btod.o(CL$$btod_e2e))
<BR><BR>[Stack]<UL><LI>Max Depth = 24<LI>Call Chain = _e2e
</UL>
<BR>[Called By]<UL><LI><a href="#[93]">&gt;&gt;</a>&nbsp;&nbsp;&nbsp;_btod_emul
<LI><a href="#[92]">&gt;&gt;</a>&nbsp;&nbsp;&nbsp;_btod_ediv
</UL>

<P><STRONG><a name="[92]"></a>_btod_ediv</STRONG> (Thumb, 42 bytes, Stack size 28 bytes, btod.o(CL$$btod_ediv))
<BR><BR>[Stack]<UL><LI>Max Depth = 52<LI>Call Chain = _btod_ediv &rArr; _e2e
</UL>
<BR>[Calls]<UL><LI><a href="#[a0]">&gt;&gt;</a>&nbsp;&nbsp;&nbsp;_e2e
<LI><a href="#[9f]">&gt;&gt;</a>&nbsp;&nbsp;&nbsp;__btod_div_common
</UL>
<BR>[Called By]<UL><LI><a href="#[90]">&gt;&gt;</a>&nbsp;&nbsp;&nbsp;_btod_etento
<LI><a href="#[8f]">&gt;&gt;</a>&nbsp;&nbsp;&nbsp;_fp_digits
</UL>

<P><STRONG><a name="[93]"></a>_btod_emul</STRONG> (Thumb, 42 bytes, Stack size 28 bytes, btod.o(CL$$btod_emul))
<BR><BR>[Stack]<UL><LI>Max Depth = 52<LI>Call Chain = _btod_emul &rArr; _e2e
</UL>
<BR>[Calls]<UL><LI><a href="#[a1]">&gt;&gt;</a>&nbsp;&nbsp;&nbsp;__btod_mult_common
<LI><a href="#[a0]">&gt;&gt;</a>&nbsp;&nbsp;&nbsp;_e2e
</UL>
<BR>[Called By]<UL><LI><a href="#[90]">&gt;&gt;</a>&nbsp;&nbsp;&nbsp;_btod_etento
<LI><a href="#[8f]">&gt;&gt;</a>&nbsp;&nbsp;&nbsp;_fp_digits
</UL>

<P><STRONG><a name="[a1]"></a>__btod_mult_common</STRONG> (Thumb, 580 bytes, Stack size 16 bytes, btod.o(CL$$btod_mult_common))
<BR><BR>[Stack]<UL><LI>Max Depth = 16<LI>Call Chain = __btod_mult_common
</UL>
<BR>[Called By]<UL><LI><a href="#[93]">&gt;&gt;</a>&nbsp;&nbsp;&nbsp;_btod_emul
</UL>

<P><STRONG><a name="[a2]"></a>BC28_ConTCP</STRONG> (Thumb, 296 bytes, Stack size 16 bytes, bc28.o(i.BC28_ConTCP))
<BR><BR>[Stack]<UL><LI>Max Depth = 168 + Unknown Stack Size
<LI>Call Chain = BC28_ConTCP &rArr; Clear_Buffer &rArr; printf &rArr; _printf_char_file &rArr; _printf_char_common &rArr; __printf
</UL>
<BR>[Calls]<UL><LI><a href="#[a4]">&gt;&gt;</a>&nbsp;&nbsp;&nbsp;delay_ms
<LI><a href="#[a3]">&gt;&gt;</a>&nbsp;&nbsp;&nbsp;Uart2_SendStr
<LI><a href="#[a5]">&gt;&gt;</a>&nbsp;&nbsp;&nbsp;Clear_Buffer
<LI><a href="#[a7]">&gt;&gt;</a>&nbsp;&nbsp;&nbsp;__aeabi_memclr
<LI><a href="#[a6]">&gt;&gt;</a>&nbsp;&nbsp;&nbsp;strstr
<LI><a href="#[7b]">&gt;&gt;</a>&nbsp;&nbsp;&nbsp;__2sprintf
</UL>
<BR>[Called By]<UL><LI><a href="#[72]">&gt;&gt;</a>&nbsp;&nbsp;&nbsp;main
</UL>

<P><STRONG><a name="[a8]"></a>BC28_Init</STRONG> (Thumb, 588 bytes, Stack size 8 bytes, bc28.o(i.BC28_Init))
<BR><BR>[Stack]<UL><LI>Max Depth = 160 + Unknown Stack Size
<LI>Call Chain = BC28_Init &rArr; Clear_Buffer &rArr; printf &rArr; _printf_char_file &rArr; _printf_char_common &rArr; __printf
</UL>
<BR>[Calls]<UL><LI><a href="#[a4]">&gt;&gt;</a>&nbsp;&nbsp;&nbsp;delay_ms
<LI><a href="#[a3]">&gt;&gt;</a>&nbsp;&nbsp;&nbsp;Uart2_SendStr
<LI><a href="#[a5]">&gt;&gt;</a>&nbsp;&nbsp;&nbsp;Clear_Buffer
<LI><a href="#[a6]">&gt;&gt;</a>&nbsp;&nbsp;&nbsp;strstr
<LI><a href="#[7a]">&gt;&gt;</a>&nbsp;&nbsp;&nbsp;__2printf
<LI><a href="#[78]">&gt;&gt;</a>&nbsp;&nbsp;&nbsp;printf
</UL>
<BR>[Called By]<UL><LI><a href="#[72]">&gt;&gt;</a>&nbsp;&nbsp;&nbsp;main
</UL>

<P><STRONG><a name="[a9]"></a>BC28_RECData</STRONG> (Thumb, 116 bytes, Stack size 8 bytes, bc28.o(i.BC28_RECData))
<BR><BR>[Stack]<UL><LI>Max Depth = 144 + Unknown Stack Size
<LI>Call Chain = BC28_RECData &rArr; __2sprintf &rArr; _printf_char_common &rArr; __printf
</UL>
<BR>[Calls]<UL><LI><a href="#[a4]">&gt;&gt;</a>&nbsp;&nbsp;&nbsp;delay_ms
<LI><a href="#[a3]">&gt;&gt;</a>&nbsp;&nbsp;&nbsp;Uart2_SendStr
<LI><a href="#[a7]">&gt;&gt;</a>&nbsp;&nbsp;&nbsp;__aeabi_memclr
<LI><a href="#[a6]">&gt;&gt;</a>&nbsp;&nbsp;&nbsp;strstr
<LI><a href="#[7b]">&gt;&gt;</a>&nbsp;&nbsp;&nbsp;__2sprintf
</UL>
<BR>[Called By]<UL><LI><a href="#[72]">&gt;&gt;</a>&nbsp;&nbsp;&nbsp;main
</UL>

<P><STRONG><a name="[aa]"></a>BC28_Senddata</STRONG> (Thumb, 104 bytes, Stack size 24 bytes, bc28.o(i.BC28_Senddata))
<BR><BR>[Stack]<UL><LI>Max Depth = 168 + Unknown Stack Size
<LI>Call Chain = BC28_Senddata &rArr; __2printf &rArr; _printf_char_file &rArr; _printf_char_common &rArr; __printf
</UL>
<BR>[Calls]<UL><LI><a href="#[a4]">&gt;&gt;</a>&nbsp;&nbsp;&nbsp;delay_ms
<LI><a href="#[a3]">&gt;&gt;</a>&nbsp;&nbsp;&nbsp;Uart2_SendStr
<LI><a href="#[a7]">&gt;&gt;</a>&nbsp;&nbsp;&nbsp;__aeabi_memclr
<LI><a href="#[a6]">&gt;&gt;</a>&nbsp;&nbsp;&nbsp;strstr
<LI><a href="#[7b]">&gt;&gt;</a>&nbsp;&nbsp;&nbsp;__2sprintf
<LI><a href="#[7a]">&gt;&gt;</a>&nbsp;&nbsp;&nbsp;__2printf
</UL>
<BR>[Called By]<UL><LI><a href="#[72]">&gt;&gt;</a>&nbsp;&nbsp;&nbsp;main
</UL>

<P><STRONG><a name="[8]"></a>BusFault_Handler</STRONG> (Thumb, 4 bytes, Stack size 0 bytes, stm32l1xx_it.o(i.BusFault_Handler))
<BR>[Address Reference Count : 1]<UL><LI> startup_stm32l1xx_md.o(RESET)
</UL>
<P><STRONG><a name="[a5]"></a>Clear_Buffer</STRONG> (Thumb, 36 bytes, Stack size 8 bytes, bc28.o(i.Clear_Buffer))
<BR><BR>[Stack]<UL><LI>Max Depth = 152 + Unknown Stack Size
<LI>Call Chain = Clear_Buffer &rArr; printf &rArr; _printf_char_file &rArr; _printf_char_common &rArr; __printf
</UL>
<BR>[Calls]<UL><LI><a href="#[a4]">&gt;&gt;</a>&nbsp;&nbsp;&nbsp;delay_ms
<LI><a href="#[ab]">&gt;&gt;</a>&nbsp;&nbsp;&nbsp;__aeabi_memclr4
<LI><a href="#[78]">&gt;&gt;</a>&nbsp;&nbsp;&nbsp;printf
</UL>
<BR>[Called By]<UL><LI><a href="#[a8]">&gt;&gt;</a>&nbsp;&nbsp;&nbsp;BC28_Init
<LI><a href="#[a2]">&gt;&gt;</a>&nbsp;&nbsp;&nbsp;BC28_ConTCP
<LI><a href="#[72]">&gt;&gt;</a>&nbsp;&nbsp;&nbsp;main
</UL>

<P><STRONG><a name="[b]"></a>DebugMon_Handler</STRONG> (Thumb, 2 bytes, Stack size 0 bytes, stm32l1xx_it.o(i.DebugMon_Handler))
<BR>[Address Reference Count : 1]<UL><LI> startup_stm32l1xx_md.o(RESET)
</UL>
<P><STRONG><a name="[14]"></a>EXTI0_IRQHandler</STRONG> (Thumb, 42 bytes, Stack size 8 bytes, exti.o(i.EXTI0_IRQHandler))
<BR><BR>[Stack]<UL><LI>Max Depth = 116<LI>Call Chain = EXTI0_IRQHandler &rArr; uart2_init &rArr; USART_Init &rArr; RCC_GetClocksFreq
</UL>
<BR>[Calls]<UL><LI><a href="#[ac]">&gt;&gt;</a>&nbsp;&nbsp;&nbsp;EXTI_GetITStatus
<LI><a href="#[ae]">&gt;&gt;</a>&nbsp;&nbsp;&nbsp;EXTI_ClearITPendingBit
<LI><a href="#[ad]">&gt;&gt;</a>&nbsp;&nbsp;&nbsp;uart2_init
<LI><a href="#[a4]">&gt;&gt;</a>&nbsp;&nbsp;&nbsp;delay_ms
<LI><a href="#[3b]">&gt;&gt;</a>&nbsp;&nbsp;&nbsp;SystemInit
</UL>
<BR>[Address Reference Count : 1]<UL><LI> startup_stm32l1xx_md.o(RESET)
</UL>
<P><STRONG><a name="[15]"></a>EXTI1_IRQHandler</STRONG> (Thumb, 86 bytes, Stack size 8 bytes, exti.o(i.EXTI1_IRQHandler))
<BR><BR>[Stack]<UL><LI>Max Depth = 116<LI>Call Chain = EXTI1_IRQHandler &rArr; uart2_init &rArr; USART_Init &rArr; RCC_GetClocksFreq
</UL>
<BR>[Calls]<UL><LI><a href="#[b1]">&gt;&gt;</a>&nbsp;&nbsp;&nbsp;fm17500_hard_powerdown
<LI><a href="#[ac]">&gt;&gt;</a>&nbsp;&nbsp;&nbsp;EXTI_GetITStatus
<LI><a href="#[b2]">&gt;&gt;</a>&nbsp;&nbsp;&nbsp;arm_read_ext_reg
<LI><a href="#[b0]">&gt;&gt;</a>&nbsp;&nbsp;&nbsp;SPI_Cmd
<LI><a href="#[ae]">&gt;&gt;</a>&nbsp;&nbsp;&nbsp;EXTI_ClearITPendingBit
<LI><a href="#[ad]">&gt;&gt;</a>&nbsp;&nbsp;&nbsp;uart2_init
<LI><a href="#[af]">&gt;&gt;</a>&nbsp;&nbsp;&nbsp;uart1_init
<LI><a href="#[a4]">&gt;&gt;</a>&nbsp;&nbsp;&nbsp;delay_ms
<LI><a href="#[3b]">&gt;&gt;</a>&nbsp;&nbsp;&nbsp;SystemInit
</UL>
<BR>[Address Reference Count : 1]<UL><LI> startup_stm32l1xx_md.o(RESET)
</UL>
<P><STRONG><a name="[ae]"></a>EXTI_ClearITPendingBit</STRONG> (Thumb, 6 bytes, Stack size 0 bytes, stm32l1xx_exti.o(i.EXTI_ClearITPendingBit))
<BR><BR>[Called By]<UL><LI><a href="#[15]">&gt;&gt;</a>&nbsp;&nbsp;&nbsp;EXTI1_IRQHandler
<LI><a href="#[14]">&gt;&gt;</a>&nbsp;&nbsp;&nbsp;EXTI0_IRQHandler
<LI><a href="#[dc]">&gt;&gt;</a>&nbsp;&nbsp;&nbsp;into_stop_mode_init
</UL>

<P><STRONG><a name="[ac]"></a>EXTI_GetITStatus</STRONG> (Thumb, 20 bytes, Stack size 0 bytes, stm32l1xx_exti.o(i.EXTI_GetITStatus))
<BR><BR>[Called By]<UL><LI><a href="#[15]">&gt;&gt;</a>&nbsp;&nbsp;&nbsp;EXTI1_IRQHandler
<LI><a href="#[14]">&gt;&gt;</a>&nbsp;&nbsp;&nbsp;EXTI0_IRQHandler
</UL>

<P><STRONG><a name="[d6]"></a>EXTI_Init</STRONG> (Thumb, 142 bytes, Stack size 0 bytes, stm32l1xx_exti.o(i.EXTI_Init))
<BR><BR>[Called By]<UL><LI><a href="#[c7]">&gt;&gt;</a>&nbsp;&nbsp;&nbsp;exti_init
</UL>

<P><STRONG><a name="[d3]"></a>GPIO_Init</STRONG> (Thumb, 132 bytes, Stack size 20 bytes, stm32l1xx_gpio.o(i.GPIO_Init))
<BR><BR>[Stack]<UL><LI>Max Depth = 20<LI>Call Chain = GPIO_Init
</UL>
<BR>[Called By]<UL><LI><a href="#[c6]">&gt;&gt;</a>&nbsp;&nbsp;&nbsp;spi1_init
<LI><a href="#[c7]">&gt;&gt;</a>&nbsp;&nbsp;&nbsp;exti_init
<LI><a href="#[ad]">&gt;&gt;</a>&nbsp;&nbsp;&nbsp;uart2_init
<LI><a href="#[af]">&gt;&gt;</a>&nbsp;&nbsp;&nbsp;uart1_init
<LI><a href="#[dc]">&gt;&gt;</a>&nbsp;&nbsp;&nbsp;into_stop_mode_init
</UL>

<P><STRONG><a name="[ef]"></a>GPIO_PinAFConfig</STRONG> (Thumb, 70 bytes, Stack size 20 bytes, stm32l1xx_gpio.o(i.GPIO_PinAFConfig))
<BR><BR>[Stack]<UL><LI>Max Depth = 20<LI>Call Chain = GPIO_PinAFConfig
</UL>
<BR>[Called By]<UL><LI><a href="#[c6]">&gt;&gt;</a>&nbsp;&nbsp;&nbsp;spi1_init
<LI><a href="#[ad]">&gt;&gt;</a>&nbsp;&nbsp;&nbsp;uart2_init
<LI><a href="#[af]">&gt;&gt;</a>&nbsp;&nbsp;&nbsp;uart1_init
</UL>

<P><STRONG><a name="[dd]"></a>GPIO_ResetBits</STRONG> (Thumb, 4 bytes, Stack size 0 bytes, stm32l1xx_gpio.o(i.GPIO_ResetBits))
<BR><BR>[Called By]<UL><LI><a href="#[dc]">&gt;&gt;</a>&nbsp;&nbsp;&nbsp;into_stop_mode_init
</UL>

<P><STRONG><a name="[6]"></a>HardFault_Handler</STRONG> (Thumb, 4 bytes, Stack size 0 bytes, stm32l1xx_it.o(i.HardFault_Handler))
<BR>[Address Reference Count : 1]<UL><LI> startup_stm32l1xx_md.o(RESET)
</UL>
<P><STRONG><a name="[7]"></a>MemManage_Handler</STRONG> (Thumb, 4 bytes, Stack size 0 bytes, stm32l1xx_it.o(i.MemManage_Handler))
<BR>[Address Reference Count : 1]<UL><LI> startup_stm32l1xx_md.o(RESET)
</UL>
<P><STRONG><a name="[5]"></a>NMI_Handler</STRONG> (Thumb, 2 bytes, Stack size 0 bytes, stm32l1xx_it.o(i.NMI_Handler))
<BR>[Address Reference Count : 1]<UL><LI> startup_stm32l1xx_md.o(RESET)
</UL>
<P><STRONG><a name="[d7]"></a>NVIC_Init</STRONG> (Thumb, 106 bytes, Stack size 16 bytes, misc.o(i.NVIC_Init))
<BR><BR>[Stack]<UL><LI>Max Depth = 16<LI>Call Chain = NVIC_Init
</UL>
<BR>[Called By]<UL><LI><a href="#[c7]">&gt;&gt;</a>&nbsp;&nbsp;&nbsp;exti_init
<LI><a href="#[ad]">&gt;&gt;</a>&nbsp;&nbsp;&nbsp;uart2_init
<LI><a href="#[af]">&gt;&gt;</a>&nbsp;&nbsp;&nbsp;uart1_init
</UL>

<P><STRONG><a name="[c5]"></a>NVIC_PriorityGroupConfig</STRONG> (Thumb, 10 bytes, Stack size 0 bytes, misc.o(i.NVIC_PriorityGroupConfig))
<BR><BR>[Called By]<UL><LI><a href="#[dc]">&gt;&gt;</a>&nbsp;&nbsp;&nbsp;into_stop_mode_init
<LI><a href="#[c3]">&gt;&gt;</a>&nbsp;&nbsp;&nbsp;bsp_init
<LI><a href="#[72]">&gt;&gt;</a>&nbsp;&nbsp;&nbsp;main
</UL>

<P><STRONG><a name="[e0]"></a>PWR_EnterSTOPMode</STRONG> (Thumb, 54 bytes, Stack size 8 bytes, stm32l1xx_pwr.o(i.PWR_EnterSTOPMode))
<BR><BR>[Stack]<UL><LI>Max Depth = 8<LI>Call Chain = PWR_EnterSTOPMode
</UL>
<BR>[Called By]<UL><LI><a href="#[dc]">&gt;&gt;</a>&nbsp;&nbsp;&nbsp;into_stop_mode_init
</UL>

<P><STRONG><a name="[df]"></a>PWR_UltraLowPowerCmd</STRONG> (Thumb, 6 bytes, Stack size 0 bytes, stm32l1xx_pwr.o(i.PWR_UltraLowPowerCmd))
<BR><BR>[Called By]<UL><LI><a href="#[dc]">&gt;&gt;</a>&nbsp;&nbsp;&nbsp;into_stop_mode_init
</UL>

<P><STRONG><a name="[c]"></a>PendSV_Handler</STRONG> (Thumb, 2 bytes, Stack size 0 bytes, stm32l1xx_it.o(i.PendSV_Handler))
<BR>[Address Reference Count : 1]<UL><LI> startup_stm32l1xx_md.o(RESET)
</UL>
<P><STRONG><a name="[d2]"></a>RCC_AHBPeriphClockCmd</STRONG> (Thumb, 26 bytes, Stack size 0 bytes, stm32l1xx_rcc.o(i.RCC_AHBPeriphClockCmd))
<BR><BR>[Called By]<UL><LI><a href="#[c6]">&gt;&gt;</a>&nbsp;&nbsp;&nbsp;spi1_init
<LI><a href="#[c7]">&gt;&gt;</a>&nbsp;&nbsp;&nbsp;exti_init
<LI><a href="#[ad]">&gt;&gt;</a>&nbsp;&nbsp;&nbsp;uart2_init
<LI><a href="#[af]">&gt;&gt;</a>&nbsp;&nbsp;&nbsp;uart1_init
<LI><a href="#[dc]">&gt;&gt;</a>&nbsp;&nbsp;&nbsp;into_stop_mode_init
</UL>

<P><STRONG><a name="[f2]"></a>RCC_APB1PeriphClockCmd</STRONG> (Thumb, 26 bytes, Stack size 0 bytes, stm32l1xx_rcc.o(i.RCC_APB1PeriphClockCmd))
<BR><BR>[Called By]<UL><LI><a href="#[ad]">&gt;&gt;</a>&nbsp;&nbsp;&nbsp;uart2_init
</UL>

<P><STRONG><a name="[bd]"></a>RCC_APB1PeriphResetCmd</STRONG> (Thumb, 26 bytes, Stack size 0 bytes, stm32l1xx_rcc.o(i.RCC_APB1PeriphResetCmd))
<BR><BR>[Called By]<UL><LI><a href="#[bb]">&gt;&gt;</a>&nbsp;&nbsp;&nbsp;USART_DeInit
</UL>

<P><STRONG><a name="[d4]"></a>RCC_APB2PeriphClockCmd</STRONG> (Thumb, 26 bytes, Stack size 0 bytes, stm32l1xx_rcc.o(i.RCC_APB2PeriphClockCmd))
<BR><BR>[Called By]<UL><LI><a href="#[c6]">&gt;&gt;</a>&nbsp;&nbsp;&nbsp;spi1_init
<LI><a href="#[c7]">&gt;&gt;</a>&nbsp;&nbsp;&nbsp;exti_init
<LI><a href="#[af]">&gt;&gt;</a>&nbsp;&nbsp;&nbsp;uart1_init
</UL>

<P><STRONG><a name="[bc]"></a>RCC_APB2PeriphResetCmd</STRONG> (Thumb, 26 bytes, Stack size 0 bytes, stm32l1xx_rcc.o(i.RCC_APB2PeriphResetCmd))
<BR><BR>[Called By]<UL><LI><a href="#[bb]">&gt;&gt;</a>&nbsp;&nbsp;&nbsp;USART_DeInit
</UL>

<P><STRONG><a name="[bf]"></a>RCC_GetClocksFreq</STRONG> (Thumb, 234 bytes, Stack size 20 bytes, stm32l1xx_rcc.o(i.RCC_GetClocksFreq))
<BR><BR>[Stack]<UL><LI>Max Depth = 20<LI>Call Chain = RCC_GetClocksFreq
</UL>
<BR>[Called By]<UL><LI><a href="#[be]">&gt;&gt;</a>&nbsp;&nbsp;&nbsp;USART_Init
</UL>

<P><STRONG><a name="[c9]"></a>RCC_GetSYSCLKSource</STRONG> (Thumb, 10 bytes, Stack size 0 bytes, stm32l1xx_rcc.o(i.RCC_GetSYSCLKSource))
<BR><BR>[Called By]<UL><LI><a href="#[c3]">&gt;&gt;</a>&nbsp;&nbsp;&nbsp;bsp_init
</UL>

<P><STRONG><a name="[b3]"></a>SPI1_SetSpeed</STRONG> (Thumb, 36 bytes, Stack size 8 bytes, spi.o(i.SPI1_SetSpeed))
<BR><BR>[Stack]<UL><LI>Max Depth = 8<LI>Call Chain = SPI1_SetSpeed
</UL>
<BR>[Calls]<UL><LI><a href="#[b0]">&gt;&gt;</a>&nbsp;&nbsp;&nbsp;SPI_Cmd
</UL>
<BR>[Called By]<UL><LI><a href="#[dc]">&gt;&gt;</a>&nbsp;&nbsp;&nbsp;into_stop_mode_init
<LI><a href="#[c3]">&gt;&gt;</a>&nbsp;&nbsp;&nbsp;bsp_init
</UL>

<P><STRONG><a name="[b0]"></a>SPI_Cmd</STRONG> (Thumb, 24 bytes, Stack size 0 bytes, stm32l1xx_spi.o(i.SPI_Cmd))
<BR><BR>[Called By]<UL><LI><a href="#[15]">&gt;&gt;</a>&nbsp;&nbsp;&nbsp;EXTI1_IRQHandler
<LI><a href="#[c6]">&gt;&gt;</a>&nbsp;&nbsp;&nbsp;spi1_init
<LI><a href="#[b3]">&gt;&gt;</a>&nbsp;&nbsp;&nbsp;SPI1_SetSpeed
<LI><a href="#[dc]">&gt;&gt;</a>&nbsp;&nbsp;&nbsp;into_stop_mode_init
</UL>

<P><STRONG><a name="[ed]"></a>SPI_I2S_ClearFlag</STRONG> (Thumb, 6 bytes, Stack size 0 bytes, stm32l1xx_spi.o(i.SPI_I2S_ClearFlag))
<BR><BR>[Called By]<UL><LI><a href="#[da]">&gt;&gt;</a>&nbsp;&nbsp;&nbsp;spi1_write_fifo
<LI><a href="#[db]">&gt;&gt;</a>&nbsp;&nbsp;&nbsp;spi1_read_fifo
<LI><a href="#[c0]">&gt;&gt;</a>&nbsp;&nbsp;&nbsp;spi1_hard_write_reg
<LI><a href="#[c1]">&gt;&gt;</a>&nbsp;&nbsp;&nbsp;spi1_hard_read_reg
</UL>

<P><STRONG><a name="[ec]"></a>SPI_I2S_GetFlagStatus</STRONG> (Thumb, 18 bytes, Stack size 0 bytes, stm32l1xx_spi.o(i.SPI_I2S_GetFlagStatus))
<BR><BR>[Called By]<UL><LI><a href="#[da]">&gt;&gt;</a>&nbsp;&nbsp;&nbsp;spi1_write_fifo
<LI><a href="#[db]">&gt;&gt;</a>&nbsp;&nbsp;&nbsp;spi1_read_fifo
<LI><a href="#[c0]">&gt;&gt;</a>&nbsp;&nbsp;&nbsp;spi1_hard_write_reg
<LI><a href="#[c1]">&gt;&gt;</a>&nbsp;&nbsp;&nbsp;spi1_hard_read_reg
</UL>

<P><STRONG><a name="[ee]"></a>SPI_I2S_ReceiveData</STRONG> (Thumb, 6 bytes, Stack size 0 bytes, stm32l1xx_spi.o(i.SPI_I2S_ReceiveData))
<BR><BR>[Called By]<UL><LI><a href="#[da]">&gt;&gt;</a>&nbsp;&nbsp;&nbsp;spi1_write_fifo
<LI><a href="#[db]">&gt;&gt;</a>&nbsp;&nbsp;&nbsp;spi1_read_fifo
<LI><a href="#[c0]">&gt;&gt;</a>&nbsp;&nbsp;&nbsp;spi1_hard_write_reg
<LI><a href="#[c1]">&gt;&gt;</a>&nbsp;&nbsp;&nbsp;spi1_hard_read_reg
</UL>

<P><STRONG><a name="[eb]"></a>SPI_I2S_SendData</STRONG> (Thumb, 4 bytes, Stack size 0 bytes, stm32l1xx_spi.o(i.SPI_I2S_SendData))
<BR><BR>[Called By]<UL><LI><a href="#[da]">&gt;&gt;</a>&nbsp;&nbsp;&nbsp;spi1_write_fifo
<LI><a href="#[db]">&gt;&gt;</a>&nbsp;&nbsp;&nbsp;spi1_read_fifo
<LI><a href="#[c0]">&gt;&gt;</a>&nbsp;&nbsp;&nbsp;spi1_hard_write_reg
<LI><a href="#[c1]">&gt;&gt;</a>&nbsp;&nbsp;&nbsp;spi1_hard_read_reg
</UL>

<P><STRONG><a name="[f0]"></a>SPI_Init</STRONG> (Thumb, 60 bytes, Stack size 8 bytes, stm32l1xx_spi.o(i.SPI_Init))
<BR><BR>[Stack]<UL><LI>Max Depth = 8<LI>Call Chain = SPI_Init
</UL>
<BR>[Called By]<UL><LI><a href="#[c6]">&gt;&gt;</a>&nbsp;&nbsp;&nbsp;spi1_init
</UL>

<P><STRONG><a name="[a]"></a>SVC_Handler</STRONG> (Thumb, 2 bytes, Stack size 0 bytes, stm32l1xx_it.o(i.SVC_Handler))
<BR>[Address Reference Count : 1]<UL><LI> startup_stm32l1xx_md.o(RESET)
</UL>
<P><STRONG><a name="[d5]"></a>SYSCFG_EXTILineConfig</STRONG> (Thumb, 60 bytes, Stack size 12 bytes, stm32l1xx_syscfg.o(i.SYSCFG_EXTILineConfig))
<BR><BR>[Stack]<UL><LI>Max Depth = 12<LI>Call Chain = SYSCFG_EXTILineConfig
</UL>
<BR>[Called By]<UL><LI><a href="#[c7]">&gt;&gt;</a>&nbsp;&nbsp;&nbsp;exti_init
</UL>

<P><STRONG><a name="[d1]"></a>SysTick_CLKSourceConfig</STRONG> (Thumb, 40 bytes, Stack size 0 bytes, misc.o(i.SysTick_CLKSourceConfig))
<BR><BR>[Called By]<UL><LI><a href="#[c4]">&gt;&gt;</a>&nbsp;&nbsp;&nbsp;delay_init
</UL>

<P><STRONG><a name="[d]"></a>SysTick_Handler</STRONG> (Thumb, 2 bytes, Stack size 0 bytes, stm32l1xx_it.o(i.SysTick_Handler))
<BR>[Address Reference Count : 1]<UL><LI> startup_stm32l1xx_md.o(RESET)
</UL>
<P><STRONG><a name="[3b]"></a>SystemInit</STRONG> (Thumb, 88 bytes, Stack size 8 bytes, system_stm32l1xx.o(i.SystemInit))
<BR><BR>[Stack]<UL><LI>Max Depth = 20<LI>Call Chain = SystemInit &rArr; SetSysClock
</UL>
<BR>[Calls]<UL><LI><a href="#[b4]">&gt;&gt;</a>&nbsp;&nbsp;&nbsp;SetSysClock
</UL>
<BR>[Called By]<UL><LI><a href="#[15]">&gt;&gt;</a>&nbsp;&nbsp;&nbsp;EXTI1_IRQHandler
<LI><a href="#[14]">&gt;&gt;</a>&nbsp;&nbsp;&nbsp;EXTI0_IRQHandler
</UL>
<BR>[Address Reference Count : 1]<UL><LI> startup_stm32l1xx_md.o(.text)
</UL>
<P><STRONG><a name="[33]"></a>USART1_IRQHandler</STRONG> (Thumb, 48 bytes, Stack size 8 bytes, usart.o(i.USART1_IRQHandler))
<BR><BR>[Stack]<UL><LI>Max Depth = 24<LI>Call Chain = USART1_IRQHandler &rArr; USART_GetITStatus
</UL>
<BR>[Calls]<UL><LI><a href="#[b5]">&gt;&gt;</a>&nbsp;&nbsp;&nbsp;USART_GetITStatus
<LI><a href="#[b6]">&gt;&gt;</a>&nbsp;&nbsp;&nbsp;USART_ClearFlag
</UL>
<BR>[Address Reference Count : 1]<UL><LI> startup_stm32l1xx_md.o(RESET)
</UL>
<P><STRONG><a name="[34]"></a>USART2_IRQHandler</STRONG> (Thumb, 76 bytes, Stack size 8 bytes, usart.o(i.USART2_IRQHandler))
<BR><BR>[Stack]<UL><LI>Max Depth = 24<LI>Call Chain = USART2_IRQHandler &rArr; USART_GetITStatus
</UL>
<BR>[Calls]<UL><LI><a href="#[b7]">&gt;&gt;</a>&nbsp;&nbsp;&nbsp;USART_ReceiveData
<LI><a href="#[b5]">&gt;&gt;</a>&nbsp;&nbsp;&nbsp;USART_GetITStatus
<LI><a href="#[ba]">&gt;&gt;</a>&nbsp;&nbsp;&nbsp;USART_GetFlagStatus
[...]
<LI><a href="#[b0]">&gt;&gt;</a>&nbsp;&nbsp;&nbsp;SPI_Cmd
<LI><a href="#[b3]">&gt;&gt;</a>&nbsp;&nbsp;&nbsp;SPI1_SetSpeed
<LI><a href="#[df]">&gt;&gt;</a>&nbsp;&nbsp;&nbsp;PWR_UltraLowPowerCmd
<LI><a href="#[e0]">&gt;&gt;</a>&nbsp;&nbsp;&nbsp;PWR_EnterSTOPMode
<LI><a href="#[dd]">&gt;&gt;</a>&nbsp;&nbsp;&nbsp;GPIO_ResetBits
<LI><a href="#[ae]">&gt;&gt;</a>&nbsp;&nbsp;&nbsp;EXTI_ClearITPendingBit
<LI><a href="#[de]">&gt;&gt;</a>&nbsp;&nbsp;&nbsp;USART_Cmd
<LI><a href="#[d2]">&gt;&gt;</a>&nbsp;&nbsp;&nbsp;RCC_AHBPeriphClockCmd
<LI><a href="#[d3]">&gt;&gt;</a>&nbsp;&nbsp;&nbsp;GPIO_Init
<LI><a href="#[af]">&gt;&gt;</a>&nbsp;&nbsp;&nbsp;uart1_init
<LI><a href="#[a4]">&gt;&gt;</a>&nbsp;&nbsp;&nbsp;delay_ms
<LI><a href="#[c4]">&gt;&gt;</a>&nbsp;&nbsp;&nbsp;delay_init
<LI><a href="#[c5]">&gt;&gt;</a>&nbsp;&nbsp;&nbsp;NVIC_PriorityGroupConfig
</UL>
<BR>[Called By]<UL><LI><a href="#[72]">&gt;&gt;</a>&nbsp;&nbsp;&nbsp;main
</UL>

<P><STRONG><a name="[e1]"></a>lpcd_auto_wakeup_irq_handler</STRONG> (Thumb, 44 bytes, Stack size 8 bytes, lpcd.o(i.lpcd_auto_wakeup_irq_handler))
<BR><BR>[Stack]<UL><LI>Max Depth = 208 + Unknown Stack Size
<LI>Call Chain = lpcd_auto_wakeup_irq_handler &rArr; lpcd_init_calibra &rArr; calibra_read_adcresult &rArr; wait_for_lpcdirq &rArr; __2printf &rArr; _printf_char_file &rArr; _printf_char_common &rArr; __printf
</UL>
<BR>[Calls]<UL><LI><a href="#[b1]">&gt;&gt;</a>&nbsp;&nbsp;&nbsp;fm17500_hard_powerdown
<LI><a href="#[e3]">&gt;&gt;</a>&nbsp;&nbsp;&nbsp;lpcd_reg_init
<LI><a href="#[e2]">&gt;&gt;</a>&nbsp;&nbsp;&nbsp;lpcd_param_init
<LI><a href="#[e4]">&gt;&gt;</a>&nbsp;&nbsp;&nbsp;lpcd_init_calibra
<LI><a href="#[a4]">&gt;&gt;</a>&nbsp;&nbsp;&nbsp;delay_ms
<LI><a href="#[7a]">&gt;&gt;</a>&nbsp;&nbsp;&nbsp;__2printf
</UL>
<BR>[Called By]<UL><LI><a href="#[72]">&gt;&gt;</a>&nbsp;&nbsp;&nbsp;main
</UL>

<P><STRONG><a name="[e5]"></a>lpcd_func</STRONG> (Thumb, 74 bytes, Stack size 8 bytes, process_task.o(i.lpcd_func))
<BR><BR>[Stack]<UL><LI>Max Depth = 208 + Unknown Stack Size
<LI>Call Chain = lpcd_func &rArr; lpcd_init_calibra &rArr; calibra_read_adcresult &rArr; wait_for_lpcdirq &rArr; __2printf &rArr; _printf_char_file &rArr; _printf_char_common &rArr; __printf
</UL>
<BR>[Calls]<UL><LI><a href="#[e3]">&gt;&gt;</a>&nbsp;&nbsp;&nbsp;lpcd_reg_init
<LI><a href="#[e2]">&gt;&gt;</a>&nbsp;&nbsp;&nbsp;lpcd_param_init
<LI><a href="#[e4]">&gt;&gt;</a>&nbsp;&nbsp;&nbsp;lpcd_init_calibra
<LI><a href="#[e6]">&gt;&gt;</a>&nbsp;&nbsp;&nbsp;fm17550_hardpowerdown
<LI><a href="#[c2]">&gt;&gt;</a>&nbsp;&nbsp;&nbsp;arm_write_ext_reg
<LI><a href="#[7a]">&gt;&gt;</a>&nbsp;&nbsp;&nbsp;__2printf
</UL>
<BR>[Called By]<UL><LI><a href="#[72]">&gt;&gt;</a>&nbsp;&nbsp;&nbsp;main
</UL>

<P><STRONG><a name="[e4]"></a>lpcd_init_calibra</STRONG> (Thumb, 780 bytes, Stack size 24 bytes, lpcd.o(i.lpcd_init_calibra))
<BR><BR>[Stack]<UL><LI>Max Depth = 200 + Unknown Stack Size
<LI>Call Chain = lpcd_init_calibra &rArr; calibra_read_adcresult &rArr; wait_for_lpcdirq &rArr; __2printf &rArr; _printf_char_file &rArr; _printf_char_common &rArr; __printf
</UL>
<BR>[Calls]<UL><LI><a href="#[c2]">&gt;&gt;</a>&nbsp;&nbsp;&nbsp;arm_write_ext_reg
<LI><a href="#[ca]">&gt;&gt;</a>&nbsp;&nbsp;&nbsp;calibra_read_adcresult
<LI><a href="#[ce]">&gt;&gt;</a>&nbsp;&nbsp;&nbsp;clear_ext_bitmask
<LI><a href="#[7a]">&gt;&gt;</a>&nbsp;&nbsp;&nbsp;__2printf
</UL>
<BR>[Called By]<UL><LI><a href="#[e5]">&gt;&gt;</a>&nbsp;&nbsp;&nbsp;lpcd_func
<LI><a href="#[e1]">&gt;&gt;</a>&nbsp;&nbsp;&nbsp;lpcd_auto_wakeup_irq_handler
</UL>

<P><STRONG><a name="[e2]"></a>lpcd_param_init</STRONG> (Thumb, 212 bytes, Stack size 0 bytes, lpcd.o(i.lpcd_param_init))
<BR><BR>[Called By]<UL><LI><a href="#[e5]">&gt;&gt;</a>&nbsp;&nbsp;&nbsp;lpcd_func
<LI><a href="#[e1]">&gt;&gt;</a>&nbsp;&nbsp;&nbsp;lpcd_auto_wakeup_irq_handler
</UL>

<P><STRONG><a name="[e3]"></a>lpcd_reg_init</STRONG> (Thumb, 194 bytes, Stack size 8 bytes, lpcd.o(i.lpcd_reg_init))
<BR><BR>[Stack]<UL><LI>Max Depth = 40<LI>Call Chain = lpcd_reg_init &rArr; arm_write_ext_reg &rArr; spi1_hard_write_reg
</UL>
<BR>[Calls]<UL><LI><a href="#[c0]">&gt;&gt;</a>&nbsp;&nbsp;&nbsp;spi1_hard_write_reg
<LI><a href="#[c2]">&gt;&gt;</a>&nbsp;&nbsp;&nbsp;arm_write_ext_reg
</UL>
<BR>[Called By]<UL><LI><a href="#[e5]">&gt;&gt;</a>&nbsp;&nbsp;&nbsp;lpcd_func
<LI><a href="#[e1]">&gt;&gt;</a>&nbsp;&nbsp;&nbsp;lpcd_auto_wakeup_irq_handler
</UL>

<P><STRONG><a name="[72]"></a>main</STRONG> (Thumb, 418 bytes, Stack size 0 bytes, main.o(i.main))
<BR><BR>[Stack]<UL><LI>Max Depth = 232 + Unknown Stack Size
<LI>Call Chain = main &rArr; type_A_request &rArr; pcd_command &rArr; __2printf &rArr; _printf_char_file &rArr; _printf_char_common &rArr; __printf
</UL>
<BR>[Calls]<UL><LI><a href="#[ad]">&gt;&gt;</a>&nbsp;&nbsp;&nbsp;uart2_init
<LI><a href="#[af]">&gt;&gt;</a>&nbsp;&nbsp;&nbsp;uart1_init
<LI><a href="#[e7]">&gt;&gt;</a>&nbsp;&nbsp;&nbsp;type_A_request
<LI><a href="#[e5]">&gt;&gt;</a>&nbsp;&nbsp;&nbsp;lpcd_func
<LI><a href="#[e1]">&gt;&gt;</a>&nbsp;&nbsp;&nbsp;lpcd_auto_wakeup_irq_handler
<LI><a href="#[dc]">&gt;&gt;</a>&nbsp;&nbsp;&nbsp;into_stop_mode_init
<LI><a href="#[a4]">&gt;&gt;</a>&nbsp;&nbsp;&nbsp;delay_ms
<LI><a href="#[c4]">&gt;&gt;</a>&nbsp;&nbsp;&nbsp;delay_init
<LI><a href="#[c3]">&gt;&gt;</a>&nbsp;&nbsp;&nbsp;bsp_init
<LI><a href="#[c2]">&gt;&gt;</a>&nbsp;&nbsp;&nbsp;arm_write_ext_reg
<LI><a href="#[a3]">&gt;&gt;</a>&nbsp;&nbsp;&nbsp;Uart2_SendStr
<LI><a href="#[c5]">&gt;&gt;</a>&nbsp;&nbsp;&nbsp;NVIC_PriorityGroupConfig
<LI><a href="#[a5]">&gt;&gt;</a>&nbsp;&nbsp;&nbsp;Clear_Buffer
<LI><a href="#[aa]">&gt;&gt;</a>&nbsp;&nbsp;&nbsp;BC28_Senddata
<LI><a href="#[a9]">&gt;&gt;</a>&nbsp;&nbsp;&nbsp;BC28_RECData
<LI><a href="#[a8]">&gt;&gt;</a>&nbsp;&nbsp;&nbsp;BC28_Init
<LI><a href="#[a2]">&gt;&gt;</a>&nbsp;&nbsp;&nbsp;BC28_ConTCP
<LI><a href="#[a6]">&gt;&gt;</a>&nbsp;&nbsp;&nbsp;strstr
<LI><a href="#[7a]">&gt;&gt;</a>&nbsp;&nbsp;&nbsp;__2printf
</UL>
<BR>[Called By]<UL><LI><a href="#[71]">&gt;&gt;</a>&nbsp;&nbsp;&nbsp;__rt_entry_main
</UL>

<P><STRONG><a name="[b8]"></a>nbiot_receive_process_event</STRONG> (Thumb, 44 bytes, Stack size 0 bytes, usart.o(i.nbiot_receive_process_event))
<BR><BR>[Called By]<UL><LI><a href="#[34]">&gt;&gt;</a>&nbsp;&nbsp;&nbsp;USART2_IRQHandler
</UL>

<P><STRONG><a name="[e8]"></a>pcd_command</STRONG> (Thumb, 142 bytes, Stack size 40 bytes, fm17550.o(i.pcd_command))
<BR><BR>[Stack]<UL><LI>Max Depth = 184 + Unknown Stack Size
<LI>Call Chain = pcd_command &rArr; __2printf &rArr; _printf_char_file &rArr; _printf_char_common &rArr; __printf
</UL>
<BR>[Calls]<UL><LI><a href="#[da]">&gt;&gt;</a>&nbsp;&nbsp;&nbsp;spi1_write_fifo
<LI><a href="#[c0]">&gt;&gt;</a>&nbsp;&nbsp;&nbsp;spi1_hard_write_reg
<LI><a href="#[c1]">&gt;&gt;</a>&nbsp;&nbsp;&nbsp;spi1_hard_read_reg
<LI><a href="#[d0]">&gt;&gt;</a>&nbsp;&nbsp;&nbsp;set_bit_mask
<LI><a href="#[7a]">&gt;&gt;</a>&nbsp;&nbsp;&nbsp;__2printf
</UL>
<BR>[Called By]<UL><LI><a href="#[e7]">&gt;&gt;</a>&nbsp;&nbsp;&nbsp;type_A_request
</UL>

<P><STRONG><a name="[e9]"></a>pcd_configiso_type</STRONG> (Thumb, 146 bytes, Stack size 16 bytes, fm17550.o(i.pcd_configiso_type))
<BR><BR>[Stack]<UL><LI>Max Depth = 32<LI>Call Chain = pcd_configiso_type &rArr; spi1_hard_write_reg
</UL>
<BR>[Calls]<UL><LI><a href="#[c0]">&gt;&gt;</a>&nbsp;&nbsp;&nbsp;spi1_hard_write_reg
<LI><a href="#[c1]">&gt;&gt;</a>&nbsp;&nbsp;&nbsp;spi1_hard_read_reg
</UL>
<BR>[Called By]<UL><LI><a href="#[e7]">&gt;&gt;</a>&nbsp;&nbsp;&nbsp;type_A_request
</UL>

<P><STRONG><a name="[cc]"></a>read_lpcd_adcresult</STRONG> (Thumb, 58 bytes, Stack size 16 bytes, lpcd.o(i.read_lpcd_adcresult))
<BR><BR>[Stack]<UL><LI>Max Depth = 48<LI>Call Chain = read_lpcd_adcresult &rArr; arm_write_ext_reg &rArr; spi1_hard_write_reg
</UL>
<BR>[Calls]<UL><LI><a href="#[b2]">&gt;&gt;</a>&nbsp;&nbsp;&nbsp;arm_read_ext_reg
<LI><a href="#[c2]">&gt;&gt;</a>&nbsp;&nbsp;&nbsp;arm_write_ext_reg
</UL>
<BR>[Called By]<UL><LI><a href="#[ca]">&gt;&gt;</a>&nbsp;&nbsp;&nbsp;calibra_read_adcresult
</UL>

<P><STRONG><a name="[d0]"></a>set_bit_mask</STRONG> (Thumb, 36 bytes, Stack size 24 bytes, fm17550.o(i.set_bit_mask))
<BR><BR>[Stack]<UL><LI>Max Depth = 40<LI>Call Chain = set_bit_mask &rArr; spi1_hard_write_reg
</UL>
<BR>[Calls]<UL><LI><a href="#[c0]">&gt;&gt;</a>&nbsp;&nbsp;&nbsp;spi1_hard_write_reg
<LI><a href="#[c1]">&gt;&gt;</a>&nbsp;&nbsp;&nbsp;spi1_hard_read_reg
</UL>
<BR>[Called By]<UL><LI><a href="#[cf]">&gt;&gt;</a>&nbsp;&nbsp;&nbsp;clear_fifo
<LI><a href="#[e7]">&gt;&gt;</a>&nbsp;&nbsp;&nbsp;type_A_request
<LI><a href="#[e8]">&gt;&gt;</a>&nbsp;&nbsp;&nbsp;pcd_command
<LI><a href="#[d9]">&gt;&gt;</a>&nbsp;&nbsp;&nbsp;get_uid
</UL>

<P><STRONG><a name="[ea]"></a>set_rf</STRONG> (Thumb, 122 bytes, Stack size 16 bytes, fm17550.o(i.set_rf))
<BR><BR>[Stack]<UL><LI>Max Depth = 32<LI>Call Chain = set_rf &rArr; spi1_hard_write_reg
</UL>
<BR>[Calls]<UL><LI><a href="#[c0]">&gt;&gt;</a>&nbsp;&nbsp;&nbsp;spi1_hard_write_reg
<LI><a href="#[c1]">&gt;&gt;</a>&nbsp;&nbsp;&nbsp;spi1_hard_read_reg
</UL>
<BR>[Called By]<UL><LI><a href="#[e7]">&gt;&gt;</a>&nbsp;&nbsp;&nbsp;type_A_request
</UL>

<P><STRONG><a name="[c1]"></a>spi1_hard_read_reg</STRONG> (Thumb, 104 bytes, Stack size 16 bytes, spi.o(i.spi1_hard_read_reg))
<BR><BR>[Stack]<UL><LI>Max Depth = 16<LI>Call Chain = spi1_hard_read_reg
</UL>
<BR>[Calls]<UL><LI><a href="#[eb]">&gt;&gt;</a>&nbsp;&nbsp;&nbsp;SPI_I2S_SendData
<LI><a href="#[ee]">&gt;&gt;</a>&nbsp;&nbsp;&nbsp;SPI_I2S_ReceiveData
<LI><a href="#[ec]">&gt;&gt;</a>&nbsp;&nbsp;&nbsp;SPI_I2S_GetFlagStatus
<LI><a href="#[ed]">&gt;&gt;</a>&nbsp;&nbsp;&nbsp;SPI_I2S_ClearFlag
</UL>
<BR>[Called By]<UL><LI><a href="#[cf]">&gt;&gt;</a>&nbsp;&nbsp;&nbsp;clear_fifo
<LI><a href="#[b2]">&gt;&gt;</a>&nbsp;&nbsp;&nbsp;arm_read_ext_reg
<LI><a href="#[ea]">&gt;&gt;</a>&nbsp;&nbsp;&nbsp;set_rf
<LI><a href="#[d0]">&gt;&gt;</a>&nbsp;&nbsp;&nbsp;set_bit_mask
<LI><a href="#[e9]">&gt;&gt;</a>&nbsp;&nbsp;&nbsp;pcd_configiso_type
<LI><a href="#[e8]">&gt;&gt;</a>&nbsp;&nbsp;&nbsp;pcd_command
<LI><a href="#[d9]">&gt;&gt;</a>&nbsp;&nbsp;&nbsp;get_uid
<LI><a href="#[cd]">&gt;&gt;</a>&nbsp;&nbsp;&nbsp;clear_bit_mask
</UL>

<P><STRONG><a name="[c0]"></a>spi1_hard_write_reg</STRONG> (Thumb, 98 bytes, Stack size 16 bytes, spi.o(i.spi1_hard_write_reg))
<BR><BR>[Stack]<UL><LI>Max Depth = 16<LI>Call Chain = spi1_hard_write_reg
</UL>
<BR>[Calls]<UL><LI><a href="#[eb]">&gt;&gt;</a>&nbsp;&nbsp;&nbsp;SPI_I2S_SendData
<LI><a href="#[ee]">&gt;&gt;</a>&nbsp;&nbsp;&nbsp;SPI_I2S_ReceiveData
<LI><a href="#[ec]">&gt;&gt;</a>&nbsp;&nbsp;&nbsp;SPI_I2S_GetFlagStatus
<LI><a href="#[ed]">&gt;&gt;</a>&nbsp;&nbsp;&nbsp;SPI_I2S_ClearFlag
</UL>
<BR>[Called By]<UL><LI><a href="#[e3]">&gt;&gt;</a>&nbsp;&nbsp;&nbsp;lpcd_reg_init
<LI><a href="#[b2]">&gt;&gt;</a>&nbsp;&nbsp;&nbsp;arm_read_ext_reg
<LI><a href="#[c2]">&gt;&gt;</a>&nbsp;&nbsp;&nbsp;arm_write_ext_reg
<LI><a href="#[ea]">&gt;&gt;</a>&nbsp;&nbsp;&nbsp;set_rf
<LI><a href="#[d0]">&gt;&gt;</a>&nbsp;&nbsp;&nbsp;set_bit_mask
<LI><a href="#[e9]">&gt;&gt;</a>&nbsp;&nbsp;&nbsp;pcd_configiso_type
<LI><a href="#[e8]">&gt;&gt;</a>&nbsp;&nbsp;&nbsp;pcd_command
<LI><a href="#[d9]">&gt;&gt;</a>&nbsp;&nbsp;&nbsp;get_uid
<LI><a href="#[cd]">&gt;&gt;</a>&nbsp;&nbsp;&nbsp;clear_bit_mask
</UL>

<P><STRONG><a name="[c6]"></a>spi1_init</STRONG> (Thumb, 240 bytes, Stack size 32 bytes, spi.o(i.spi1_init))
<BR><BR>[Stack]<UL><LI>Max Depth = 52<LI>Call Chain = spi1_init &rArr; GPIO_PinAFConfig
</UL>
<BR>[Calls]<UL><LI><a href="#[f0]">&gt;&gt;</a>&nbsp;&nbsp;&nbsp;SPI_Init
<LI><a href="#[b0]">&gt;&gt;</a>&nbsp;&nbsp;&nbsp;SPI_Cmd
<LI><a href="#[d4]">&gt;&gt;</a>&nbsp;&nbsp;&nbsp;RCC_APB2PeriphClockCmd
<LI><a href="#[d2]">&gt;&gt;</a>&nbsp;&nbsp;&nbsp;RCC_AHBPeriphClockCmd
<LI><a href="#[ef]">&gt;&gt;</a>&nbsp;&nbsp;&nbsp;GPIO_PinAFConfig
<LI><a href="#[d3]">&gt;&gt;</a>&nbsp;&nbsp;&nbsp;GPIO_Init
</UL>
<BR>[Called By]<UL><LI><a href="#[dc]">&gt;&gt;</a>&nbsp;&nbsp;&nbsp;into_stop_mode_init
<LI><a href="#[c3]">&gt;&gt;</a>&nbsp;&nbsp;&nbsp;bsp_init
</UL>

<P><STRONG><a name="[db]"></a>spi1_read_fifo</STRONG> (Thumb, 164 bytes, Stack size 24 bytes, spi.o(i.spi1_read_fifo))
<BR><BR>[Stack]<UL><LI>Max Depth = 24<LI>Call Chain = spi1_read_fifo
</UL>
<BR>[Calls]<UL><LI><a href="#[eb]">&gt;&gt;</a>&nbsp;&nbsp;&nbsp;SPI_I2S_SendData
<LI><a href="#[ee]">&gt;&gt;</a>&nbsp;&nbsp;&nbsp;SPI_I2S_ReceiveData
<LI><a href="#[ec]">&gt;&gt;</a>&nbsp;&nbsp;&nbsp;SPI_I2S_GetFlagStatus
<LI><a href="#[ed]">&gt;&gt;</a>&nbsp;&nbsp;&nbsp;SPI_I2S_ClearFlag
</UL>
<BR>[Called By]<UL><LI><a href="#[d9]">&gt;&gt;</a>&nbsp;&nbsp;&nbsp;get_uid
</UL>

<P><STRONG><a name="[da]"></a>spi1_write_fifo</STRONG> (Thumb, 108 bytes, Stack size 24 bytes, spi.o(i.spi1_write_fifo))
<BR><BR>[Stack]<UL><LI>Max Depth = 24<LI>Call Chain = spi1_write_fifo
</UL>
<BR>[Calls]<UL><LI><a href="#[eb]">&gt;&gt;</a>&nbsp;&nbsp;&nbsp;SPI_I2S_SendData
<LI><a href="#[ee]">&gt;&gt;</a>&nbsp;&nbsp;&nbsp;SPI_I2S_ReceiveData
<LI><a href="#[ec]">&gt;&gt;</a>&nbsp;&nbsp;&nbsp;SPI_I2S_GetFlagStatus
<LI><a href="#[ed]">&gt;&gt;</a>&nbsp;&nbsp;&nbsp;SPI_I2S_ClearFlag
</UL>
<BR>[Called By]<UL><LI><a href="#[e8]">&gt;&gt;</a>&nbsp;&nbsp;&nbsp;pcd_command
<LI><a href="#[d9]">&gt;&gt;</a>&nbsp;&nbsp;&nbsp;get_uid
</UL>

<P><STRONG><a name="[e7]"></a>type_A_request</STRONG> (Thumb, 132 bytes, Stack size 48 bytes, fm17550.o(i.type_A_request))
<BR><BR>[Stack]<UL><LI>Max Depth = 232 + Unknown Stack Size
<LI>Call Chain = type_A_request &rArr; pcd_command &rArr; __2printf &rArr; _printf_char_file &rArr; _printf_char_common &rArr; __printf
</UL>
<BR>[Calls]<UL><LI><a href="#[cf]">&gt;&gt;</a>&nbsp;&nbsp;&nbsp;clear_fifo
<LI><a href="#[a4]">&gt;&gt;</a>&nbsp;&nbsp;&nbsp;delay_ms
<LI><a href="#[ea]">&gt;&gt;</a>&nbsp;&nbsp;&nbsp;set_rf
<LI><a href="#[d0]">&gt;&gt;</a>&nbsp;&nbsp;&nbsp;set_bit_mask
<LI><a href="#[e9]">&gt;&gt;</a>&nbsp;&nbsp;&nbsp;pcd_configiso_type
<LI><a href="#[e8]">&gt;&gt;</a>&nbsp;&nbsp;&nbsp;pcd_command
<LI><a href="#[d9]">&gt;&gt;</a>&nbsp;&nbsp;&nbsp;get_uid
<LI><a href="#[cd]">&gt;&gt;</a>&nbsp;&nbsp;&nbsp;clear_bit_mask
</UL>
<BR>[Called By]<UL><LI><a href="#[72]">&gt;&gt;</a>&nbsp;&nbsp;&nbsp;main
</UL>

<P><STRONG><a name="[af]"></a>uart1_init</STRONG> (Thumb, 202 bytes, Stack size 40 bytes, usart.o(i.uart1_init))
<BR><BR>[Stack]<UL><LI>Max Depth = 108<LI>Call Chain = uart1_init &rArr; USART_Init &rArr; RCC_GetClocksFreq
</UL>
<BR>[Calls]<UL><LI><a href="#[be]">&gt;&gt;</a>&nbsp;&nbsp;&nbsp;USART_Init
<LI><a href="#[f1]">&gt;&gt;</a>&nbsp;&nbsp;&nbsp;USART_ITConfig
<LI><a href="#[de]">&gt;&gt;</a>&nbsp;&nbsp;&nbsp;USART_Cmd
<LI><a href="#[d4]">&gt;&gt;</a>&nbsp;&nbsp;&nbsp;RCC_APB2PeriphClockCmd
<LI><a href="#[d2]">&gt;&gt;</a>&nbsp;&nbsp;&nbsp;RCC_AHBPeriphClockCmd
<LI><a href="#[d7]">&gt;&gt;</a>&nbsp;&nbsp;&nbsp;NVIC_Init
<LI><a href="#[ef]">&gt;&gt;</a>&nbsp;&nbsp;&nbsp;GPIO_PinAFConfig
<LI><a href="#[d3]">&gt;&gt;</a>&nbsp;&nbsp;&nbsp;GPIO_Init
</UL>
<BR>[Called By]<UL><LI><a href="#[15]">&gt;&gt;</a>&nbsp;&nbsp;&nbsp;EXTI1_IRQHandler
<LI><a href="#[dc]">&gt;&gt;</a>&nbsp;&nbsp;&nbsp;into_stop_mode_init
<LI><a href="#[c3]">&gt;&gt;</a>&nbsp;&nbsp;&nbsp;bsp_init
<LI><a href="#[72]">&gt;&gt;</a>&nbsp;&nbsp;&nbsp;main
</UL>

<P><STRONG><a name="[ad]"></a>uart2_init</STRONG> (Thumb, 202 bytes, Stack size 40 bytes, usart.o(i.uart2_init))
<BR><BR>[Stack]<UL><LI>Max Depth = 108<LI>Call Chain = uart2_init &rArr; USART_Init &rArr; RCC_GetClocksFreq
</UL>
<BR>[Calls]<UL><LI><a href="#[be]">&gt;&gt;</a>&nbsp;&nbsp;&nbsp;USART_Init
<LI><a href="#[f1]">&gt;&gt;</a>&nbsp;&nbsp;&nbsp;USART_ITConfig
<LI><a href="#[de]">&gt;&gt;</a>&nbsp;&nbsp;&nbsp;USART_Cmd
<LI><a href="#[f2]">&gt;&gt;</a>&nbsp;&nbsp;&nbsp;RCC_APB1PeriphClockCmd
<LI><a href="#[d2]">&gt;&gt;</a>&nbsp;&nbsp;&nbsp;RCC_AHBPeriphClockCmd
<LI><a href="#[d7]">&gt;&gt;</a>&nbsp;&nbsp;&nbsp;NVIC_Init
<LI><a href="#[ef]">&gt;&gt;</a>&nbsp;&nbsp;&nbsp;GPIO_PinAFConfig
<LI><a href="#[d3]">&gt;&gt;</a>&nbsp;&nbsp;&nbsp;GPIO_Init
</UL>
<BR>[Called By]<UL><LI><a href="#[15]">&gt;&gt;</a>&nbsp;&nbsp;&nbsp;EXTI1_IRQHandler
<LI><a href="#[14]">&gt;&gt;</a>&nbsp;&nbsp;&nbsp;EXTI0_IRQHandler
<LI><a href="#[c3]">&gt;&gt;</a>&nbsp;&nbsp;&nbsp;bsp_init
<LI><a href="#[72]">&gt;&gt;</a>&nbsp;&nbsp;&nbsp;main
</UL>

<P><STRONG><a name="[cb]"></a>wait_for_lpcdirq</STRONG> (Thumb, 62 bytes, Stack size 16 bytes, lpcd.o(i.wait_for_lpcdirq))
<BR><BR>[Stack]<UL><LI>Max Depth = 160 + Unknown Stack Size
<LI>Call Chain = wait_for_lpcdirq &rArr; __2printf &rArr; _printf_char_file &rArr; _printf_char_common &rArr; __printf
</UL>
<BR>[Calls]<UL><LI><a href="#[b2]">&gt;&gt;</a>&nbsp;&nbsp;&nbsp;arm_read_ext_reg
<LI><a href="#[a4]">&gt;&gt;</a>&nbsp;&nbsp;&nbsp;delay_ms
<LI><a href="#[7a]">&gt;&gt;</a>&nbsp;&nbsp;&nbsp;__2printf
</UL>
<BR>[Called By]<UL><LI><a href="#[ca]">&gt;&gt;</a>&nbsp;&nbsp;&nbsp;calibra_read_adcresult
</UL>

<P><STRONG><a name="[6c]"></a>_get_lc_numeric</STRONG> (Thumb, 44 bytes, Stack size 8 bytes, lc_numeric_c.o(locale$$code))
<BR><BR>[Stack]<UL><LI>Max Depth = 8<LI>Call Chain = _get_lc_numeric
</UL>
<BR>[Calls]<UL><LI><a href="#[f3]">&gt;&gt;</a>&nbsp;&nbsp;&nbsp;strcmp
</UL>
<BR>[Called By]<UL><LI><a href="#[6b]">&gt;&gt;</a>&nbsp;&nbsp;&nbsp;__rt_lib_init_lc_numeric_2
</UL>

<P><STRONG><a name="[40]"></a>_get_lc_ctype</STRONG> (Thumb, 44 bytes, Stack size 8 bytes, lc_ctype_c.o(locale$$code))
<BR><BR>[Stack]<UL><LI>Max Depth = 8<LI>Call Chain = _get_lc_ctype
</UL>
<BR>[Calls]<UL><LI><a href="#[f3]">&gt;&gt;</a>&nbsp;&nbsp;&nbsp;strcmp
</UL>
<BR>[Called By]<UL><LI><a href="#[6a]">&gt;&gt;</a>&nbsp;&nbsp;&nbsp;__rt_lib_init_lc_ctype_2
</UL>
<BR>[Address Reference Count : 1]<UL><LI> rt_ctype_table.o(.text)
</UL>
<P><STRONG><a name="[4b]"></a>_printf_fp_dec</STRONG> (Thumb, 4 bytes, Stack size 0 bytes, printf1.o(x$fpl$printf1))
<BR><BR>[Stack]<UL><LI>Max Depth = 324<LI>Call Chain = _printf_fp_dec &rArr; _printf_fp_dec_real &rArr; _fp_digits &rArr; _btod_etento &rArr; _btod_emul &rArr; _e2e
</UL>
<BR>[Calls]<UL><LI><a href="#[94]">&gt;&gt;</a>&nbsp;&nbsp;&nbsp;_printf_fp_dec_real
</UL>
<BR>[Called By]<UL><LI><a href="#[4d]">&gt;&gt;</a>&nbsp;&nbsp;&nbsp;_printf_g
<LI><a href="#[4c]">&gt;&gt;</a>&nbsp;&nbsp;&nbsp;_printf_e
<LI><a href="#[4a]">&gt;&gt;</a>&nbsp;&nbsp;&nbsp;_printf_f
</UL>

<P><STRONG><a name="[4f]"></a>_printf_fp_hex</STRONG> (Thumb, 4 bytes, Stack size 0 bytes, printf2.o(x$fpl$printf2))
<BR><BR>[Stack]<UL><LI>Max Depth = 112<LI>Call Chain = _printf_fp_hex &rArr; _printf_fp_hex_real &rArr; _printf_fp_infnan &rArr; _printf_post_padding
</UL>
<BR>[Calls]<UL><LI><a href="#[97]">&gt;&gt;</a>&nbsp;&nbsp;&nbsp;_printf_fp_hex_real
</UL>
<BR>[Called By]<UL><LI><a href="#[4e]">&gt;&gt;</a>&nbsp;&nbsp;&nbsp;_printf_a
</UL>
<P>
<H3>
Local Symbols
</H3>
<P><STRONG><a name="[b4]"></a>SetSysClock</STRONG> (Thumb, 258 bytes, Stack size 12 bytes, system_stm32l1xx.o(i.SetSysClock))
<BR><BR>[Stack]<UL><LI>Max Depth = 12<LI>Call Chain = SetSysClock
</UL>
<BR>[Called By]<UL><LI><a href="#[3b]">&gt;&gt;</a>&nbsp;&nbsp;&nbsp;SystemInit
</UL>

<P><STRONG><a name="[3e]"></a>_printf_input_char</STRONG> (Thumb, 10 bytes, Stack size 0 bytes, _printf_char_common.o(.text))
<BR>[Address Reference Count : 1]<UL><LI> _printf_char_common.o(.text)
</UL>
<P><STRONG><a name="[8f]"></a>_fp_digits</STRONG> (Thumb, 432 bytes, Stack size 96 bytes, _printf_fp_dec.o(.text))
<BR><BR>[Stack]<UL><LI>Max Depth = 220<LI>Call Chain = _fp_digits &rArr; _btod_etento &rArr; _btod_emul &rArr; _e2e
</UL>
<BR>[Calls]<UL><LI><a href="#[93]">&gt;&gt;</a>&nbsp;&nbsp;&nbsp;_btod_emul
<LI><a href="#[92]">&gt;&gt;</a>&nbsp;&nbsp;&nbsp;_btod_ediv
<LI><a href="#[91]">&gt;&gt;</a>&nbsp;&nbsp;&nbsp;_btod_d2e
<LI><a href="#[90]">&gt;&gt;</a>&nbsp;&nbsp;&nbsp;_btod_etento
<LI><a href="#[8d]">&gt;&gt;</a>&nbsp;&nbsp;&nbsp;_ll_udiv10
</UL>
<BR>[Called By]<UL><LI><a href="#[94]">&gt;&gt;</a>&nbsp;&nbsp;&nbsp;_printf_fp_dec_real
</UL>
<P>
<H3>
Undefined Global Symbols
</H3><HR></body></html>
