Component: ARM Compiler 5.06 update 6 (build 750) Tool: armlink [4d35ed]

==============================================================================

Section Cross References

    system_stm32l1xx.o(i.SystemCoreClockUpdate) refers to system_stm32l1xx.o(.data) for SystemCoreClock
    system_stm32l1xx.o(i.SystemInit) refers to system_stm32l1xx.o(i.SetSysClock) for SetSysClock
    main.o(i.change) refers to main.o(.bss) for data_return
    main.o(i.main) refers to _printf_pad.o(.text) for _printf_pre_padding
    main.o(i.main) refers to _printf_percent.o(.ARM.Collect$$_printf_percent$$00000000) for _printf_percent
    main.o(i.main) refers to _printf_x.o(.ARM.Collect$$_printf_percent$$0000000C) for _printf_x
    main.o(i.main) refers to _printf_hex_int_ll_ptr.o(.text) for _printf_longlong_hex
    main.o(i.main) refers to process_task.o(i.bsp_init) for bsp_init
    main.o(i.main) refers to bc28.o(i.BC28_Init) for BC28_Init
    main.o(i.main) refers to delay.o(i.delay_ms) for delay_ms
    main.o(i.main) refers to process_task.o(i.lpcd_func) for lpcd_func
    main.o(i.main) refers to bc28.o(i.Clear_Buffer) for Clear_Buffer
    main.o(i.main) refers to process_task.o(i.into_stop_mode_init) for into_stop_mode_init
    main.o(i.main) refers to delay.o(i.delay_init) for delay_init
    main.o(i.main) refers to misc.o(i.NVIC_PriorityGroupConfig) for NVIC_PriorityGroupConfig
    main.o(i.main) refers to usart.o(i.uart1_init) for uart1_init
    main.o(i.main) refers to usart.o(i.uart2_init) for uart2_init
    main.o(i.main) refers to __2printf.o(.text) for __2printf
    main.o(i.main) refers to fm17550.o(i.arm_write_ext_reg) for arm_write_ext_reg
    main.o(i.main) refers to fm17550.o(i.type_A_request) for type_A_request
    main.o(i.main) refers to bc28.o(i.BC28_ConTCP) for BC28_ConTCP
    main.o(i.main) refers to bc28.o(i.BC28_Senddata) for BC28_Senddata
    main.o(i.main) refers to bc28.o(i.BC28_RECData) for BC28_RECData
    main.o(i.main) refers to strstr.o(.text) for strstr
    main.o(i.main) refers to lpcd.o(i.lpcd_auto_wakeup_irq_handler) for lpcd_auto_wakeup_irq_handler
    main.o(i.main) refers to usart.o(i.Uart2_SendStr) for Uart2_SendStr
    main.o(i.main) refers to exti.o(.data) for lpcd_irq
    main.o(i.main) refers to main.o(.data) for card_
    main.o(i.main) refers to usart.o(.bss) for buf_uart2
    main.o(i.main) refers to main.o(.conststring) for .conststring
    startup_stm32l1xx_md.o(STACK) refers (Special) to heapauxi.o(.text) for __use_two_region_memory
    startup_stm32l1xx_md.o(HEAP) refers (Special) to heapauxi.o(.text) for __use_two_region_memory
    startup_stm32l1xx_md.o(RESET) refers (Special) to heapauxi.o(.text) for __use_two_region_memory
    startup_stm32l1xx_md.o(RESET) refers to startup_stm32l1xx_md.o(STACK) for __initial_sp
    startup_stm32l1xx_md.o(RESET) refers to startup_stm32l1xx_md.o(.text) for Reset_Handler
    startup_stm32l1xx_md.o(RESET) refers to stm32l1xx_it.o(i.NMI_Handler) for NMI_Handler
    startup_stm32l1xx_md.o(RESET) refers to stm32l1xx_it.o(i.HardFault_Handler) for HardFault_Handler
    startup_stm32l1xx_md.o(RESET) refers to stm32l1xx_it.o(i.MemManage_Handler) for MemManage_Handler
    startup_stm32l1xx_md.o(RESET) refers to stm32l1xx_it.o(i.BusFault_Handler) for BusFault_Handler
    startup_stm32l1xx_md.o(RESET) refers to stm32l1xx_it.o(i.UsageFault_Handler) for UsageFault_Handler
    startup_stm32l1xx_md.o(RESET) refers to stm32l1xx_it.o(i.SVC_Handler) for SVC_Handler
    startup_stm32l1xx_md.o(RESET) refers to stm32l1xx_it.o(i.DebugMon_Handler) for DebugMon_Handler
    startup_stm32l1xx_md.o(RESET) refers to stm32l1xx_it.o(i.PendSV_Handler) for PendSV_Handler
    startup_stm32l1xx_md.o(RESET) refers to stm32l1xx_it.o(i.SysTick_Handler) for SysTick_Handler
    startup_stm32l1xx_md.o(RESET) refers to exti.o(i.EXTI0_IRQHandler) for EXTI0_IRQHandler
    startup_stm32l1xx_md.o(RESET) refers to exti.o(i.EXTI1_IRQHandler) for EXTI1_IRQHandler
    startup_stm32l1xx_md.o(RESET) refers to usart.o(i.USART1_IRQHandler) for USART1_IRQHandler
    startup_stm32l1xx_md.o(RESET) refers to usart.o(i.USART2_IRQHandler) for USART2_IRQHandler
    startup_stm32l1xx_md.o(.text) refers (Special) to heapauxi.o(.text) for __use_two_region_memory
    startup_stm32l1xx_md.o(.text) refers to system_stm32l1xx.o(i.SystemInit) for SystemInit
    startup_stm32l1xx_md.o(.text) refers to __main.o(!!!main) for __main
    startup_stm32l1xx_md.o(.text) refers to startup_stm32l1xx_md.o(HEAP) for Heap_Mem
    startup_stm32l1xx_md.o(.text) refers to startup_stm32l1xx_md.o(STACK) for Stack_Mem
    delay.o(i.delay_init) refers to misc.o(i.SysTick_CLKSourceConfig) for SysTick_CLKSourceConfig
    delay.o(i.delay_init) refers to system_stm32l1xx.o(.data) for SystemCoreClock
    delay.o(i.delay_init) refers to delay.o(.data) for fac_us
    delay.o(i.delay_ms) refers to delay.o(.data) for fac_ms
    delay.o(i.delay_us) refers to delay.o(.data) for fac_us
[...]
    _fp_digits                               0x08000a8d   Thumb Code   432  _printf_fp_dec.o(.text)
    .text                                    0x08000ea8   Section        0  _printf_fp_hex.o(.text)
    .text                                    0x080011a4   Section        0  _printf_wchar.o(.text)
    .text                                    0x080011d0   Section        0  ferror.o(.text)
    .text                                    0x080011d8   Section        0  _wcrtomb.o(.text)
    .text                                    0x08001218   Section       74  sys_stackheap_outer.o(.text)
    .text                                    0x08001264   Section       16  rt_ctype_table.o(.text)
    .text                                    0x08001274   Section        8  rt_locale_intlibspace.o(.text)
    .text                                    0x0800127c   Section        0  _printf_fp_infnan.o(.text)
    .text                                    0x080012fc   Section        0  bigflt0.o(.text)
    .text                                    0x080013e0   Section        0  exit.o(.text)
    .text                                    0x080013f4   Section        8  libspace.o(.text)
    .text                                    0x080013fc   Section      128  strcmpv7m.o(.text)
    CL$$btod_d2e                             0x0800147c   Section       62  btod.o(CL$$btod_d2e)
    CL$$btod_d2e_denorm_low                  0x080014ba   Section       70  btod.o(CL$$btod_d2e_denorm_low)
    CL$$btod_d2e_norm_op1                    0x08001500   Section       96  btod.o(CL$$btod_d2e_norm_op1)
    CL$$btod_div_common                      0x08001560   Section      824  btod.o(CL$$btod_div_common)
    CL$$btod_e2e                             0x08001898   Section      220  btod.o(CL$$btod_e2e)
    CL$$btod_ediv                            0x08001974   Section       42  btod.o(CL$$btod_ediv)
    CL$$btod_emul                            0x0800199e   Section       42  btod.o(CL$$btod_emul)
    CL$$btod_mult_common                     0x080019c8   Section      580  btod.o(CL$$btod_mult_common)
    i.BC28_ConTCP                            0x08001c0c   Section        0  bc28.o(i.BC28_ConTCP)
    i.BC28_Init                              0x08001dc0   Section        0  bc28.o(i.BC28_Init)
    i.BC28_RECData                           0x08002160   Section        0  bc28.o(i.BC28_RECData)
    i.BC28_Senddata                          0x08002204   Section        0  bc28.o(i.BC28_Senddata)
    i.BusFault_Handler                       0x08002298   Section        0  stm32l1xx_it.o(i.BusFault_Handler)
    i.Clear_Buffer                           0x0800229c   Section        0  bc28.o(i.Clear_Buffer)
    i.DebugMon_Handler                       0x080022c4   Section        0  stm32l1xx_it.o(i.DebugMon_Handler)
    i.EXTI0_IRQHandler                       0x080022c6   Section        0  exti.o(i.EXTI0_IRQHandler)
    i.EXTI1_IRQHandler                       0x080022f0   Section        0  exti.o(i.EXTI1_IRQHandler)
    i.EXTI_ClearITPendingBit                 0x08002350   Section        0  stm32l1xx_exti.o(i.EXTI_ClearITPendingBit)
    i.EXTI_GetITStatus                       0x0800235c   Section        0  stm32l1xx_exti.o(i.EXTI_GetITStatus)
    i.EXTI_Init                              0x08002374   Section        0  stm32l1xx_exti.o(i.EXTI_Init)
    i.GPIO_Init                              0x08002408   Section        0  stm32l1xx_gpio.o(i.GPIO_Init)
    i.GPIO_PinAFConfig                       0x0800248c   Section        0  stm32l1xx_gpio.o(i.GPIO_PinAFConfig)
    i.GPIO_ResetBits                         0x080024d2   Section        0  stm32l1xx_gpio.o(i.GPIO_ResetBits)
    i.HardFault_Handler                      0x080024d6   Section        0  stm32l1xx_it.o(i.HardFault_Handler)
    i.MemManage_Handler                      0x080024da   Section        0  stm32l1xx_it.o(i.MemManage_Handler)
    i.NMI_Handler                            0x080024de   Section        0  stm32l1xx_it.o(i.NMI_Handler)
    i.NVIC_Init                              0x080024e0   Section        0  misc.o(i.NVIC_Init)
    i.NVIC_PriorityGroupConfig               0x08002558   Section        0  misc.o(i.NVIC_PriorityGroupConfig)
    i.PWR_EnterSTOPMode                      0x0800256c   Section        0  stm32l1xx_pwr.o(i.PWR_EnterSTOPMode)
    i.PWR_UltraLowPowerCmd                   0x080025ac   Section        0  stm32l1xx_pwr.o(i.PWR_UltraLowPowerCmd)
    i.PendSV_Handler                         0x080025b8   Section        0  stm32l1xx_it.o(i.PendSV_Handler)
    i.RCC_AHBPeriphClockCmd                  0x080025bc   Section        0  stm32l1xx_rcc.o(i.RCC_AHBPeriphClockCmd)
    i.RCC_APB1PeriphClockCmd                 0x080025dc   Section        0  stm32l1xx_rcc.o(i.RCC_APB1PeriphClockCmd)
    i.RCC_APB1PeriphResetCmd                 0x080025fc   Section        0  stm32l1xx_rcc.o(i.RCC_APB1PeriphResetCmd)
    i.RCC_APB2PeriphClockCmd                 0x0800261c   Section        0  stm32l1xx_rcc.o(i.RCC_APB2PeriphClockCmd)
    i.RCC_APB2PeriphResetCmd                 0x0800263c   Section        0  stm32l1xx_rcc.o(i.RCC_APB2PeriphResetCmd)
    i.RCC_GetClocksFreq                      0x0800265c   Section        0  stm32l1xx_rcc.o(i.RCC_GetClocksFreq)
    i.RCC_GetSYSCLKSource                    0x0800275c   Section        0  stm32l1xx_rcc.o(i.RCC_GetSYSCLKSource)
    i.SPI1_SetSpeed                          0x0800276c   Section        0  spi.o(i.SPI1_SetSpeed)
    i.SPI_Cmd                                0x08002794   Section        0  stm32l1xx_spi.o(i.SPI_Cmd)
    i.SPI_I2S_ClearFlag                      0x080027ac   Section        0  stm32l1xx_spi.o(i.SPI_I2S_ClearFlag)
    i.SPI_I2S_GetFlagStatus                  0x080027b2   Section        0  stm32l1xx_spi.o(i.SPI_I2S_GetFlagStatus)
    i.SPI_I2S_ReceiveData                    0x080027c4   Section        0  stm32l1xx_spi.o(i.SPI_I2S_ReceiveData)
    i.SPI_I2S_SendData                       0x080027ca   Section        0  stm32l1xx_spi.o(i.SPI_I2S_SendData)
    i.SPI_Init                               0x080027ce   Section        0  stm32l1xx_spi.o(i.SPI_Init)
    i.SVC_Handler                            0x0800280a   Section        0  stm32l1xx_it.o(i.SVC_Handler)
    i.SYSCFG_EXTILineConfig                  0x0800280c   Section        0  stm32l1xx_syscfg.o(i.SYSCFG_EXTILineConfig)
    i.SetSysClock                            0x0800284c   Section        0  system_stm32l1xx.o(i.SetSysClock)
    SetSysClock                              0x0800284d   Thumb Code   258  system_stm32l1xx.o(i.SetSysClock)
    i.SysTick_CLKSourceConfig                0x0800295c   Section        0  misc.o(i.SysTick_CLKSourceConfig)
    i.SysTick_Handler                        0x08002984   Section        0  stm32l1xx_it.o(i.SysTick_Handler)
    i.SystemInit                             0x08002988   Section        0  system_stm32l1xx.o(i.SystemInit)
    i.USART1_IRQHandler                      0x080029f0   Section        0  usart.o(i.USART1_IRQHandler)
    i.USART2_IRQHandler                      0x08002a2c   Section        0  usart.o(i.USART2_IRQHandler)
    i.USART_ClearFlag                        0x08002a7c   Section        0  stm32l1xx_usart.o(i.USART_ClearFlag)
    i.USART_ClearITPendingBit                0x08002a8e   Section        0  stm32l1xx_usart.o(i.USART_ClearITPendingBit)
    i.USART_Cmd                              0x08002aac   Section        0  stm32l1xx_usart.o(i.USART_Cmd)
    i.USART_DeInit                           0x08002ac4   Section        0  stm32l1xx_usart.o(i.USART_DeInit)
    i.USART_GetFlagStatus                    0x08002b60   Section        0  stm32l1xx_usart.o(i.USART_GetFlagStatus)
    i.USART_GetITStatus                      0x08002b7a   Section        0  stm32l1xx_usart.o(i.USART_GetITStatus)
    i.USART_ITConfig                         0x08002bce   Section        0  stm32l1xx_usart.o(i.USART_ITConfig)
    i.USART_Init                             0x08002c18   Section        0  stm32l1xx_usart.o(i.USART_Init)
    i.USART_ReceiveData                      0x08002ce4   Section        0  stm32l1xx_usart.o(i.USART_ReceiveData)
    i.Uart2_SendStr                          0x08002cf0   Section        0  usart.o(i.Uart2_SendStr)
    i.UsageFault_Handler                     0x08002d18   Section        0  stm32l1xx_it.o(i.UsageFault_Handler)
    i.__ARM_fpclassify                       0x08002d1c   Section        0  fpclassify.o(i.__ARM_fpclassify)
    i._is_digit                              0x08002d44   Section        0  __printf_wp.o(i._is_digit)
    i._sys_exit                              0x08002d52   Section        0  usart.o(i._sys_exit)
    i.arm_read_ext_reg                       0x08002d58   Section        0  fm17550.o(i.arm_read_ext_reg)
    i.arm_write_ext_reg                      0x08002d70   Section        0  fm17550.o(i.arm_write_ext_reg)
    i.bsp_init                               0x08002d94   Section        0  process_task.o(i.bsp_init)
    i.calibra_read_adcresult                 0x08002e18   Section        0  lpcd.o(i.calibra_read_adcresult)
    i.clear_bit_mask                         0x08002e56   Section        0  fm17550.o(i.clear_bit_mask)
    i.clear_ext_bitmask                      0x08002e78   Section        0  fm17550.o(i.clear_ext_bitmask)
    i.clear_fifo                             0x08002e9a   Section        0  fm17550.o(i.clear_fifo)
    i.delay_init                             0x08002eb4   Section        0  delay.o(i.delay_init)
    i.delay_ms                               0x08002ef8   Section        0  delay.o(i.delay_ms)
    i.delay_us                               0x08002f44   Section        0  delay.o(i.delay_us)
    i.exti_init                              0x08002f90   Section        0  exti.o(i.exti_init)
    i.fm17500_hard_powerdown                 0x0800306c   Section        0  lpcd.o(i.fm17500_hard_powerdown)
    i.fm17550_hard_reset                     0x0800309c   Section        0  fm17550.o(i.fm17550_hard_reset)
    i.fm17550_hardpowerdown                  0x080030c4   Section        0  fm17550.o(i.fm17550_hardpowerdown)
    i.fputc                                  0x080030e4   Section        0  usart.o(i.fputc)
    i.get_uid                                0x08003100   Section        0  fm17550.o(i.get_uid)
    i.into_stop_mode_init                    0x080031d8   Section        0  process_task.o(i.into_stop_mode_init)
    i.lpcd_auto_wakeup_irq_handler           0x080032fc   Section        0  lpcd.o(i.lpcd_auto_wakeup_irq_handler)
    i.lpcd_func                              0x08003340   Section        0  process_task.o(i.lpcd_func)
    i.lpcd_init_calibra                      0x080033f8   Section        0  lpcd.o(i.lpcd_init_calibra)
    i.lpcd_param_init                        0x080037e8   Section        0  lpcd.o(i.lpcd_param_init)
    i.lpcd_reg_init                          0x080038f0   Section        0  lpcd.o(i.lpcd_reg_init)
    i.main                                   0x080039cc   Section        0  main.o(i.main)
    i.nbiot_receive_process_event            0x08003c74   Section        0  usart.o(i.nbiot_receive_process_event)
    i.pcd_command                            0x08003ca4   Section        0  fm17550.o(i.pcd_command)
    i.pcd_configiso_type                     0x08003d3c   Section        0  fm17550.o(i.pcd_configiso_type)
    i.read_lpcd_adcresult                    0x08003dce   Section        0  lpcd.o(i.read_lpcd_adcresult)
    i.set_bit_mask                           0x08003e08   Section        0  fm17550.o(i.set_bit_mask)
    i.set_rf                                 0x08003e2c   Section        0  fm17550.o(i.set_rf)
    i.spi1_hard_read_reg                     0x08003ea8   Section        0  spi.o(i.spi1_hard_read_reg)
    i.spi1_hard_write_reg                    0x08003f18   Section        0  spi.o(i.spi1_hard_write_reg)
    i.spi1_init                              0x08003f84   Section        0  spi.o(i.spi1_init)
    i.spi1_read_fifo                         0x08004080   Section        0  spi.o(i.spi1_read_fifo)
    i.spi1_write_fifo                        0x0800412c   Section        0  spi.o(i.spi1_write_fifo)
    i.type_A_request                         0x080041a0   Section        0  fm17550.o(i.type_A_request)
    i.uart1_init                             0x08004224   Section        0  usart.o(i.uart1_init)
    i.uart2_init                             0x080042f8   Section        0  usart.o(i.uart2_init)
    i.wait_for_lpcdirq                       0x080043cc   Section        0  lpcd.o(i.wait_for_lpcdirq)
    locale$$code                             0x08004418   Section       44  lc_numeric_c.o(locale$$code)
    locale$$code                             0x08004444   Section       44  lc_ctype_c.o(locale$$code)
    x$fpl$printf1                            0x08004470   Section        4  printf1.o(x$fpl$printf1)
    x$fpl$printf2                            0x08004474   Section        4  printf2.o(x$fpl$printf2)
    .constdata                               0x08004478   Section       40  _printf_hex_int_ll_ptr.o(.constdata)
    x$fpl$usenofp                            0x08004478   Section        0  usenofp.o(x$fpl$usenofp)
    uc_hextab                                0x08004478   Data          20  _printf_hex_int_ll_ptr.o(.constdata)
    lc_hextab                                0x0800448c   Data          20  _printf_hex_int_ll_ptr.o(.constdata)
    .constdata                               0x080044a0   Section       17  __printf_flags_ss_wp.o(.constdata)
    maptable                                 0x080044a0   Data          17  __printf_flags_ss_wp.o(.constdata)
    .constdata                               0x080044b4   Section        8  _printf_wctomb.o(.constdata)
    initial_mbstate                          0x080044b4   Data           8  _printf_wctomb.o(.constdata)
    .constdata                               0x080044bc   Section       38  _printf_fp_hex.o(.constdata)
    lc_hextab                                0x080044bc   Data          19  _printf_fp_hex.o(.constdata)
    uc_hextab                                0x080044cf   Data          19  _printf_fp_hex.o(.constdata)
    .constdata                               0x080044e4   Section      148  bigflt0.o(.constdata)
    tenpwrs_x                                0x080044e4   Data          60  bigflt0.o(.constdata)
    tenpwrs_i                                0x08004520   Data          64  bigflt0.o(.constdata)
    .conststring                             0x08004578   Section       87  main.o(.conststring)
    locale$$data                             0x080045f0   Section       28  lc_numeric_c.o(locale$$data)
    __lcnum_c_name                           0x080045f4   Data           2  lc_numeric_c.o(locale$$data)
    __lcnum_c_start                          0x080045fc   Data           0  lc_numeric_c.o(locale$$data)
    __lcnum_c_point                          0x08004608   Data           0  lc_numeric_c.o(locale$$data)
    __lcnum_c_thousands                      0x0800460a   Data           0  lc_numeric_c.o(locale$$data)
    __lcnum_c_grouping                       0x0800460b   Data           0  lc_numeric_c.o(locale$$data)
    locale$$data                             0x0800460c   Section      272  lc_ctype_c.o(locale$$data)
    __lcnum_c_end                            0x0800460c   Data           0  lc_numeric_c.o(locale$$data)
    __lcctype_c_name                         0x08004610   Data           2  lc_ctype_c.o(locale$$data)
    __lcctype_c_start                        0x08004618   Data           0  lc_ctype_c.o(locale$$data)
    __lcctype_c_end                          0x0800471c   Data           0  lc_ctype_c.o(locale$$data)
    .data                                    0x20000000   Section       29  system_stm32l1xx.o(.data)
    .data                                    0x20000020   Section       20  main.o(.data)
    .data                                    0x20000034   Section        4  delay.o(.data)
    fac_us                                   0x20000034   Data           1  delay.o(.data)
    fac_ms                                   0x20000036   Data           2  delay.o(.data)
    .data                                    0x20000038   Section       10  usart.o(.data)
    .data                                    0x20000042   Section        2  exti.o(.data)
    .data                                    0x20000044   Section       13  lpcd.o(.data)
    .data                                    0x20000054   Section       16  bc28.o(.data)
    .data                                    0x20000064   Section       25  stm32l1xx_rcc.o(.data)
    PLLMulTable                              0x20000064   Data           9  stm32l1xx_rcc.o(.data)
    APBAHBPrescTable                         0x2000006d   Data          16  stm32l1xx_rcc.o(.data)
    .bss                                     0x20000080   Section     1116  usart.o(.bss)
    .bss                                     0x200004dc   Section      379  bc28.o(.bss)
    .bss                                     0x20000658   Section       96  libspace.o(.bss)
    HEAP                                     0x200006b8   Section      512  startup_stm32l1xx_md.o(HEAP)
    Heap_Mem                                 0x200006b8   Data         512  startup_stm32l1xx_md.o(HEAP)
    STACK                                    0x200008b8   Section     1024  startup_stm32l1xx_md.o(STACK)
    Stack_Mem                                0x200008b8   Data        1024  startup_stm32l1xx_md.o(STACK)
    __initial_sp                             0x20000cb8   Data           0  startup_stm32l1xx_md.o(STACK)

    Global Symbols

    Symbol Name                              Value     Ov Type        Size  Object(Section)

    BuildAttributes$$THM_ISAv4$P$D$K$B$S$PE$A:L22UL41UL21$X:L11$S22US41US21$IEEE1$IW$USESV6$~STKCKD$USESV7$~SHL$OTIME$ROPI$IEEEJ$EBA8$UX$STANDARDLIB$REQ8$PRES8$EABIv2 0x00000000   Number         0  anon$$obj.o ABSOLUTE
    __ARM_use_no_argv                        0x00000000   Number         0  main.o ABSOLUTE
    _printf_flags                            0x00000000   Number         0  printf_stubs.o ABSOLUTE
    _printf_return_value                     0x00000000   Number         0  printf_stubs.o ABSOLUTE
    _printf_sizespec                         0x00000000   Number         0  printf_stubs.o ABSOLUTE
    _printf_widthprec                        0x00000000   Number         0  printf_stubs.o ABSOLUTE
    __ARM_exceptions_init                     - Undefined Weak Reference
    __alloca_initialize                       - Undefined Weak Reference
    __arm_preinit_                            - Undefined Weak Reference
    __cpp_initialize__aeabi_                  - Undefined Weak Reference
    __cxa_finalize                            - Undefined Weak Reference
    __sigvec_lookup                           - Undefined Weak Reference
    _atexit_init                              - Undefined Weak Reference
    _call_atexit_fns                          - Undefined Weak Reference
    _clock_init                               - Undefined Weak Reference
    _fp_trap_init                             - Undefined Weak Reference
    _fp_trap_shutdown                         - Undefined Weak Reference
    _get_lc_collate                           - Undefined Weak Reference
    _get_lc_monetary                          - Undefined Weak Reference
    _get_lc_time                              - Undefined Weak Reference
    _getenv_init                              - Undefined Weak Reference
    _handle_redirection                       - Undefined Weak Reference
    _init_alloc                               - Undefined Weak Reference
    _init_user_alloc                          - Undefined Weak Reference
    _initio                                   - Undefined Weak Reference
    _mutex_acquire                            - Undefined Weak Reference
    _mutex_release                            - Undefined Weak Reference
    _printf_mbtowc                            - Undefined Weak Reference
    _printf_wc                                - Undefined Weak Reference
    _rand_init                                - Undefined Weak Reference
    _signal_finish                            - Undefined Weak Reference
    _signal_init                              - Undefined Weak Reference
    _terminate_alloc                          - Undefined Weak Reference
    _terminate_user_alloc                     - Undefined Weak Reference
    _terminateio                              - Undefined Weak Reference
    __Vectors_Size                           0x000000f4   Number         0  startup_stm32l1xx_md.o ABSOLUTE
    __Vectors                                0x08000000   Data           4  startup_stm32l1xx_md.o(RESET)
    __Vectors_End                            0x080000f4   Data           0  startup_stm32l1xx_md.o(RESET)
    __main                                   0x080000f5   Thumb Code     8  __main.o(!!!main)
    __scatterload                            0x080000fd   Thumb Code     0  __scatter.o(!!!scatter)
    __scatterload_rt2                        0x080000fd   Thumb Code    44  __scatter.o(!!!scatter)
    __scatterload_rt2_thumb_only             0x080000fd   Thumb Code     0  __scatter.o(!!!scatter)
    __scatterload_null                       0x0800010b   Thumb Code     0  __scatter.o(!!!scatter)
    __scatterload_copy                       0x08000131   Thumb Code    26  __scatter_copy.o(!!handler_copy)
    __scatterload_zeroinit                   0x0800014d   Thumb Code    28  __scatter_zi.o(!!handler_zi)
    _printf_n                                0x08000169   Thumb Code     0  _printf_n.o(.ARM.Collect$$_printf_percent$$00000001)
    _printf_percent                          0x08000169   Thumb Code     0  _printf_percent.o(.ARM.Collect$$_printf_percent$$00000000)
    _printf_p                                0x0800016f   Thumb Code     0  _printf_p.o(.ARM.Collect$$_printf_percent$$00000002)
    _printf_f                                0x08000175   Thumb Code     0  _printf_f.o(.ARM.Collect$$_printf_percent$$00000003)
    _printf_e                                0x0800017b   Thumb Code     0  _printf_e.o(.ARM.Collect$$_printf_percent$$00000004)
    _printf_g                                0x08000181   Thumb Code     0  _printf_g.o(.ARM.Collect$$_printf_percent$$00000005)
    _printf_a                                0x08000187   Thumb Code     0  _printf_a.o(.ARM.Collect$$_printf_percent$$00000006)
    _printf_ll                               0x0800018d   Thumb Code     0  _printf_ll.o(.ARM.Collect$$_printf_percent$$00000007)
    _printf_i                                0x08000197   Thumb Code     0  _printf_i.o(.ARM.Collect$$_printf_percent$$00000008)
    _printf_d                                0x0800019d   Thumb Code     0  _printf_d.o(.ARM.Collect$$_printf_percent$$00000009)
    _printf_u                                0x080001a3   Thumb Code     0  _printf_u.o(.ARM.Collect$$_printf_percent$$0000000A)
    _printf_o                                0x080001a9   Thumb Code     0  _printf_o.o(.ARM.Collect$$_printf_percent$$0000000B)
    _printf_x                                0x080001af   Thumb Code     0  _printf_x.o(.ARM.Collect$$_printf_percent$$0000000C)
    _printf_lli                              0x080001b5   Thumb Code     0  _printf_lli.o(.ARM.Collect$$_printf_percent$$0000000D)
    _printf_lld                              0x080001bb   Thumb Code     0  _printf_lld.o(.ARM.Collect$$_printf_percent$$0000000E)
    _printf_llu                              0x080001c1   Thumb Code     0  _printf_llu.o(.ARM.Collect$$_printf_percent$$0000000F)
    _printf_llo                              0x080001c7   Thumb Code     0  _printf_llo.o(.ARM.Collect$$_printf_percent$$00000010)
    _printf_llx                              0x080001cd   Thumb Code     0  _printf_llx.o(.ARM.Collect$$_printf_percent$$00000011)
    _printf_l                                0x080001d3   Thumb Code     0  _printf_l.o(.ARM.Collect$$_printf_percent$$00000012)
    _printf_c                                0x080001dd   Thumb Code     0  _printf_c.o(.ARM.Collect$$_printf_percent$$00000013)
    _printf_s                                0x080001e3   Thumb Code     0  _printf_s.o(.ARM.Collect$$_printf_percent$$00000014)
    _printf_lc                               0x080001e9   Thumb Code     0  _printf_lc.o(.ARM.Collect$$_printf_percent$$00000015)
    _printf_ls                               0x080001ef   Thumb Code     0  _printf_ls.o(.ARM.Collect$$_printf_percent$$00000016)
    _printf_percent_end                      0x080001f5   Thumb Code     0  _printf_percent_end.o(.ARM.Collect$$_printf_percent$$00000017)
    __rt_lib_init                            0x080001f9   Thumb Code     0  libinit.o(.ARM.Collect$$libinit$$00000000)
    __rt_lib_init_fp_1                       0x080001fb   Thumb Code     0  libinit2.o(.ARM.Collect$$libinit$$00000002)
    __rt_lib_init_heap_1                     0x080001fb   Thumb Code     0  libinit2.o(.ARM.Collect$$libinit$$0000000A)
    __rt_lib_init_lc_common                  0x080001fb   Thumb Code     0  libinit2.o(.ARM.Collect$$libinit$$0000000F)
    __rt_lib_init_preinit_1                  0x080001fb   Thumb Code     0  libinit2.o(.ARM.Collect$$libinit$$00000004)
    __rt_lib_init_rand_1                     0x080001fb   Thumb Code     0  libinit2.o(.ARM.Collect$$libinit$$0000000E)
    __rt_lib_init_user_alloc_1               0x080001fb   Thumb Code     0  libinit2.o(.ARM.Collect$$libinit$$0000000C)
    __rt_lib_init_lc_collate_1               0x08000201   Thumb Code     0  libinit2.o(.ARM.Collect$$libinit$$00000011)
    __rt_lib_init_lc_ctype_2                 0x08000201   Thumb Code     0  libinit2.o(.ARM.Collect$$libinit$$00000012)
    __rt_lib_init_lc_ctype_1                 0x0800020d   Thumb Code     0  libinit2.o(.ARM.Collect$$libinit$$00000013)
    __rt_lib_init_lc_monetary_1              0x0800020d   Thumb Code     0  libinit2.o(.ARM.Collect$$libinit$$00000015)
    __rt_lib_init_lc_numeric_2               0x0800020d   Thumb Code     0  libinit2.o(.ARM.Collect$$libinit$$00000016)
    __rt_lib_init_alloca_1                   0x08000217   Thumb Code     0  libinit2.o(.ARM.Collect$$libinit$$0000002E)
    __rt_lib_init_argv_1                     0x08000217   Thumb Code     0  libinit2.o(.ARM.Collect$$libinit$$0000002C)
    __rt_lib_init_atexit_1                   0x08000217   Thumb Code     0  libinit2.o(.ARM.Collect$$libinit$$0000001B)
    __rt_lib_init_clock_1                    0x08000217   Thumb Code     0  libinit2.o(.ARM.Collect$$libinit$$00000021)
    __rt_lib_init_cpp_1                      0x08000217   Thumb Code     0  libinit2.o(.ARM.Collect$$libinit$$00000032)
    __rt_lib_init_exceptions_1               0x08000217   Thumb Code     0  libinit2.o(.ARM.Collect$$libinit$$00000030)
    __rt_lib_init_fp_trap_1                  0x08000217   Thumb Code     0  libinit2.o(.ARM.Collect$$libinit$$0000001F)
    __rt_lib_init_getenv_1                   0x08000217   Thumb Code     0  libinit2.o(.ARM.Collect$$libinit$$00000023)
    __rt_lib_init_lc_numeric_1               0x08000217   Thumb Code     0  libinit2.o(.ARM.Collect$$libinit$$00000017)
    __rt_lib_init_lc_time_1                  0x08000217   Thumb Code     0  libinit2.o(.ARM.Collect$$libinit$$00000019)
    __rt_lib_init_return                     0x08000217   Thumb Code     0  libinit2.o(.ARM.Collect$$libinit$$00000033)
    __rt_lib_init_signal_1                   0x08000217   Thumb Code     0  libinit2.o(.ARM.Collect$$libinit$$0000001D)
    __rt_lib_init_stdio_1                    0x08000217   Thumb Code     0  libinit2.o(.ARM.Collect$$libinit$$00000025)
    __rt_lib_shutdown                        0x08000219   Thumb Code     0  libshutdown.o(.ARM.Collect$$libshutdown$$00000000)
    __rt_lib_shutdown_cpp_1                  0x0800021b   Thumb Code     0  libshutdown2.o(.ARM.Collect$$libshutdown$$00000002)
    __rt_lib_shutdown_fp_trap_1              0x0800021b   Thumb Code     0  libshutdown2.o(.ARM.Collect$$libshutdown$$00000007)
    __rt_lib_shutdown_heap_1                 0x0800021b   Thumb Code     0  libshutdown2.o(.ARM.Collect$$libshutdown$$0000000F)
    __rt_lib_shutdown_return                 0x0800021b   Thumb Code     0  libshutdown2.o(.ARM.Collect$$libshutdown$$00000010)
    __rt_lib_shutdown_signal_1               0x0800021b   Thumb Code     0  libshutdown2.o(.ARM.Collect$$libshutdown$$0000000A)
    __rt_lib_shutdown_stdio_1                0x0800021b   Thumb Code     0  libshutdown2.o(.ARM.Collect$$libshutdown$$00000004)
    __rt_lib_shutdown_user_alloc_1           0x0800021b   Thumb Code     0  libshutdown2.o(.ARM.Collect$$libshutdown$$0000000C)
    __rt_entry                               0x0800021d   Thumb Code     0  __rtentry.o(.ARM.Collect$$rtentry$$00000000)
    __rt_entry_presh_1                       0x0800021d   Thumb Code     0  __rtentry2.o(.ARM.Collect$$rtentry$$00000002)
    __rt_entry_sh                            0x0800021d   Thumb Code     0  __rtentry4.o(.ARM.Collect$$rtentry$$00000004)
    __rt_entry_li                            0x08000223   Thumb Code     0  __rtentry2.o(.ARM.Collect$$rtentry$$0000000A)
    __rt_entry_postsh_1                      0x08000223   Thumb Code     0  __rtentry2.o(.ARM.Collect$$rtentry$$00000009)
    __rt_entry_main                          0x08000227   Thumb Code     0  __rtentry2.o(.ARM.Collect$$rtentry$$0000000D)
    __rt_entry_postli_1                      0x08000227   Thumb Code     0  __rtentry2.o(.ARM.Collect$$rtentry$$0000000C)
    __rt_exit                                0x0800022f   Thumb Code     0  rtexit.o(.ARM.Collect$$rtexit$$00000000)
    __rt_exit_ls                             0x08000231   Thumb Code     0  rtexit2.o(.ARM.Collect$$rtexit$$00000003)
    __rt_exit_prels_1                        0x08000231   Thumb Code     0  rtexit2.o(.ARM.Collect$$rtexit$$00000002)
    __rt_exit_exit                           0x08000235   Thumb Code     0  rtexit2.o(.ARM.Collect$$rtexit$$00000004)
    Reset_Handler                            0x0800023d   Thumb Code     8  startup_stm32l1xx_md.o(.text)
    ADC1_IRQHandler                          0x08000257   Thumb Code     0  startup_stm32l1xx_md.o(.text)
    COMP_IRQHandler                          0x08000257   Thumb Code     0  startup_stm32l1xx_md.o(.text)
    DAC_IRQHandler                           0x08000257   Thumb Code     0  startup_stm32l1xx_md.o(.text)
    DMA1_Channel1_IRQHandler                 0x08000257   Thumb Code     0  startup_stm32l1xx_md.o(.text)
    DMA1_Channel2_IRQHandler                 0x08000257   Thumb Code     0  startup_stm32l1xx_md.o(.text)
    DMA1_Channel3_IRQHandler                 0x08000257   Thumb Code     0  startup_stm32l1xx_md.o(.text)
    DMA1_Channel4_IRQHandler                 0x08000257   Thumb Code     0  startup_stm32l1xx_md.o(.text)
    DMA1_Channel5_IRQHandler                 0x08000257   Thumb Code     0  startup_stm32l1xx_md.o(.text)
    DMA1_Channel6_IRQHandler                 0x08000257   Thumb Code     0  startup_stm32l1xx_md.o(.text)
    DMA1_Channel7_IRQHandler                 0x08000257   Thumb Code     0  startup_stm32l1xx_md.o(.text)
    EXTI15_10_IRQHandler                     0x08000257   Thumb Code     0  startup_stm32l1xx_md.o(.text)
    EXTI2_IRQHandler                         0x08000257   Thumb Code     0  startup_stm32l1xx_md.o(.text)
    EXTI3_IRQHandler                         0x08000257   Thumb Code     0  startup_stm32l1xx_md.o(.text)
    EXTI4_IRQHandler                         0x08000257   Thumb Code     0  startup_stm32l1xx_md.o(.text)
    EXTI9_5_IRQHandler                       0x08000257   Thumb Code     0  startup_stm32l1xx_md.o(.text)
    FLASH_IRQHandler                         0x08000257   Thumb Code     0  startup_stm32l1xx_md.o(.text)
    I2C1_ER_IRQHandler                       0x08000257   Thumb Code     0  startup_stm32l1xx_md.o(.text)
    I2C1_EV_IRQHandler                       0x08000257   Thumb Code     0  startup_stm32l1xx_md.o(.text)
    I2C2_ER_IRQHandler                       0x08000257   Thumb Code     0  startup_stm32l1xx_md.o(.text)
    I2C2_EV_IRQHandler                       0x08000257   Thumb Code     0  startup_stm32l1xx_md.o(.text)
    LCD_IRQHandler                           0x08000257   Thumb Code     0  startup_stm32l1xx_md.o(.text)
    PVD_IRQHandler                           0x08000257   Thumb Code     0  startup_stm32l1xx_md.o(.text)
    RCC_IRQHandler                           0x08000257   Thumb Code     0  startup_stm32l1xx_md.o(.text)
    RTC_Alarm_IRQHandler                     0x08000257   Thumb Code     0  startup_stm32l1xx_md.o(.text)
    RTC_WKUP_IRQHandler                      0x08000257   Thumb Code     0  startup_stm32l1xx_md.o(.text)
    SPI1_IRQHandler                          0x08000257   Thumb Code     0  startup_stm32l1xx_md.o(.text)
    SPI2_IRQHandler                          0x08000257   Thumb Code     0  startup_stm32l1xx_md.o(.text)
    TAMPER_STAMP_IRQHandler                  0x08000257   Thumb Code     0  startup_stm32l1xx_md.o(.text)
    TIM10_IRQHandler                         0x08000257   Thumb Code     0  startup_stm32l1xx_md.o(.text)
    TIM11_IRQHandler                         0x08000257   Thumb Code     0  startup_stm32l1xx_md.o(.text)
    TIM2_IRQHandler                          0x08000257   Thumb Code     0  startup_stm32l1xx_md.o(.text)
    TIM3_IRQHandler                          0x08000257   Thumb Code     0  startup_stm32l1xx_md.o(.text)
    TIM4_IRQHandler                          0x08000257   Thumb Code     0  startup_stm32l1xx_md.o(.text)
    TIM6_IRQHandler                          0x08000257   Thumb Code     0  startup_stm32l1xx_md.o(.text)
    TIM7_IRQHandler                          0x08000257   Thumb Code     0  startup_stm32l1xx_md.o(.text)
    TIM9_IRQHandler                          0x08000257   Thumb Code     0  startup_stm32l1xx_md.o(.text)
    USART3_IRQHandler                        0x08000257   Thumb Code     0  startup_stm32l1xx_md.o(.text)
    USB_FS_WKUP_IRQHandler                   0x08000257   Thumb Code     0  startup_stm32l1xx_md.o(.text)
    USB_HP_IRQHandler                        0x08000257   Thumb Code     0  startup_stm32l1xx_md.o(.text)
    USB_LP_IRQHandler                        0x08000257   Thumb Code     0  startup_stm32l1xx_md.o(.text)
    WWDG_IRQHandler                          0x08000257   Thumb Code     0  startup_stm32l1xx_md.o(.text)
    __user_initial_stackheap                 0x08000259   Thumb Code     0  startup_stm32l1xx_md.o(.text)
    __use_no_semihosting                     0x0800027d   Thumb Code     2  use_no_semi_2.o(.text)
    printf                                   0x08000281   Thumb Code    20  printf.o(.text)
    __2printf                                0x08000299   Thumb Code    20  __2printf.o(.text)
    __2sprintf                               0x080002b1   Thumb Code    38  __2sprintf.o(.text)
    _printf_pre_padding                      0x080002dd   Thumb Code    44  _printf_pad.o(.text)
    _printf_post_padding                     0x08000309   Thumb Code    34  _printf_pad.o(.text)
    _printf_str                              0x0800032b   Thumb Code    82  _printf_str.o(.text)
    _printf_int_dec                          0x0800037d   Thumb Code   104  _printf_dec.o(.text)
    _printf_longlong_hex                     0x080003f5   Thumb Code    86  _printf_hex_int_ll_ptr.o(.text)
    _printf_int_hex                          0x0800044b   Thumb Code    28  _printf_hex_int_ll_ptr.o(.text)
    _printf_ll_hex                           0x08000467   Thumb Code    12  _printf_hex_int_ll_ptr.o(.text)
    _printf_hex_ptr                          0x08000473   Thumb Code    18  _printf_hex_int_ll_ptr.o(.text)
    __printf                                 0x08000489   Thumb Code   388  __printf_flags_ss_wp.o(.text)
    strstr                                   0x08000611   Thumb Code    36  strstr.o(.text)
    __aeabi_memclr                           0x08000635   Thumb Code     0  rt_memclr.o(.text)
    __rt_memclr                              0x08000635   Thumb Code    68  rt_memclr.o(.text)
    _memset                                  0x08000639   Thumb Code     0  rt_memclr.o(.text)
    __aeabi_memclr4                          0x08000679   Thumb Code     0  rt_memclr_w.o(.text)
    __aeabi_memclr8                          0x08000679   Thumb Code     0  rt_memclr_w.o(.text)
    __rt_memclr_w                            0x08000679   Thumb Code    78  rt_memclr_w.o(.text)
    _memset_w                                0x0800067d   Thumb Code     0  rt_memclr_w.o(.text)
    __use_two_region_memory                  0x080006c7   Thumb Code     2  heapauxi.o(.text)
    __rt_heap_escrow$2region                 0x080006c9   Thumb Code     2  heapauxi.o(.text)
    __rt_heap_expand$2region                 0x080006cb   Thumb Code     2  heapauxi.o(.text)
    __I$use$semihosting                      0x080006cd   Thumb Code     0  use_no_semi.o(.text)
    __use_no_semihosting_swi                 0x080006cd   Thumb Code     2  use_no_semi.o(.text)
    _printf_truncate_signed                  0x080006cf   Thumb Code    18  _printf_truncate.o(.text)
    _printf_truncate_unsigned                0x080006e1   Thumb Code    18  _printf_truncate.o(.text)
    _printf_int_common                       0x080006f3   Thumb Code   178  _printf_intcommon.o(.text)
    _printf_charcount                        0x080007a5   Thumb Code    40  _printf_charcount.o(.text)
    _printf_char_common                      0x080007d7   Thumb Code    32  _printf_char_common.o(.text)
    _sputc                                   0x080007fd   Thumb Code    10  _sputc.o(.text)
    _printf_cs_common                        0x08000807   Thumb Code    20  _printf_char.o(.text)
    _printf_char                             0x0800081b   Thumb Code    16  _printf_char.o(.text)
    _printf_string                           0x0800082b   Thumb Code     8  _printf_char.o(.text)
    _printf_char_file                        0x08000835   Thumb Code    32  _printf_char_file.o(.text)
    _printf_wctomb                           0x08000859   Thumb Code   182  _printf_wctomb.o(.text)
    _printf_longlong_dec                     0x08000915   Thumb Code   108  _printf_longlong_dec.o(.text)
    _printf_longlong_oct                     0x08000991   Thumb Code    66  _printf_oct_int_ll.o(.text)
    _printf_int_oct                          0x080009d3   Thumb Code    24  _printf_oct_int_ll.o(.text)
    _printf_ll_oct                           0x080009eb   Thumb Code    12  _printf_oct_int_ll.o(.text)
    _ll_udiv10                               0x08000a01   Thumb Code   138  lludiv10.o(.text)
    __lib_sel_fp_printf                      0x08000a8b   Thumb Code     2  _printf_fp_dec.o(.text)
    _printf_fp_dec_real                      0x08000c3d   Thumb Code   620  _printf_fp_dec.o(.text)
    _printf_fp_hex_real                      0x08000ea9   Thumb Code   756  _printf_fp_hex.o(.text)
    _printf_lcs_common                       0x080011a5   Thumb Code    20  _printf_wchar.o(.text)
    _printf_wchar                            0x080011b9   Thumb Code    16  _printf_wchar.o(.text)
    _printf_wstring                          0x080011c9   Thumb Code     8  _printf_wchar.o(.text)
    ferror                                   0x080011d1   Thumb Code     8  ferror.o(.text)
    _wcrtomb                                 0x080011d9   Thumb Code    64  _wcrtomb.o(.text)
    __user_setup_stackheap                   0x08001219   Thumb Code    74  sys_stackheap_outer.o(.text)
    __rt_ctype_table                         0x08001265   Thumb Code    16  rt_ctype_table.o(.text)
    __rt_locale                              0x08001275   Thumb Code     8  rt_locale_intlibspace.o(.text)
    _printf_fp_infnan                        0x0800127d   Thumb Code   112  _printf_fp_infnan.o(.text)
    _btod_etento                             0x080012fd   Thumb Code   224  bigflt0.o(.text)
    exit                                     0x080013e1   Thumb Code    18  exit.o(.text)
    __user_libspace                          0x080013f5   Thumb Code     8  libspace.o(.text)
    __user_perproc_libspace                  0x080013f5   Thumb Code     0  libspace.o(.text)
    __user_perthread_libspace                0x080013f5   Thumb Code     0  libspace.o(.text)
    strcmp                                   0x080013fd   Thumb Code   128  strcmpv7m.o(.text)
    _btod_d2e                                0x0800147d   Thumb Code    62  btod.o(CL$$btod_d2e)
    _d2e_denorm_low                          0x080014bb   Thumb Code    70  btod.o(CL$$btod_d2e_denorm_low)
    _d2e_norm_op1                            0x08001501   Thumb Code    96  btod.o(CL$$btod_d2e_norm_op1)
    __btod_div_common                        0x08001561   Thumb Code   696  btod.o(CL$$btod_div_common)
    _e2e                                     0x08001899   Thumb Code   220  btod.o(CL$$btod_e2e)
    _btod_ediv                               0x08001975   Thumb Code    42  btod.o(CL$$btod_ediv)
    _btod_emul                               0x0800199f   Thumb Code    42  btod.o(CL$$btod_emul)
    __btod_mult_common                       0x080019c9   Thumb Code   580  btod.o(CL$$btod_mult_common)
    BC28_ConTCP                              0x08001c0d   Thumb Code   296  bc28.o(i.BC28_ConTCP)
    BC28_Init                                0x08001dc1   Thumb Code   588  bc28.o(i.BC28_Init)
    BC28_RECData                             0x08002161   Thumb Code   116  bc28.o(i.BC28_RECData)
    BC28_Senddata                            0x08002205   Thumb Code   104  bc28.o(i.BC28_Senddata)
    BusFault_Handler                         0x08002299   Thumb Code     4  stm32l1xx_it.o(i.BusFault_Handler)
    Clear_Buffer                             0x0800229d   Thumb Code    36  bc28.o(i.Clear_Buffer)
    DebugMon_Handler                         0x080022c5   Thumb Code     2  stm32l1xx_it.o(i.DebugMon_Handler)
    EXTI0_IRQHandler                         0x080022c7   Thumb Code    42  exti.o(i.EXTI0_IRQHandler)
    EXTI1_IRQHandler                         0x080022f1   Thumb Code    86  exti.o(i.EXTI1_IRQHandler)
    EXTI_ClearITPendingBit                   0x08002351   Thumb Code     6  stm32l1xx_exti.o(i.EXTI_ClearITPendingBit)
    EXTI_GetITStatus                         0x0800235d   Thumb Code    20  stm32l1xx_exti.o(i.EXTI_GetITStatus)
    EXTI_Init                                0x08002375   Thumb Code   142  stm32l1xx_exti.o(i.EXTI_Init)
    GPIO_Init                                0x08002409   Thumb Code   132  stm32l1xx_gpio.o(i.GPIO_Init)
    GPIO_PinAFConfig                         0x0800248d   Thumb Code    70  stm32l1xx_gpio.o(i.GPIO_PinAFConfig)
    GPIO_ResetBits                           0x080024d3   Thumb Code     4  stm32l1xx_gpio.o(i.GPIO_ResetBits)
    HardFault_Handler                        0x080024d7   Thumb Code     4  stm32l1xx_it.o(i.HardFault_Handler)
    MemManage_Handler                        0x080024db   Thumb Code     4  stm32l1xx_it.o(i.MemManage_Handler)
    NMI_Handler                              0x080024df   Thumb Code     2  stm32l1xx_it.o(i.NMI_Handler)
    NVIC_Init                                0x080024e1   Thumb Code   106  misc.o(i.NVIC_Init)
    NVIC_PriorityGroupConfig                 0x08002559   Thumb Code    10  misc.o(i.NVIC_PriorityGroupConfig)
    PWR_EnterSTOPMode                        0x0800256d   Thumb Code    54  stm32l1xx_pwr.o(i.PWR_EnterSTOPMode)
    PWR_UltraLowPowerCmd                     0x080025ad   Thumb Code     6  stm32l1xx_pwr.o(i.PWR_UltraLowPowerCmd)
    PendSV_Handler                           0x080025b9   Thumb Code     2  stm32l1xx_it.o(i.PendSV_Handler)
    RCC_AHBPeriphClockCmd                    0x080025bd   Thumb Code    26  stm32l1xx_rcc.o(i.RCC_AHBPeriphClockCmd)
    RCC_APB1PeriphClockCmd                   0x080025dd   Thumb Code    26  stm32l1xx_rcc.o(i.RCC_APB1PeriphClockCmd)
    RCC_APB1PeriphResetCmd                   0x080025fd   Thumb Code    26  stm32l1xx_rcc.o(i.RCC_APB1PeriphResetCmd)
    RCC_APB2PeriphClockCmd                   0x0800261d   Thumb Code    26  stm32l1xx_rcc.o(i.RCC_APB2PeriphClockCmd)
    RCC_APB2PeriphResetCmd                   0x0800263d   Thumb Code    26  stm32l1xx_rcc.o(i.RCC_APB2PeriphResetCmd)
    RCC_GetClocksFreq                        0x0800265d   Thumb Code   234  stm32l1xx_rcc.o(i.RCC_GetClocksFreq)
    RCC_GetSYSCLKSource                      0x0800275d   Thumb Code    10  stm32l1xx_rcc.o(i.RCC_GetSYSCLKSource)
    SPI1_SetSpeed                            0x0800276d   Thumb Code    36  spi.o(i.SPI1_SetSpeed)
    SPI_Cmd                                  0x08002795   Thumb Code    24  stm32l1xx_spi.o(i.SPI_Cmd)
    SPI_I2S_ClearFlag                        0x080027ad   Thumb Code     6  stm32l1xx_spi.o(i.SPI_I2S_ClearFlag)
    SPI_I2S_GetFlagStatus                    0x080027b3   Thumb Code    18  stm32l1xx_spi.o(i.SPI_I2S_GetFlagStatus)
    SPI_I2S_ReceiveData                      0x080027c5   Thumb Code     6  stm32l1xx_spi.o(i.SPI_I2S_ReceiveData)
    SPI_I2S_SendData                         0x080027cb   Thumb Code     4  stm32l1xx_spi.o(i.SPI_I2S_SendData)
    SPI_Init                                 0x080027cf   Thumb Code    60  stm32l1xx_spi.o(i.SPI_Init)
    SVC_Handler                              0x0800280b   Thumb Code     2  stm32l1xx_it.o(i.SVC_Handler)
    SYSCFG_EXTILineConfig                    0x0800280d   Thumb Code    60  stm32l1xx_syscfg.o(i.SYSCFG_EXTILineConfig)
    SysTick_CLKSourceConfig                  0x0800295d   Thumb Code    40  misc.o(i.SysTick_CLKSourceConfig)
    SysTick_Handler                          0x08002985   Thumb Code     2  stm32l1xx_it.o(i.SysTick_Handler)
    SystemInit                               0x08002989   Thumb Code    88  system_stm32l1xx.o(i.SystemInit)
    USART1_IRQHandler                        0x080029f1   Thumb Code    48  usart.o(i.USART1_IRQHandler)
    USART2_IRQHandler                        0x08002a2d   Thumb Code    76  usart.o(i.USART2_IRQHandler)
    USART_ClearFlag                          0x08002a7d   Thumb Code    18  stm32l1xx_usart.o(i.USART_ClearFlag)
    USART_ClearITPendingBit                  0x08002a8f   Thumb Code    30  stm32l1xx_usart.o(i.USART_ClearITPendingBit)
    USART_Cmd                                0x08002aad   Thumb Code    24  stm32l1xx_usart.o(i.USART_Cmd)
    USART_DeInit                             0x08002ac5   Thumb Code   134  stm32l1xx_usart.o(i.USART_DeInit)
    USART_GetFlagStatus                      0x08002b61   Thumb Code    26  stm32l1xx_usart.o(i.USART_GetFlagStatus)
    USART_GetITStatus                        0x08002b7b   Thumb Code    84  stm32l1xx_usart.o(i.USART_GetITStatus)
    USART_ITConfig                           0x08002bcf   Thumb Code    74  stm32l1xx_usart.o(i.USART_ITConfig)
    USART_Init                               0x08002c19   Thumb Code   198  stm32l1xx_usart.o(i.USART_Init)
    USART_ReceiveData                        0x08002ce5   Thumb Code    10  stm32l1xx_usart.o(i.USART_ReceiveData)
    Uart2_SendStr                            0x08002cf1   Thumb Code    34  usart.o(i.Uart2_SendStr)
    UsageFault_Handler                       0x08002d19   Thumb Code     4  stm32l1xx_it.o(i.UsageFault_Handler)
    __ARM_fpclassify                         0x08002d1d   Thumb Code    40  fpclassify.o(i.__ARM_fpclassify)
    _is_digit                                0x08002d45   Thumb Code    14  __printf_wp.o(i._is_digit)
    _sys_exit                                0x08002d53   Thumb Code     6  usart.o(i._sys_exit)
    arm_read_ext_reg                         0x08002d59   Thumb Code    24  fm17550.o(i.arm_read_ext_reg)
    arm_write_ext_reg                        0x08002d71   Thumb Code    34  fm17550.o(i.arm_write_ext_reg)
    bsp_init                                 0x08002d95   Thumb Code    98  process_task.o(i.bsp_init)
    calibra_read_adcresult                   0x08002e19   Thumb Code    62  lpcd.o(i.calibra_read_adcresult)
    clear_bit_mask                           0x08002e57   Thumb Code    34  fm17550.o(i.clear_bit_mask)
    clear_ext_bitmask                        0x08002e79   Thumb Code    34  fm17550.o(i.clear_ext_bitmask)
    clear_fifo                               0x08002e9b   Thumb Code    26  fm17550.o(i.clear_fifo)
    delay_init                               0x08002eb5   Thumb Code    50  delay.o(i.delay_init)
    delay_ms                                 0x08002ef9   Thumb Code    72  delay.o(i.delay_ms)
    delay_us                                 0x08002f45   Thumb Code    72  delay.o(i.delay_us)
    exti_init                                0x08002f91   Thumb Code   216  exti.o(i.exti_init)
    fm17500_hard_powerdown                   0x0800306d   Thumb Code    42  lpcd.o(i.fm17500_hard_powerdown)
    fm17550_hard_reset                       0x0800309d   Thumb Code    32  fm17550.o(i.fm17550_hard_reset)
    fm17550_hardpowerdown                    0x080030c5   Thumb Code    26  fm17550.o(i.fm17550_hardpowerdown)
    fputc                                    0x080030e5   Thumb Code    24  usart.o(i.fputc)
    get_uid                                  0x08003101   Thumb Code   194  fm17550.o(i.get_uid)
    into_stop_mode_init                      0x080031d9   Thumb Code   270  process_task.o(i.into_stop_mode_init)
    lpcd_auto_wakeup_irq_handler             0x080032fd   Thumb Code    44  lpcd.o(i.lpcd_auto_wakeup_irq_handler)
    lpcd_func                                0x08003341   Thumb Code    74  process_task.o(i.lpcd_func)
    lpcd_init_calibra                        0x080033f9   Thumb Code   780  lpcd.o(i.lpcd_init_calibra)
    lpcd_param_init                          0x080037e9   Thumb Code   212  lpcd.o(i.lpcd_param_init)
    lpcd_reg_init                            0x080038f1   Thumb Code   194  lpcd.o(i.lpcd_reg_init)
    main                                     0x080039cd   Thumb Code   418  main.o(i.main)
    nbiot_receive_process_event              0x08003c75   Thumb Code    44  usart.o(i.nbiot_receive_process_event)
    pcd_command                              0x08003ca5   Thumb Code   142  fm17550.o(i.pcd_command)
    pcd_configiso_type                       0x08003d3d   Thumb Code   146  fm17550.o(i.pcd_configiso_type)
    read_lpcd_adcresult                      0x08003dcf   Thumb Code    58  lpcd.o(i.read_lpcd_adcresult)
    set_bit_mask                             0x08003e09   Thumb Code    36  fm17550.o(i.set_bit_mask)
    set_rf                                   0x08003e2d   Thumb Code   122  fm17550.o(i.set_rf)
    spi1_hard_read_reg                       0x08003ea9   Thumb Code   104  spi.o(i.spi1_hard_read_reg)
    spi1_hard_write_reg                      0x08003f19   Thumb Code    98  spi.o(i.spi1_hard_write_reg)
    spi1_init                                0x08003f85   Thumb Code   240  spi.o(i.spi1_init)
    spi1_read_fifo                           0x08004081   Thumb Code   164  spi.o(i.spi1_read_fifo)
    spi1_write_fifo                          0x0800412d   Thumb Code   108  spi.o(i.spi1_write_fifo)
    type_A_request                           0x080041a1   Thumb Code   132  fm17550.o(i.type_A_request)
    uart1_init                               0x08004225   Thumb Code   202  usart.o(i.uart1_init)
    uart2_init                               0x080042f9   Thumb Code   202  usart.o(i.uart2_init)
    wait_for_lpcdirq                         0x080043cd   Thumb Code    62  lpcd.o(i.wait_for_lpcdirq)
    _get_lc_numeric                          0x08004419   Thumb Code    44  lc_numeric_c.o(locale$$code)
    _get_lc_ctype                            0x08004445   Thumb Code    44  lc_ctype_c.o(locale$$code)
    _printf_fp_dec                           0x08004471   Thumb Code     4  printf1.o(x$fpl$printf1)
    _printf_fp_hex                           0x08004475   Thumb Code     4  printf2.o(x$fpl$printf2)
    __I$use$fp                               0x08004478   Number         0  usenofp.o(x$fpl$usenofp)
    Region$$Table$$Base                      0x080045d0   Number         0  anon$$obj.o(Region$$Table)
    Region$$Table$$Limit                     0x080045f0   Number         0  anon$$obj.o(Region$$Table)
    __ctype                                  0x08004619   Data           0  lc_ctype_c.o(locale$$data)
    SystemCoreClock                          0x20000000   Data           4  system_stm32l1xx.o(.data)
    PLLMulTable                              0x20000004   Data           9  system_stm32l1xx.o(.data)
    AHBPrescTable                            0x2000000d   Data          16  system_stm32l1xx.o(.data)
    card_                                    0x20000020   Data           5  main.o(.data)
    strx1                                    0x20000028   Data           4  main.o(.data)
    errcount1                                0x2000002c   Data           4  main.o(.data)
    enter_flag                               0x20000030   Data           4  main.o(.data)
    __stdout                                 0x20000038   Data           4  usart.o(.data)
    USART_RX_STA                             0x2000003c   Data           4  usart.o(.data)
    usart1_cnt                               0x20000040   Data           2  usart.o(.data)
    flag                                     0x20000042   Data           1  exti.o(.data)
    lpcd_irq                                 0x20000043   Data           1  exti.o(.data)
    T3ClkDivK                                0x20000044   Data           1  lpcd.o(.data)
    LpcdBiasCurrent                          0x20000045   Data           1  lpcd.o(.data)
    LpcdGainReduce                           0x20000046   Data           1  lpcd.o(.data)
    LpcdGainAmplify                          0x20000047   Data           1  lpcd.o(.data)
    LpcdADCRefernce                          0x20000048   Data           1  lpcd.o(.data)
    Timer1Cfg                                0x20000049   Data           1  lpcd.o(.data)
    Timer2Cfg                                0x2000004a   Data           1  lpcd.o(.data)
    Timer3Cfg                                0x2000004b   Data           1  lpcd.o(.data)
    ADCResultFullScale                       0x2000004c   Data           1  lpcd.o(.data)
    ADCResultThreshold                       0x2000004d   Data           1  lpcd.o(.data)
    LpcdThreshold_L                          0x2000004e   Data           1  lpcd.o(.data)
    LpcdThreshold_H                          0x2000004f   Data           1  lpcd.o(.data)
    ADCResultCenter                          0x20000050   Data           1  lpcd.o(.data)
    strx                                     0x20000054   Data           4  bc28.o(.data)
    extstrx                                  0x20000058   Data           4  bc28.o(.data)
    err                                      0x2000005c   Data           4  bc28.o(.data)
    socket_num                               0x20000060   Data           4  bc28.o(.data)
    USART_RX_BUF                             0x20000080   Data         800  usart.o(.bss)
    usart1_buf                               0x200003a0   Data          50  usart.o(.bss)
    buf_uart2                                0x200003d4   Data         264  usart.o(.bss)
    atstr                                    0x200004dc   Data         256  bc28.o(.bss)
    BC28_Status                              0x200005dc   Data         123  bc28.o(.bss)
    __libspace_start                         0x20000658   Data          96  libspace.o(.bss)
    __temporary_stack_top$libspace           0x200006b8   Data           0  libspace.o(.bss)



==============================================================================

Memory Map of the image

  Image Entry point : 0x080000f5

  Load Region LR_IROM1 (Base: 0x08000000, Size: 0x0000479c, Max: 0x00010000, ABSOLUTE)

    Execution Region ER_IROM1 (Exec base: 0x08000000, Load base: 0x08000000, Size: 0x0000471c, Max: 0x00010000, ABSOLUTE)

    Exec Addr    Load Addr    Size         Type   Attr      Idx    E Section Name        Object

    0x08000000   0x08000000   0x000000f4   Data   RO          321    RESET               startup_stm32l1xx_md.o
    0x080000f4   0x080000f4   0x00000008   Code   RO         3091  * !!!main             c_w.l(__main.o)
    0x080000fc   0x080000fc   0x00000034   Code   RO         3362    !!!scatter          c_w.l(__scatter.o)
    0x08000130   0x08000130   0x0000001a   Code   RO         3364    !!handler_copy      c_w.l(__scatter_copy.o)
    0x0800014a   0x0800014a   0x00000002   PAD
    0x0800014c   0x0800014c   0x0000001c   Code   RO         3366    !!handler_zi        c_w.l(__scatter_zi.o)
    0x08000168   0x08000168   0x00000000   Code   RO         3082    .ARM.Collect$$_printf_percent$$00000000  c_w.l(_printf_percent.o)
    0x08000168   0x08000168   0x00000006   Code   RO         3121    .ARM.Collect$$_printf_percent$$00000001  c_w.l(_printf_n.o)
    0x0800016e   0x0800016e   0x00000006   Code   RO         3122    .ARM.Collect$$_printf_percent$$00000002  c_w.l(_printf_p.o)
    0x08000174   0x08000174   0x00000006   Code   RO         3126    .ARM.Collect$$_printf_percent$$00000003  c_w.l(_printf_f.o)
    0x0800017a   0x0800017a   0x00000006   Code   RO         3127    .ARM.Collect$$_printf_percent$$00000004  c_w.l(_printf_e.o)
    0x08000180   0x08000180   0x00000006   Code   RO         3128    .ARM.Collect$$_printf_percent$$00000005  c_w.l(_printf_g.o)
    0x08000186   0x08000186   0x00000006   Code   RO         3129    .ARM.Collect$$_printf_percent$$00000006  c_w.l(_printf_a.o)
    0x0800018c   0x0800018c   0x0000000a   Code   RO         3134    .ARM.Collect$$_printf_percent$$00000007  c_w.l(_printf_ll.o)
    0x08000196   0x08000196   0x00000006   Code   RO         3124    .ARM.Collect$$_printf_percent$$00000008  c_w.l(_printf_i.o)
    0x0800019c   0x0800019c   0x00000006   Code   RO         3081    .ARM.Collect$$_printf_percent$$00000009  c_w.l(_printf_d.o)
    0x080001a2   0x080001a2   0x00000006   Code   RO         3125    .ARM.Collect$$_printf_percent$$0000000A  c_w.l(_printf_u.o)
    0x080001a8   0x080001a8   0x00000006   Code   RO         3123    .ARM.Collect$$_printf_percent$$0000000B  c_w.l(_printf_o.o)
    0x080001ae   0x080001ae   0x00000006   Code   RO         3080    .ARM.Collect$$_printf_percent$$0000000C  c_w.l(_printf_x.o)
    0x080001b4   0x080001b4   0x00000006   Code   RO         3131    .ARM.Collect$$_printf_percent$$0000000D  c_w.l(_printf_lli.o)
    0x080001ba   0x080001ba   0x00000006   Code   RO         3132    .ARM.Collect$$_printf_percent$$0000000E  c_w.l(_printf_lld.o)
    0x080001c0   0x080001c0   0x00000006   Code   RO         3133    .ARM.Collect$$_printf_percent$$0000000F  c_w.l(_printf_llu.o)
    0x080001c6   0x080001c6   0x00000006   Code   RO         3138    .ARM.Collect$$_printf_percent$$00000010  c_w.l(_printf_llo.o)
    0x080001cc   0x080001cc   0x00000006   Code   RO         3139    .ARM.Collect$$_printf_percent$$00000011  c_w.l(_printf_llx.o)
    0x080001d2   0x080001d2   0x0000000a   Code   RO         3135    .ARM.Collect$$_printf_percent$$00000012  c_w.l(_printf_l.o)
    0x080001dc   0x080001dc   0x00000006   Code   RO         3078    .ARM.Collect$$_printf_percent$$00000013  c_w.l(_printf_c.o)
    0x080001e2   0x080001e2   0x00000006   Code   RO         3079    .ARM.Collect$$_printf_percent$$00000014  c_w.l(_printf_s.o)
    0x080001e8   0x080001e8   0x00000006   Code   RO         3136    .ARM.Collect$$_printf_percent$$00000015  c_w.l(_printf_lc.o)
    0x080001ee   0x080001ee   0x00000006   Code   RO         3137    .ARM.Collect$$_printf_percent$$00000016  c_w.l(_printf_ls.o)
    0x080001f4   0x080001f4   0x00000004   Code   RO         3130    .ARM.Collect$$_printf_percent$$00000017  c_w.l(_printf_percent_end.o)
    0x080001f8   0x080001f8   0x00000002   Code   RO         3226    .ARM.Collect$$libinit$$00000000  c_w.l(libinit.o)
    0x080001fa   0x080001fa   0x00000000   Code   RO         3243    .ARM.Collect$$libinit$$00000002  c_w.l(libinit2.o)
    0x080001fa   0x080001fa   0x00000000   Code   RO         3245    .ARM.Collect$$libinit$$00000004  c_w.l(libinit2.o)
    0x080001fa   0x080001fa   0x00000000   Code   RO         3248    .ARM.Collect$$libinit$$0000000A  c_w.l(libinit2.o)
    0x080001fa   0x080001fa   0x00000000   Code   RO         3250    .ARM.Collect$$libinit$$0000000C  c_w.l(libinit2.o)
    0x080001fa   0x080001fa   0x00000000   Code   RO         3252    .ARM.Collect$$libinit$$0000000E  c_w.l(libinit2.o)
    0x080001fa   0x080001fa   0x00000006   Code   RO         3253    .ARM.Collect$$libinit$$0000000F  c_w.l(libinit2.o)
    0x08000200   0x08000200   0x00000000   Code   RO         3255    .ARM.Collect$$libinit$$00000011  c_w.l(libinit2.o)
    0x08000200   0x08000200   0x0000000c   Code   RO         3256    .ARM.Collect$$libinit$$00000012  c_w.l(libinit2.o)
    0x0800020c   0x0800020c   0x00000000   Code   RO         3257    .ARM.Collect$$libinit$$00000013  c_w.l(libinit2.o)
    0x0800020c   0x0800020c   0x00000000   Code   RO         3259    .ARM.Collect$$libinit$$00000015  c_w.l(libinit2.o)
    0x0800020c   0x0800020c   0x0000000a   Code   RO         3260    .ARM.Collect$$libinit$$00000016  c_w.l(libinit2.o)
    0x08000216   0x08000216   0x00000000   Code   RO         3261    .ARM.Collect$$libinit$$00000017  c_w.l(libinit2.o)
    0x08000216   0x08000216   0x00000000   Code   RO         3263    .ARM.Collect$$libinit$$00000019  c_w.l(libinit2.o)
    0x08000216   0x08000216   0x00000000   Code   RO         3265    .ARM.Collect$$libinit$$0000001B  c_w.l(libinit2.o)
    0x08000216   0x08000216   0x00000000   Code   RO         3267    .ARM.Collect$$libinit$$0000001D  c_w.l(libinit2.o)
    0x08000216   0x08000216   0x00000000   Code   RO         3269    .ARM.Collect$$libinit$$0000001F  c_w.l(libinit2.o)
    0x08000216   0x08000216   0x00000000   Code   RO         3271    .ARM.Collect$$libinit$$00000021  c_w.l(libinit2.o)
    0x08000216   0x08000216   0x00000000   Code   RO         3273    .ARM.Collect$$libinit$$00000023  c_w.l(libinit2.o)
    0x08000216   0x08000216   0x00000000   Code   RO         3275    .ARM.Collect$$libinit$$00000025  c_w.l(libinit2.o)
    0x08000216   0x08000216   0x00000000   Code   RO         3279    .ARM.Collect$$libinit$$0000002C  c_w.l(libinit2.o)
    0x08000216   0x08000216   0x00000000   Code   RO         3281    .ARM.Collect$$libinit$$0000002E  c_w.l(libinit2.o)
    0x08000216   0x08000216   0x00000000   Code   RO         3283    .ARM.Collect$$libinit$$00000030  c_w.l(libinit2.o)
    0x08000216   0x08000216   0x00000000   Code   RO         3285    .ARM.Collect$$libinit$$00000032  c_w.l(libinit2.o)
    0x08000216   0x08000216   0x00000002   Code   RO         3286    .ARM.Collect$$libinit$$00000033  c_w.l(libinit2.o)
    0x08000218   0x08000218   0x00000002   Code   RO         3304    .ARM.Collect$$libshutdown$$00000000  c_w.l(libshutdown.o)
    0x0800021a   0x0800021a   0x00000000   Code   RO         3314    .ARM.Collect$$libshutdown$$00000002  c_w.l(libshutdown2.o)
    0x0800021a   0x0800021a   0x00000000   Code   RO         3316    .ARM.Collect$$libshutdown$$00000004  c_w.l(libshutdown2.o)
    0x0800021a   0x0800021a   0x00000000   Code   RO         3319    .ARM.Collect$$libshutdown$$00000007  c_w.l(libshutdown2.o)
    0x0800021a   0x0800021a   0x00000000   Code   RO         3322    .ARM.Collect$$libshutdown$$0000000A  c_w.l(libshutdown2.o)
    0x0800021a   0x0800021a   0x00000000   Code   RO         3324    .ARM.Collect$$libshutdown$$0000000C  c_w.l(libshutdown2.o)
    0x0800021a   0x0800021a   0x00000000   Code   RO         3327    .ARM.Collect$$libshutdown$$0000000F  c_w.l(libshutdown2.o)
    0x0800021a   0x0800021a   0x00000002   Code   RO         3328    .ARM.Collect$$libshutdown$$00000010  c_w.l(libshutdown2.o)
    0x0800021c   0x0800021c   0x00000000   Code   RO         3095    .ARM.Collect$$rtentry$$00000000  c_w.l(__rtentry.o)
    0x0800021c   0x0800021c   0x00000000   Code   RO         3149    .ARM.Collect$$rtentry$$00000002  c_w.l(__rtentry2.o)
    0x0800021c   0x0800021c   0x00000006   Code   RO         3161    .ARM.Collect$$rtentry$$00000004  c_w.l(__rtentry4.o)
    0x08000222   0x08000222   0x00000000   Code   RO         3151    .ARM.Collect$$rtentry$$00000009  c_w.l(__rtentry2.o)
    0x08000222   0x08000222   0x00000004   Code   RO         3152    .ARM.Collect$$rtentry$$0000000A  c_w.l(__rtentry2.o)
    0x08000226   0x08000226   0x00000000   Code   RO         3154    .ARM.Collect$$rtentry$$0000000C  c_w.l(__rtentry2.o)
    0x08000226   0x08000226   0x00000008   Code   RO         3155    .ARM.Collect$$rtentry$$0000000D  c_w.l(__rtentry2.o)
    0x0800022e   0x0800022e   0x00000002   Code   RO         3235    .ARM.Collect$$rtexit$$00000000  c_w.l(rtexit.o)
    0x08000230   0x08000230   0x00000000   Code   RO         3288    .ARM.Collect$$rtexit$$00000002  c_w.l(rtexit2.o)
    0x08000230   0x08000230   0x00000004   Code   RO         3289    .ARM.Collect$$rtexit$$00000003  c_w.l(rtexit2.o)
    0x08000234   0x08000234   0x00000006   Code   RO         3290    .ARM.Collect$$rtexit$$00000004  c_w.l(rtexit2.o)
    0x0800023a   0x0800023a   0x00000002   PAD
    0x0800023c   0x0800023c   0x00000040   Code   RO          322    .text               startup_stm32l1xx_md.o
    0x0800027c   0x0800027c   0x00000002   Code   RO         3017    .text               c_w.l(use_no_semi_2.o)
    0x0800027e   0x0800027e   0x00000002   PAD
    0x08000280   0x08000280   0x00000018   Code   RO         3019    .text               c_w.l(printf.o)
    0x08000298   0x08000298   0x00000018   Code   RO         3021    .text               c_w.l(__2printf.o)
    0x080002b0   0x080002b0   0x0000002c   Code   RO         3023    .text               c_w.l(__2sprintf.o)
    0x080002dc   0x080002dc   0x0000004e   Code   RO         3031    .text               c_w.l(_printf_pad.o)
    0x0800032a   0x0800032a   0x00000052   Code   RO         3033    .text               c_w.l(_printf_str.o)
    0x0800037c   0x0800037c   0x00000078   Code   RO         3035    .text               c_w.l(_printf_dec.o)
    0x080003f4   0x080003f4   0x00000094   Code   RO         3055    .text               c_w.l(_printf_hex_int_ll_ptr.o)
    0x08000488   0x08000488   0x00000188   Code   RO         3075    .text               c_w.l(__printf_flags_ss_wp.o)
    0x08000610   0x08000610   0x00000024   Code   RO         3083    .text               c_w.l(strstr.o)
    0x08000634   0x08000634   0x00000044   Code   RO         3085    .text               c_w.l(rt_memclr.o)
    0x08000678   0x08000678   0x0000004e   Code   RO         3087    .text               c_w.l(rt_memclr_w.o)
    0x080006c6   0x080006c6   0x00000006   Code   RO         3089    .text               c_w.l(heapauxi.o)
    0x080006cc   0x080006cc   0x00000002   Code   RO         3093    .text               c_w.l(use_no_semi.o)
    0x080006ce   0x080006ce   0x00000024   Code   RO         3096    .text               c_w.l(_printf_truncate.o)
    0x080006f2   0x080006f2   0x000000b2   Code   RO         3098    .text               c_w.l(_printf_intcommon.o)
    0x080007a4   0x080007a4   0x00000028   Code   RO         3100    .text               c_w.l(_printf_charcount.o)
    0x080007cc   0x080007cc   0x00000030   Code   RO         3102    .text               c_w.l(_printf_char_common.o)
    0x080007fc   0x080007fc   0x0000000a   Code   RO         3104    .text               c_w.l(_sputc.o)
    0x08000806   0x08000806   0x0000002c   Code   RO         3106    .text               c_w.l(_printf_char.o)
    0x08000832   0x08000832   0x00000002   PAD
    0x08000834   0x08000834   0x00000024   Code   RO         3108    .text               c_w.l(_printf_char_file.o)
    0x08000858   0x08000858   0x000000bc   Code   RO         3110    .text               c_w.l(_printf_wctomb.o)
    0x08000914   0x08000914   0x0000007c   Code   RO         3113    .text               c_w.l(_printf_longlong_dec.o)
    0x08000990   0x08000990   0x00000070   Code   RO         3119    .text               c_w.l(_printf_oct_int_ll.o)
    0x08000a00   0x08000a00   0x0000008a   Code   RO         3163    .text               c_w.l(lludiv10.o)
    0x08000a8a   0x08000a8a   0x0000041e   Code   RO         3165    .text               c_w.l(_printf_fp_dec.o)
    0x08000ea8   0x08000ea8   0x000002fc   Code   RO         3167    .text               c_w.l(_printf_fp_hex.o)
    0x080011a4   0x080011a4   0x0000002c   Code   RO         3172    .text               c_w.l(_printf_wchar.o)
    0x080011d0   0x080011d0   0x00000008   Code   RO         3174    .text               c_w.l(ferror.o)
    0x080011d8   0x080011d8   0x00000040   Code   RO         3178    .text               c_w.l(_wcrtomb.o)
    0x08001218   0x08001218   0x0000004a   Code   RO         3180    .text               c_w.l(sys_stackheap_outer.o)
    0x08001262   0x08001262   0x00000002   PAD
    0x08001264   0x08001264   0x00000010   Code   RO         3182    .text               c_w.l(rt_ctype_table.o)
    0x08001274   0x08001274   0x00000008   Code   RO         3187    .text               c_w.l(rt_locale_intlibspace.o)
    0x0800127c   0x0800127c   0x00000080   Code   RO         3189    .text               c_w.l(_printf_fp_infnan.o)
    0x080012fc   0x080012fc   0x000000e4   Code   RO         3191    .text               c_w.l(bigflt0.o)
    0x080013e0   0x080013e0   0x00000012   Code   RO         3219    .text               c_w.l(exit.o)
    0x080013f2   0x080013f2   0x00000002   PAD
    0x080013f4   0x080013f4   0x00000008   Code   RO         3232    .text               c_w.l(libspace.o)
    0x080013fc   0x080013fc   0x00000080   Code   RO         3240    .text               c_w.l(strcmpv7m.o)
    0x0800147c   0x0800147c   0x0000003e   Code   RO         3194    CL$$btod_d2e        c_w.l(btod.o)
    0x080014ba   0x080014ba   0x00000046   Code   RO         3196    CL$$btod_d2e_denorm_low  c_w.l(btod.o)
    0x08001500   0x08001500   0x00000060   Code   RO         3195    CL$$btod_d2e_norm_op1  c_w.l(btod.o)
    0x08001560   0x08001560   0x00000338   Code   RO         3204    CL$$btod_div_common  c_w.l(btod.o)
    0x08001898   0x08001898   0x000000dc   Code   RO         3201    CL$$btod_e2e        c_w.l(btod.o)
    0x08001974   0x08001974   0x0000002a   Code   RO         3198    CL$$btod_ediv       c_w.l(btod.o)
    0x0800199e   0x0800199e   0x0000002a   Code   RO         3197    CL$$btod_emul       c_w.l(btod.o)
    0x080019c8   0x080019c8   0x00000244   Code   RO         3203    CL$$btod_mult_common  c_w.l(btod.o)
    0x08001c0c   0x08001c0c   0x000001b4   Code   RO          872    i.BC28_ConTCP       bc28.o
    0x08001dc0   0x08001dc0   0x000003a0   Code   RO          873    i.BC28_Init         bc28.o
    0x08002160   0x08002160   0x000000a4   Code   RO          875    i.BC28_RECData      bc28.o
    0x08002204   0x08002204   0x00000094   Code   RO          876    i.BC28_Senddata     bc28.o
    0x08002298   0x08002298   0x00000004   Code   RO          236    i.BusFault_Handler  stm32l1xx_it.o
    0x0800229c   0x0800229c   0x00000028   Code   RO          877    i.Clear_Buffer      bc28.o
    0x080022c4   0x080022c4   0x00000002   Code   RO          237    i.DebugMon_Handler  stm32l1xx_it.o
    0x080022c6   0x080022c6   0x0000002a   Code   RO          546    i.EXTI0_IRQHandler  exti.o
    0x080022f0   0x080022f0   0x00000060   Code   RO          547    i.EXTI1_IRQHandler  exti.o
    0x08002350   0x08002350   0x0000000c   Code   RO         2804    i.EXTI_ClearITPendingBit  stm32l1xx_exti.o
    0x0800235c   0x0800235c   0x00000018   Code   RO         2808    i.EXTI_GetITStatus  stm32l1xx_exti.o
    0x08002374   0x08002374   0x00000094   Code   RO         2809    i.EXTI_Init         stm32l1xx_exti.o
    0x08002408   0x08002408   0x00000084   Code   RO         1552    i.GPIO_Init         stm32l1xx_gpio.o
    0x0800248c   0x0800248c   0x00000046   Code   RO         1553    i.GPIO_PinAFConfig  stm32l1xx_gpio.o
    0x080024d2   0x080024d2   0x00000004   Code   RO         1559    i.GPIO_ResetBits    stm32l1xx_gpio.o
    0x080024d6   0x080024d6   0x00000004   Code   RO          238    i.HardFault_Handler  stm32l1xx_it.o
    0x080024da   0x080024da   0x00000004   Code   RO          239    i.MemManage_Handler  stm32l1xx_it.o
    0x080024de   0x080024de   0x00000002   Code   RO          240    i.NMI_Handler       stm32l1xx_it.o
    0x080024e0   0x080024e0   0x00000078   Code   RO          951    i.NVIC_Init         misc.o
    0x08002558   0x08002558   0x00000014   Code   RO          952    i.NVIC_PriorityGroupConfig  misc.o
    0x0800256c   0x0800256c   0x00000040   Code   RO         1721    i.PWR_EnterSTOPMode  stm32l1xx_pwr.o
    0x080025ac   0x080025ac   0x0000000c   Code   RO         1728    i.PWR_UltraLowPowerCmd  stm32l1xx_pwr.o
    0x080025b8   0x080025b8   0x00000002   Code   RO          241    i.PendSV_Handler    stm32l1xx_it.o
    0x080025ba   0x080025ba   0x00000002   PAD
    0x080025bc   0x080025bc   0x00000020   Code   RO         1815    i.RCC_AHBPeriphClockCmd  stm32l1xx_rcc.o
    0x080025dc   0x080025dc   0x00000020   Code   RO         1818    i.RCC_APB1PeriphClockCmd  stm32l1xx_rcc.o
    0x080025fc   0x080025fc   0x00000020   Code   RO         1820    i.RCC_APB1PeriphResetCmd  stm32l1xx_rcc.o
    0x0800261c   0x0800261c   0x00000020   Code   RO         1821    i.RCC_APB2PeriphClockCmd  stm32l1xx_rcc.o
    0x0800263c   0x0800263c   0x00000020   Code   RO         1823    i.RCC_APB2PeriphResetCmd  stm32l1xx_rcc.o
    0x0800265c   0x0800265c   0x00000100   Code   RO         1830    i.RCC_GetClocksFreq  stm32l1xx_rcc.o
    0x0800275c   0x0800275c   0x00000010   Code   RO         1833    i.RCC_GetSYSCLKSource  stm32l1xx_rcc.o
    0x0800276c   0x0800276c   0x00000028   Code   RO          591    i.SPI1_SetSpeed     spi.o
    0x08002794   0x08002794   0x00000018   Code   RO         2870    i.SPI_Cmd           stm32l1xx_spi.o
    0x080027ac   0x080027ac   0x00000006   Code   RO         2874    i.SPI_I2S_ClearFlag  stm32l1xx_spi.o
    0x080027b2   0x080027b2   0x00000012   Code   RO         2878    i.SPI_I2S_GetFlagStatus  stm32l1xx_spi.o
    0x080027c4   0x080027c4   0x00000006   Code   RO         2881    i.SPI_I2S_ReceiveData  stm32l1xx_spi.o
    0x080027ca   0x080027ca   0x00000004   Code   RO         2882    i.SPI_I2S_SendData  stm32l1xx_spi.o
    0x080027ce   0x080027ce   0x0000003c   Code   RO         2883    i.SPI_Init          stm32l1xx_spi.o
    0x0800280a   0x0800280a   0x00000002   Code   RO          242    i.SVC_Handler       stm32l1xx_it.o
    0x0800280c   0x0800280c   0x00000040   Code   RO         2402    i.SYSCFG_EXTILineConfig  stm32l1xx_syscfg.o
    0x0800284c   0x0800284c   0x00000110   Code   RO            3    i.SetSysClock       system_stm32l1xx.o
    0x0800295c   0x0800295c   0x00000028   Code   RO          955    i.SysTick_CLKSourceConfig  misc.o
    0x08002984   0x08002984   0x00000002   Code   RO          243    i.SysTick_Handler   stm32l1xx_it.o
    0x08002986   0x08002986   0x00000002   PAD
    0x08002988   0x08002988   0x00000068   Code   RO            5    i.SystemInit        system_stm32l1xx.o
    0x080029f0   0x080029f0   0x0000003c   Code   RO          398    i.USART1_IRQHandler  usart.o
    0x08002a2c   0x08002a2c   0x00000050   Code   RO          399    i.USART2_IRQHandler  usart.o
    0x08002a7c   0x08002a7c   0x00000012   Code   RO         2493    i.USART_ClearFlag   stm32l1xx_usart.o
    0x08002a8e   0x08002a8e   0x0000001e   Code   RO         2494    i.USART_ClearITPendingBit  stm32l1xx_usart.o
    0x08002aac   0x08002aac   0x00000018   Code   RO         2497    i.USART_Cmd         stm32l1xx_usart.o
    0x08002ac4   0x08002ac4   0x0000009c   Code   RO         2499    i.USART_DeInit      stm32l1xx_usart.o
    0x08002b60   0x08002b60   0x0000001a   Code   RO         2500    i.USART_GetFlagStatus  stm32l1xx_usart.o
    0x08002b7a   0x08002b7a   0x00000054   Code   RO         2501    i.USART_GetITStatus  stm32l1xx_usart.o
    0x08002bce   0x08002bce   0x0000004a   Code   RO         2503    i.USART_ITConfig    stm32l1xx_usart.o
    0x08002c18   0x08002c18   0x000000cc   Code   RO         2504    i.USART_Init        stm32l1xx_usart.o
    0x08002ce4   0x08002ce4   0x0000000a   Code   RO         2511    i.USART_ReceiveData  stm32l1xx_usart.o
    0x08002cee   0x08002cee   0x00000002   PAD
    0x08002cf0   0x08002cf0   0x00000028   Code   RO          400    i.Uart2_SendStr     usart.o
    0x08002d18   0x08002d18   0x00000004   Code   RO          244    i.UsageFault_Handler  stm32l1xx_it.o
    0x08002d1c   0x08002d1c   0x00000028   Code   RO         3230    i.__ARM_fpclassify  m_ws.l(fpclassify.o)
    0x08002d44   0x08002d44   0x0000000e   Code   RO         3068    i._is_digit         c_w.l(__printf_wp.o)
    0x08002d52   0x08002d52   0x00000006   Code   RO          401    i._sys_exit         usart.o
    0x08002d58   0x08002d58   0x00000018   Code   RO          645    i.arm_read_ext_reg  fm17550.o
    0x08002d70   0x08002d70   0x00000022   Code   RO          646    i.arm_write_ext_reg  fm17550.o
    0x08002d92   0x08002d92   0x00000002   PAD
    0x08002d94   0x08002d94   0x00000084   Code   RO          491    i.bsp_init          process_task.o
    0x08002e18   0x08002e18   0x0000003e   Code   RO          796    i.calibra_read_adcresult  lpcd.o
    0x08002e56   0x08002e56   0x00000022   Code   RO          647    i.clear_bit_mask    fm17550.o
    0x08002e78   0x08002e78   0x00000022   Code   RO          648    i.clear_ext_bitmask  fm17550.o
    0x08002e9a   0x08002e9a   0x0000001a   Code   RO          649    i.clear_fifo        fm17550.o
    0x08002eb4   0x08002eb4   0x00000044   Code   RO          364    i.delay_init        delay.o
    0x08002ef8   0x08002ef8   0x0000004c   Code   RO          365    i.delay_ms          delay.o
    0x08002f44   0x08002f44   0x0000004c   Code   RO          366    i.delay_us          delay.o
    0x08002f90   0x08002f90   0x000000dc   Code   RO          549    i.exti_init         exti.o
    0x0800306c   0x0800306c   0x00000030   Code   RO          797    i.fm17500_hard_powerdown  lpcd.o
    0x0800309c   0x0800309c   0x00000028   Code   RO          652    i.fm17550_hard_reset  fm17550.o
    0x080030c4   0x080030c4   0x00000020   Code   RO          653    i.fm17550_hardpowerdown  fm17550.o
    0x080030e4   0x080030e4   0x0000001c   Code   RO          402    i.fputc             usart.o
    0x08003100   0x08003100   0x000000d8   Code   RO          656    i.get_uid           fm17550.o
    0x080031d8   0x080031d8   0x00000124   Code   RO          494    i.into_stop_mode_init  process_task.o
    0x080032fc   0x080032fc   0x00000044   Code   RO          798    i.lpcd_auto_wakeup_irq_handler  lpcd.o
    0x08003340   0x08003340   0x000000b8   Code   RO          495    i.lpcd_func         process_task.o
    0x080033f8   0x080033f8   0x000003f0   Code   RO          800    i.lpcd_init_calibra  lpcd.o
    0x080037e8   0x080037e8   0x00000108   Code   RO          801    i.lpcd_param_init   lpcd.o
    0x080038f0   0x080038f0   0x000000dc   Code   RO          802    i.lpcd_reg_init     lpcd.o
    0x080039cc   0x080039cc   0x000002a8   Code   RO          138    i.main              main.o
    0x08003c74   0x08003c74   0x00000030   Code   RO          403    i.nbiot_receive_process_event  usart.o
    0x08003ca4   0x08003ca4   0x00000098   Code   RO          657    i.pcd_command       fm17550.o
    0x08003d3c   0x08003d3c   0x00000092   Code   RO          658    i.pcd_configiso_type  fm17550.o
    0x08003dce   0x08003dce   0x0000003a   Code   RO          803    i.read_lpcd_adcresult  lpcd.o
    0x08003e08   0x08003e08   0x00000024   Code   RO          662    i.set_bit_mask      fm17550.o
    0x08003e2c   0x08003e2c   0x0000007a   Code   RO          665    i.set_rf            fm17550.o
    0x08003ea6   0x08003ea6   0x00000002   PAD
    0x08003ea8   0x08003ea8   0x00000070   Code   RO          592    i.spi1_hard_read_reg  spi.o
    0x08003f18   0x08003f18   0x0000006c   Code   RO          593    i.spi1_hard_write_reg  spi.o
    0x08003f84   0x08003f84   0x000000fc   Code   RO          594    i.spi1_init         spi.o
    0x08004080   0x08004080   0x000000ac   Code   RO          595    i.spi1_read_fifo    spi.o
    0x0800412c   0x0800412c   0x00000074   Code   RO          596    i.spi1_write_fifo   spi.o
    0x080041a0   0x080041a0   0x00000084   Code   RO          666    i.type_A_request    fm17550.o
    0x08004224   0x08004224   0x000000d4   Code   RO          404    i.uart1_init        usart.o
    0x080042f8   0x080042f8   0x000000d4   Code   RO          405    i.uart2_init        usart.o
    0x080043cc   0x080043cc   0x0000004c   Code   RO          804    i.wait_for_lpcdirq  lpcd.o
    0x08004418   0x08004418   0x0000002c   Code   RO         3217    locale$$code        c_w.l(lc_numeric_c.o)
    0x08004444   0x08004444   0x0000002c   Code   RO         3238    locale$$code        c_w.l(lc_ctype_c.o)
    0x08004470   0x08004470   0x00000004   Code   RO         3140    x$fpl$printf1       fz_ws.l(printf1.o)
    0x08004474   0x08004474   0x00000004   Code   RO         3142    x$fpl$printf2       fz_ws.l(printf2.o)
    0x08004478   0x08004478   0x00000000   Code   RO         3229    x$fpl$usenofp       fz_ws.l(usenofp.o)
    0x08004478   0x08004478   0x00000028   Data   RO         3056    .constdata          c_w.l(_printf_hex_int_ll_ptr.o)
    0x080044a0   0x080044a0   0x00000011   Data   RO         3076    .constdata          c_w.l(__printf_flags_ss_wp.o)
    0x080044b1   0x080044b1   0x00000003   PAD
    0x080044b4   0x080044b4   0x00000008   Data   RO         3111    .constdata          c_w.l(_printf_wctomb.o)
    0x080044bc   0x080044bc   0x00000026   Data   RO         3168    .constdata          c_w.l(_printf_fp_hex.o)
    0x080044e2   0x080044e2   0x00000002   PAD
    0x080044e4   0x080044e4   0x00000094   Data   RO         3192    .constdata          c_w.l(bigflt0.o)
    0x08004578   0x08004578   0x00000057   Data   RO          140    .conststring        main.o
    0x080045cf   0x080045cf   0x00000001   PAD
    0x080045d0   0x080045d0   0x00000020   Data   RO         3360    Region$$Table       anon$$obj.o
    0x080045f0   0x080045f0   0x0000001c   Data   RO         3216    locale$$data        c_w.l(lc_numeric_c.o)
    0x0800460c   0x0800460c   0x00000110   Data   RO         3237    locale$$data        c_w.l(lc_ctype_c.o)


    Execution Region RW_IRAM1 (Exec base: 0x20000000, Load base: 0x0800471c, Size: 0x00000cb8, Max: 0x00002800, ABSOLUTE)

    Exec Addr    Load Addr    Size         Type   Attr      Idx    E Section Name        Object

    0x20000000   0x0800471c   0x0000001d   Data   RW            6    .data               system_stm32l1xx.o
    0x2000001d   0x08004739   0x00000003   PAD
    0x20000020   0x0800473c   0x00000014   Data   RW          141    .data               main.o
    0x20000034   0x08004750   0x00000004   Data   RW          367    .data               delay.o
    0x20000038   0x08004754   0x0000000a   Data   RW          407    .data               usart.o
    0x20000042   0x0800475e   0x00000002   Data   RW          550    .data               exti.o
    0x20000044   0x08004760   0x0000000d   Data   RW          806    .data               lpcd.o
    0x20000051   0x0800476d   0x00000003   PAD
    0x20000054   0x08004770   0x00000010   Data   RW          879    .data               bc28.o
    0x20000064   0x08004780   0x00000019   Data   RW         1853    .data               stm32l1xx_rcc.o
    0x2000007d   0x08004799   0x00000003   PAD
    0x20000080        -       0x0000045c   Zero   RW          406    .bss                usart.o
    0x200004dc        -       0x0000017b   Zero   RW          878    .bss                bc28.o
    0x20000657   0x08004799   0x00000001   PAD
    0x20000658        -       0x00000060   Zero   RW         3233    .bss                c_w.l(libspace.o)
    0x200006b8        -       0x00000200   Zero   RW          320    HEAP                startup_stm32l1xx_md.o
    0x200008b8        -       0x00000400   Zero   RW          319    STACK               startup_stm32l1xx_md.o


==============================================================================

Image component sizes


      Code (inc. data)   RO Data    RW Data    ZI Data      Debug   Object Name

      1716        576          0         16        379       4253   bc28.o
       220         26          0          4          0       1827   delay.o
       358         14          0          2          0       2042   exti.o
      1028         46          0          0          0       8968   fm17550.o
      1804        350          0         13          0       6697   lpcd.o
       680        262         87         20          0     191916   main.o
       180         24          0          0          0       2101   misc.o
       608        166          0          0          0       1833   process_task.o
       800         50          0          0          0       3878   spi.o
        64         26        244          0       1536        812   startup_stm32l1xx_md.o
       184         16          0          0          0       2116   stm32l1xx_exti.o
       206          0          0          0          0       2380   stm32l1xx_gpio.o
        26          0          0          0          0       3774   stm32l1xx_it.o
        76         16          0          0          0       1123   stm32l1xx_pwr.o
       432         58          0         25          0       5930   stm32l1xx_rcc.o
       118          0          0          0          0       3806   stm32l1xx_spi.o
        64          4          0          0          0        616   stm32l1xx_syscfg.o
       626         28          0          0          0       6567   stm32l1xx_usart.o
       376         30          0         29          0      34593   system_stm32l1xx.o
       686         50          0         10       1116       7336   usart.o

    ----------------------------------------------------------------------
     10262       1742        364        128       3032     292568   Object Totals
         0          0         32          0          0          0   (incl. Generated)
        10          0          1          9          1          0   (incl. Padding)

    ----------------------------------------------------------------------

      Code (inc. data)   RO Data    RW Data    ZI Data      Debug   Library Member Name

        24          4          0          0          0         84   __2printf.o
        44          6          0          0          0         84   __2sprintf.o
         8          0          0          0          0         68   __main.o
       392          4         17          0          0         92   __printf_flags_ss_wp.o
        14          0          0          0          0         68   __printf_wp.o
         0          0          0          0          0          0   __rtentry.o
        12          0          0          0          0          0   __rtentry2.o
         6          0          0          0          0          0   __rtentry4.o
        52          8          0          0          0          0   __scatter.o
        26          0          0          0          0          0   __scatter_copy.o
        28          0          0          0          0          0   __scatter_zi.o
         6          0          0          0          0          0   _printf_a.o
         6          0          0          0          0          0   _printf_c.o
        44          0          0          0          0        108   _printf_char.o
        48          6          0          0          0         96   _printf_char_common.o
        36          4          0          0          0         80   _printf_char_file.o
        40          0          0          0          0         68   _printf_charcount.o
         6          0          0          0          0          0   _printf_d.o
       120         16          0          0          0         92   _printf_dec.o
         6          0          0          0          0          0   _printf_e.o
         6          0          0          0          0          0   _printf_f.o
      1054          0          0          0          0        216   _printf_fp_dec.o
       764          8         38          0          0        100   _printf_fp_hex.o
       128         16          0          0          0         84   _printf_fp_infnan.o
         6          0          0          0          0          0   _printf_g.o
       148          4         40          0          0        160   _printf_hex_int_ll_ptr.o
         6          0          0          0          0          0   _printf_i.o
       178          0          0          0          0         88   _printf_intcommon.o
        10          0          0          0          0          0   _printf_l.o
         6          0          0          0          0          0   _printf_lc.o
        10          0          0          0          0          0   _printf_ll.o
         6          0          0          0          0          0   _printf_lld.o
         6          0          0          0          0          0   _printf_lli.o
         6          0          0          0          0          0   _printf_llo.o
         6          0          0          0          0          0   _printf_llu.o
         6          0          0          0          0          0   _printf_llx.o
       124         16          0          0          0         92   _printf_longlong_dec.o
         6          0          0          0          0          0   _printf_ls.o
         6          0          0          0          0          0   _printf_n.o
         6          0          0          0          0          0   _printf_o.o
       112         10          0          0          0        124   _printf_oct_int_ll.o
         6          0          0          0          0          0   _printf_p.o
        78          0          0          0          0        108   _printf_pad.o
         0          0          0          0          0          0   _printf_percent.o
         4          0          0          0          0          0   _printf_percent_end.o
         6          0          0          0          0          0   _printf_s.o
        82          0          0          0          0         80   _printf_str.o
        36          0          0          0          0         84   _printf_truncate.o
         6          0          0          0          0          0   _printf_u.o
        44          0          0          0          0        108   _printf_wchar.o
       188          6          8          0          0         92   _printf_wctomb.o
         6          0          0          0          0          0   _printf_x.o
        10          0          0          0          0         68   _sputc.o
        64          0          0          0          0         92   _wcrtomb.o
       228          4        148          0          0         96   bigflt0.o
      1936        128          0          0          0        672   btod.o
        18          0          0          0          0         80   exit.o
         8          0          0          0          0         68   ferror.o
         6          0          0          0          0        152   heapauxi.o
        44         10        272          0          0         76   lc_ctype_c.o
        44         10         28          0          0         76   lc_numeric_c.o
         2          0          0          0          0          0   libinit.o
        30          0          0          0          0          0   libinit2.o
         2          0          0          0          0          0   libshutdown.o
         2          0          0          0          0          0   libshutdown2.o
         8          4          0          0         96         68   libspace.o
       138          0          0          0          0         80   lludiv10.o
        24          4          0          0          0         84   printf.o
        16          4          0          0          0         76   rt_ctype_table.o
         8          4          0          0          0         68   rt_locale_intlibspace.o
        68          0          0          0          0         68   rt_memclr.o
        78          0          0          0          0         80   rt_memclr_w.o
         2          0          0          0          0          0   rtexit.o
        10          0          0          0          0          0   rtexit2.o
       128          0          0          0          0         68   strcmpv7m.o
        36          0          0          0          0         80   strstr.o
        74          0          0          0          0         80   sys_stackheap_outer.o
         2          0          0          0          0         68   use_no_semi.o
         2          0          0          0          0         68   use_no_semi_2.o
         4          0          0          0          0         68   printf1.o
         4          0          0          0          0         68   printf2.o
         0          0          0          0          0          0   usenofp.o
        40          0          0          0          0         68   fpclassify.o

    ----------------------------------------------------------------------
      7022        276        556          0         96       4648   Library Totals
        12          0          5          0          0          0   (incl. Padding)

    ----------------------------------------------------------------------

      Code (inc. data)   RO Data    RW Data    ZI Data      Debug   Library Name

      6962        276        551          0         96       4444   c_w.l
         8          0          0          0          0        136   fz_ws.l
        40          0          0          0          0         68   m_ws.l

    ----------------------------------------------------------------------
      7022        276        556          0         96       4648   Library Totals

    ----------------------------------------------------------------------

==============================================================================


      Code (inc. data)   RO Data    RW Data    ZI Data      Debug   

     17284       2018        920        128       3128     289932   Grand Totals
     17284       2018        920        128       3128     289932   ELF Image Totals
     17284       2018        920        128          0          0   ROM Totals

==============================================================================

    Total RO  Size (Code + RO Data)                18204 (  17.78kB)
    Total RW  Size (RW Data + ZI Data)              3256 (   3.18kB)
    Total ROM Size (Code + RO Data + RW Data)      18332 (  17.90kB)

==============================================================================

